
Discarded input sections

 .group         0x0000000000000000        0xc /home/ahyy/Drone/Flow/Build/px4flow-v1_default.build//home/ahyy/Drone/Flow/Build/px4flow-v1_default.build/empty.c.o
 .text          0x0000000000000000        0x0 /home/ahyy/Drone/Flow/Build/px4flow-v1_default.build//home/ahyy/Drone/Flow/Build/px4flow-v1_default.build/empty.c.o
 .data          0x0000000000000000        0x0 /home/ahyy/Drone/Flow/Build/px4flow-v1_default.build//home/ahyy/Drone/Flow/Build/px4flow-v1_default.build/empty.c.o
 .bss           0x0000000000000000        0x0 /home/ahyy/Drone/Flow/Build/px4flow-v1_default.build//home/ahyy/Drone/Flow/Build/px4flow-v1_default.build/empty.c.o
 .debug_info    0x0000000000000000       0x21 /home/ahyy/Drone/Flow/Build/px4flow-v1_default.build//home/ahyy/Drone/Flow/Build/px4flow-v1_default.build/empty.c.o
 .debug_abbrev  0x0000000000000000       0x13 /home/ahyy/Drone/Flow/Build/px4flow-v1_default.build//home/ahyy/Drone/Flow/Build/px4flow-v1_default.build/empty.c.o
 .debug_aranges
                0x0000000000000000       0x18 /home/ahyy/Drone/Flow/Build/px4flow-v1_default.build//home/ahyy/Drone/Flow/Build/px4flow-v1_default.build/empty.c.o
 .debug_macro   0x0000000000000000       0x11 /home/ahyy/Drone/Flow/Build/px4flow-v1_default.build//home/ahyy/Drone/Flow/Build/px4flow-v1_default.build/empty.c.o
 .debug_macro   0x0000000000000000      0xa6c /home/ahyy/Drone/Flow/Build/px4flow-v1_default.build//home/ahyy/Drone/Flow/Build/px4flow-v1_default.build/empty.c.o
 .debug_line    0x0000000000000000       0x5d /home/ahyy/Drone/Flow/Build/px4flow-v1_default.build//home/ahyy/Drone/Flow/Build/px4flow-v1_default.build/empty.c.o
 .debug_str     0x0000000000000000     0x2e03 /home/ahyy/Drone/Flow/Build/px4flow-v1_default.build//home/ahyy/Drone/Flow/Build/px4flow-v1_default.build/empty.c.o
 .comment       0x0000000000000000       0x7f /home/ahyy/Drone/Flow/Build/px4flow-v1_default.build//home/ahyy/Drone/Flow/Build/px4flow-v1_default.build/empty.c.o
 .ARM.attributes
                0x0000000000000000       0x35 /home/ahyy/Drone/Flow/Build/px4flow-v1_default.build//home/ahyy/Drone/Flow/Build/px4flow-v1_default.build/empty.c.o
 .group         0x0000000000000000        0xc /home/ahyy/Drone/Flow/Build/px4flow-v1_default.build//home/ahyy/Drone/Flow/src/drivers/boards/px4flow-v1/module.pre.o
 .group         0x0000000000000000        0xc /home/ahyy/Drone/Flow/Build/px4flow-v1_default.build//home/ahyy/Drone/Flow/src/drivers/boards/px4flow-v1/module.pre.o
 .group         0x0000000000000000        0xc /home/ahyy/Drone/Flow/Build/px4flow-v1_default.build//home/ahyy/Drone/Flow/src/drivers/boards/px4flow-v1/module.pre.o
 .group         0x0000000000000000        0xc /home/ahyy/Drone/Flow/Build/px4flow-v1_default.build//home/ahyy/Drone/Flow/src/drivers/boards/px4flow-v1/module.pre.o
 .group         0x0000000000000000        0xc /home/ahyy/Drone/Flow/Build/px4flow-v1_default.build//home/ahyy/Drone/Flow/src/drivers/boards/px4flow-v1/module.pre.o
 .group         0x0000000000000000        0xc /home/ahyy/Drone/Flow/Build/px4flow-v1_default.build//home/ahyy/Drone/Flow/src/drivers/boards/px4flow-v1/module.pre.o
 .group         0x0000000000000000        0xc /home/ahyy/Drone/Flow/Build/px4flow-v1_default.build//home/ahyy/Drone/Flow/src/drivers/boards/px4flow-v1/module.pre.o
 .group         0x0000000000000000        0xc /home/ahyy/Drone/Flow/Build/px4flow-v1_default.build//home/ahyy/Drone/Flow/src/drivers/boards/px4flow-v1/module.pre.o
 .group         0x0000000000000000        0xc /home/ahyy/Drone/Flow/Build/px4flow-v1_default.build//home/ahyy/Drone/Flow/src/drivers/boards/px4flow-v1/module.pre.o
 .group         0x0000000000000000        0xc /home/ahyy/Drone/Flow/Build/px4flow-v1_default.build//home/ahyy/Drone/Flow/src/drivers/boards/px4flow-v1/module.pre.o
 .group         0x0000000000000000        0xc /home/ahyy/Drone/Flow/Build/px4flow-v1_default.build//home/ahyy/Drone/Flow/src/drivers/boards/px4flow-v1/module.pre.o
 .group         0x0000000000000000        0xc /home/ahyy/Drone/Flow/Build/px4flow-v1_default.build//home/ahyy/Drone/Flow/src/drivers/boards/px4flow-v1/module.pre.o
 .group         0x0000000000000000        0xc /home/ahyy/Drone/Flow/Build/px4flow-v1_default.build//home/ahyy/Drone/Flow/src/drivers/boards/px4flow-v1/module.pre.o
 .group         0x0000000000000000        0xc /home/ahyy/Drone/Flow/Build/px4flow-v1_default.build//home/ahyy/Drone/Flow/src/drivers/boards/px4flow-v1/module.pre.o
 .group         0x0000000000000000        0xc /home/ahyy/Drone/Flow/Build/px4flow-v1_default.build//home/ahyy/Drone/Flow/src/drivers/boards/px4flow-v1/module.pre.o
 .group         0x0000000000000000        0xc /home/ahyy/Drone/Flow/Build/px4flow-v1_default.build//home/ahyy/Drone/Flow/src/drivers/boards/px4flow-v1/module.pre.o
 .group         0x0000000000000000        0xc /home/ahyy/Drone/Flow/Build/px4flow-v1_default.build//home/ahyy/Drone/Flow/src/drivers/boards/px4flow-v1/module.pre.o
[...]
Memory Configuration

Name             Origin             Length             Attributes
FLASH            0x0000000008004000 0x00000000000fc000 xr
RAM              0x0000000020000000 0x0000000000020000 xrw
CCM              0x0000000010000000 0x0000000000010000 xrw
*default*        0x0000000000000000 0xffffffffffffffff

Linker script and memory map

                0x0000000020020000                _estack = 0x20020000
                0x0000000000000000                _Min_Heap_Size = 0x0
                0x0000000000000400                _Min_Stack_Size = 0x400

.isr_vector     0x0000000008004000      0x188
                0x0000000008004000                . = ALIGN (0x4)
 *(.isr_vector)
 .isr_vector    0x0000000008004000      0x188 /home/ahyy/Drone/Flow/Build/px4flow-v1_default.build//home/ahyy/Drone/Flow/src/modules/flow/module.pre.o
                0x0000000008004000                g_pfnVectors
                0x0000000008004188                . = ALIGN (0x4)

.text           0x0000000008004188     0xc9c4
                0x0000000008004188                . = ALIGN (0x4)
 *(.text)
 *(.text*)
 .text.Reset_Handler
                0x0000000008004188       0x48 /home/ahyy/Drone/Flow/Build/px4flow-v1_default.build//home/ahyy/Drone/Flow/src/modules/flow/module.pre.o
                0x0000000008004188                Reset_Handler
 .text.Default_Handler
                0x00000000080041d0        0x2 /home/ahyy/Drone/Flow/Build/px4flow-v1_default.build//home/ahyy/Drone/Flow/src/modules/flow/module.pre.o
                0x00000000080041d0                RTC_Alarm_IRQHandler
                0x00000000080041d0                HASH_RNG_IRQHandler
                0x00000000080041d0                EXTI2_IRQHandler
                0x00000000080041d0                TIM8_CC_IRQHandler
                0x00000000080041d0                TIM1_CC_IRQHandler
                0x00000000080041d0                DMA2_Stream5_IRQHandler
                0x00000000080041d0                DMA1_Stream5_IRQHandler
                0x00000000080041d0                PVD_IRQHandler
                0x00000000080041d0                SDIO_IRQHandler
                0x00000000080041d0                TAMP_STAMP_IRQHandler
                0x00000000080041d0                CAN2_RX1_IRQHandler
                0x00000000080041d0                EXTI3_IRQHandler
                0x00000000080041d0                TIM8_TRG_COM_TIM14_IRQHandler
                0x00000000080041d0                TIM1_UP_TIM10_IRQHandler
                0x00000000080041d0                TIM8_UP_TIM13_IRQHandler
                0x00000000080041d0                I2C3_ER_IRQHandler
                0x00000000080041d0                EXTI0_IRQHandler
                0x00000000080041d0                I2C2_EV_IRQHandler
                0x00000000080041d0                DMA1_Stream2_IRQHandler
                0x00000000080041d0                CAN1_RX0_IRQHandler
                0x00000000080041d0                FPU_IRQHandler
                0x00000000080041d0                OTG_HS_WKUP_IRQHandler
                0x00000000080041d0                CAN2_SCE_IRQHandler
                0x00000000080041d0                DMA2_Stream2_IRQHandler
                0x00000000080041d0                SPI1_IRQHandler
                0x00000000080041d0                TIM6_DAC_IRQHandler
                0x00000000080041d0                TIM1_BRK_TIM9_IRQHandler
                0x00000000080041d0                CAN2_RX0_IRQHandler
                0x00000000080041d0                DMA2_Stream3_IRQHandler
                0x00000000080041d0                USART6_IRQHandler
                0x00000000080041d0                CRYP_IRQHandler
                0x00000000080041d0                CAN1_RX1_IRQHandler
                0x00000000080041d0                UART5_IRQHandler
                0x00000000080041d0                DMA2_Stream0_IRQHandler
                0x00000000080041d0                TIM4_IRQHandler
                0x00000000080041d0                DMA1_Stream6_IRQHandler
                0x00000000080041d0                DMA1_Stream1_IRQHandler
                0x00000000080041d0                TIM3_IRQHandler
                0x00000000080041d0                RCC_IRQHandler
                0x00000000080041d0                TIM8_BRK_TIM12_IRQHandler
                0x00000000080041d0                Default_Handler
                0x00000000080041d0                EXTI15_10_IRQHandler
                0x00000000080041d0                ADC_IRQHandler
                0x00000000080041d0                DMA1_Stream7_IRQHandler
                0x00000000080041d0                TIM7_IRQHandler
                0x00000000080041d0                CAN2_TX_IRQHandler
                0x00000000080041d0                TIM5_IRQHandler
                0x00000000080041d0                DMA2_Stream7_IRQHandler
                0x00000000080041d0                I2C3_EV_IRQHandler
                0x00000000080041d0                EXTI9_5_IRQHandler
                0x00000000080041d0                RTC_WKUP_IRQHandler
                0x00000000080041d0                ETH_WKUP_IRQHandler
                0x00000000080041d0                SPI2_IRQHandler
                0x00000000080041d0                OTG_HS_EP1_IN_IRQHandler
                0x00000000080041d0                DMA1_Stream0_IRQHandler
                0x00000000080041d0                CAN1_TX_IRQHandler
                0x00000000080041d0                EXTI4_IRQHandler
                0x00000000080041d0                FSMC_IRQHandler
                0x00000000080041d0                ETH_IRQHandler
                0x00000000080041d0                OTG_HS_EP1_OUT_IRQHandler
                0x00000000080041d0                WWDG_IRQHandler
                0x00000000080041d0                TIM2_IRQHandler
                0x00000000080041d0                OTG_FS_WKUP_IRQHandler
                0x00000000080041d0                TIM1_TRG_COM_TIM11_IRQHandler
                0x00000000080041d0                OTG_HS_IRQHandler
                0x00000000080041d0                EXTI1_IRQHandler
                0x00000000080041d0                I2C2_ER_IRQHandler
                0x00000000080041d0                CAN1_SCE_IRQHandler
                0x00000000080041d0                FLASH_IRQHandler
                0x00000000080041d0                DMA2_Stream4_IRQHandler
                0x00000000080041d0                USART1_IRQHandler
                0x00000000080041d0                SPI3_IRQHandler
                0x00000000080041d0                DMA1_Stream4_IRQHandler
                0x00000000080041d0                DMA2_Stream6_IRQHandler
                0x00000000080041d0                DMA1_Stream3_IRQHandler
 *fill*         0x00000000080041d2        0x2 
 .text.SystemInit
                0x00000000080041d4      0x100 /home/ahyy/Drone/Flow/Build/px4flow-v1_default.build//home/ahyy/Drone/Flow/src/modules/flow/module.pre.o
                0x00000000080041d4                SystemInit
 .text.NMI_Handler
                0x00000000080042d4        0x4 /home/ahyy/Drone/Flow/Build/px4flow-v1_default.build//home/ahyy/Drone/Flow/src/modules/flow/module.pre.o
                0x00000000080042d4                NMI_Handler
 .text.HardFault_Handler
                0x00000000080042d8        0x4 /home/ahyy/Drone/Flow/Build/px4flow-v1_default.build//home/ahyy/Drone/Flow/src/modules/flow/module.pre.o
                0x00000000080042d8                HardFault_Handler
 .text.MemManage_Handler
                0x00000000080042dc        0x4 /home/ahyy/Drone/Flow/Build/px4flow-v1_default.build//home/ahyy/Drone/Flow/src/modules/flow/module.pre.o
                0x00000000080042dc                MemManage_Handler
 .text.BusFault_Handler
                0x00000000080042e0        0x4 /home/ahyy/Drone/Flow/Build/px4flow-v1_default.build//home/ahyy/Drone/Flow/src/modules/flow/module.pre.o
                0x00000000080042e0                BusFault_Handler
 .text.UsageFault_Handler
                0x00000000080042e4        0x4 /home/ahyy/Drone/Flow/Build/px4flow-v1_default.build//home/ahyy/Drone/Flow/src/modules/flow/module.pre.o
                0x00000000080042e4                UsageFault_Handler
 .text.SVC_Handler
                0x00000000080042e8        0x4 /home/ahyy/Drone/Flow/Build/px4flow-v1_default.build//home/ahyy/Drone/Flow/src/modules/flow/module.pre.o
                0x00000000080042e8                SVC_Handler
 .text.DebugMon_Handler
                0x00000000080042ec        0x4 /home/ahyy/Drone/Flow/Build/px4flow-v1_default.build//home/ahyy/Drone/Flow/src/modules/flow/module.pre.o
                0x00000000080042ec                DebugMon_Handler
 .text.PendSV_Handler
                0x00000000080042f0        0x4 /home/ahyy/Drone/Flow/Build/px4flow-v1_default.build//home/ahyy/Drone/Flow/src/modules/flow/module.pre.o
                0x00000000080042f0                PendSV_Handler
 .text.SysTick_Handler
                0x00000000080042f4        0x4 /home/ahyy/Drone/Flow/Build/px4flow-v1_default.build//home/ahyy/Drone/Flow/src/modules/flow/module.pre.o
                0x00000000080042f4                SysTick_Handler
 .text.OTG_FS_IRQHandler
                0x00000000080042f8        0xc /home/ahyy/Drone/Flow/Build/px4flow-v1_default.build//home/ahyy/Drone/Flow/src/modules/flow/module.pre.o
                0x00000000080042f8                OTG_FS_IRQHandler
 .text.timer_update
                0x0000000008004304      0x12c /home/ahyy/Drone/Flow/Build/px4flow-v1_default.build//home/ahyy/Drone/Flow/src/modules/flow/module.pre.o
                0x0000000008004304                timer_update
 .text.get_boot_time_us
                0x0000000008004430       0x10 /home/ahyy/Drone/Flow/Build/px4flow-v1_default.build//home/ahyy/Drone/Flow/src/modules/flow/module.pre.o
                0x0000000008004430                get_boot_time_us
 .text.delay    0x0000000008004440       0x10 /home/ahyy/Drone/Flow/Build/px4flow-v1_default.build//home/ahyy/Drone/Flow/src/modules/flow/module.pre.o
                0x0000000008004440                delay
 .text.buffer_reset
                0x0000000008004450        0xc /home/ahyy/Drone/Flow/Build/px4flow-v1_default.build//home/ahyy/Drone/Flow/src/modules/flow/module.pre.o
                0x0000000008004450                buffer_reset
 .text.startup.main
                0x000000000800445c     0x140c /home/ahyy/Drone/Flow/Build/px4flow-v1_default.build//home/ahyy/Drone/Flow/src/modules/flow/module.pre.o
                0x000000000800445c                main
 .text.flow_ftoa
                0x0000000008005868      0x148 /home/ahyy/Drone/Flow/Build/px4flow-v1_default.build//home/ahyy/Drone/Flow/src/modules/flow/module.pre.o
                0x0000000008005868                flow_ftoa
 .text.LEDInit  0x00000000080059b0       0x40 /home/ahyy/Drone/Flow/Build/px4flow-v1_default.build//home/ahyy/Drone/Flow/src/modules/flow/module.pre.o
                0x00000000080059b0                LEDInit
 .text.LEDOff   0x00000000080059f0       0x18 /home/ahyy/Drone/Flow/Build/px4flow-v1_default.build//home/ahyy/Drone/Flow/src/modules/flow/module.pre.o
                0x00000000080059f0                LEDOff
 .text.LEDToggle
                0x0000000008005a08       0x18 /home/ahyy/Drone/Flow/Build/px4flow-v1_default.build//home/ahyy/Drone/Flow/src/modules/flow/module.pre.o
                0x0000000008005a08                LEDToggle
 .text.global_data_reset_param_defaults
                0x0000000008005a20      0x6d4 /home/ahyy/Drone/Flow/Build/px4flow-v1_default.build//home/ahyy/Drone/Flow/src/modules/flow/module.pre.o
                0x0000000008005a20                global_data_reset_param_defaults
 .text.global_data_reset
                0x00000000080060f4        0x4 /home/ahyy/Drone/Flow/Build/px4flow-v1_default.build//home/ahyy/Drone/Flow/src/modules/flow/module.pre.o
                0x00000000080060f4                global_data_reset
 .text.set_sensor_position_settings
                0x00000000080060f8       0x28 /home/ahyy/Drone/Flow/Build/px4flow-v1_default.build//home/ahyy/Drone/Flow/src/modules/flow/module.pre.o
                0x00000000080060f8                set_sensor_position_settings
 .text.communication_init
                0x0000000008006120       0x2c /home/ahyy/Drone/Flow/Build/px4flow-v1_default.build//home/ahyy/Drone/Flow/src/modules/flow/module.pre.o
                0x0000000008006120                communication_init
 .text.communication_system_state_send
                0x000000000800614c      0x408 /home/ahyy/Drone/Flow/Build/px4flow-v1_default.build//home/ahyy/Drone/Flow/src/modules/flow/module.pre.o
                0x000000000800614c                communication_system_state_send
 .text.communication_parameter_send
                0x0000000008006554      0x2b8 /home/ahyy/Drone/Flow/Build/px4flow-v1_default.build//home/ahyy/Drone/Flow/src/modules/flow/module.pre.o
                0x0000000008006554                communication_parameter_send
 .text.communication_receive
                0x000000000800680c     0x152c /home/ahyy/Drone/Flow/Build/px4flow-v1_default.build//home/ahyy/Drone/Flow/src/modules/flow/module.pre.o
                0x000000000800680c                communication_receive
 .text.communication_receive_forward
                0x0000000008007d38      0x26c /home/ahyy/Drone/Flow/Build/px4flow-v1_default.build//home/ahyy/Drone/Flow/src/modules/flow/module.pre.o
                0x0000000008007d38                communication_receive_forward
 .text.communication_receive_usb
                0x0000000008007fa4     0x1634 /home/ahyy/Drone/Flow/Build/px4flow-v1_default.build//home/ahyy/Drone/Flow/src/modules/flow/module.pre.o
                0x0000000008007fa4                communication_receive_usb
 .text.mavlink_send_uart_bytes
                0x00000000080095d8       0x38 /home/ahyy/Drone/Flow/Build/px4flow-v1_default.build//home/ahyy/Drone/Flow/src/modules/flow/module.pre.o
                0x00000000080095d8                mavlink_send_uart_bytes
 .text.mavlink_get_channel_status
                0x0000000008009610       0x10 /home/ahyy/Drone/Flow/Build/px4flow-v1_default.build//home/ahyy/Drone/Flow/src/modules/flow/module.pre.o
                0x0000000008009610                mavlink_get_channel_status
 .text.compute_flow
                0x0000000008009620      0xe18 /home/ahyy/Drone/Flow/Build/px4flow-v1_default.build//home/ahyy/Drone/Flow/src/modules/flow/module.pre.o
                0x0000000008009620                compute_flow
 .text.dcmi_restart_calibration_routine
                0x000000000800a438       0x58 /home/ahyy/Drone/Flow/Build/px4flow-v1_default.build//home/ahyy/Drone/Flow/src/modules/flow/module.pre.o
                0x000000000800a438                dcmi_restart_calibration_routine
 .text.DCMI_IRQHandler
                0x000000000800a490       0x18 /home/ahyy/Drone/Flow/Build/px4flow-v1_default.build//home/ahyy/Drone/Flow/src/modules/flow/module.pre.o
                0x000000000800a490                DCMI_IRQHandler
 .text.dma_swap_buffers
                0x000000000800a4a8       0xd4 /home/ahyy/Drone/Flow/Build/px4flow-v1_default.build//home/ahyy/Drone/Flow/src/modules/flow/module.pre.o
                0x000000000800a4a8                dma_swap_buffers
 .text.DMA2_Stream1_IRQHandler
                0x000000000800a57c       0xc8 /home/ahyy/Drone/Flow/Build/px4flow-v1_default.build//home/ahyy/Drone/Flow/src/modules/flow/module.pre.o
                0x000000000800a57c                DMA2_Stream1_IRQHandler
 .text.get_time_between_images
                0x000000000800a644        0xc /home/ahyy/Drone/Flow/Build/px4flow-v1_default.build//home/ahyy/Drone/Flow/src/modules/flow/module.pre.o
                0x000000000800a644                get_time_between_images
 .text.get_frame_counter
                0x000000000800a650        0xc /home/ahyy/Drone/Flow/Build/px4flow-v1_default.build//home/ahyy/Drone/Flow/src/modules/flow/module.pre.o
                0x000000000800a650                get_frame_counter
 .text.dma_copy_image_buffers
                0x000000000800a65c       0x94 /home/ahyy/Drone/Flow/Build/px4flow-v1_default.build//home/ahyy/Drone/Flow/src/modules/flow/module.pre.o
                0x000000000800a65c                dma_copy_image_buffers
 .text.send_calibration_image
                0x000000000800a6f0      0x5e0 /home/ahyy/Drone/Flow/Build/px4flow-v1_default.build//home/ahyy/Drone/Flow/src/modules/flow/module.pre.o
                0x000000000800a6f0                send_calibration_image
 .text.dcmi_clock_init
                0x000000000800acd0       0x8c /home/ahyy/Drone/Flow/Build/px4flow-v1_default.build//home/ahyy/Drone/Flow/src/modules/flow/module.pre.o
                0x000000000800acd0                dcmi_clock_init
 .text.dcmi_hw_init
                0x000000000800ad5c      0x1b4 /home/ahyy/Drone/Flow/Build/px4flow-v1_default.build//home/ahyy/Drone/Flow/src/modules/flow/module.pre.o
                0x000000000800ad5c                dcmi_hw_init
 .text.dcmi_dma_init
                0x000000000800af10       0xa8 /home/ahyy/Drone/Flow/Build/px4flow-v1_default.build//home/ahyy/Drone/Flow/src/modules/flow/module.pre.o
                0x000000000800af10                dcmi_dma_init
 .text.enable_image_capture
                0x000000000800afb8       0x74 /home/ahyy/Drone/Flow/Build/px4flow-v1_default.build//home/ahyy/Drone/Flow/src/modules/flow/module.pre.o
                0x000000000800afb8                enable_image_capture
 .text.dma_reconfigure
                0x000000000800b02c       0x94 /home/ahyy/Drone/Flow/Build/px4flow-v1_default.build//home/ahyy/Drone/Flow/src/modules/flow/module.pre.o
                0x000000000800b02c                dma_reconfigure
 .text.mt9v034_WriteReg
                0x000000000800b0c0       0xb8 /home/ahyy/Drone/Flow/Build/px4flow-v1_default.build//home/ahyy/Drone/Flow/src/modules/flow/module.pre.o
                0x000000000800b0c0                mt9v034_WriteReg
 .text.mt9v034_set_context
                0x000000000800b178       0x2c /home/ahyy/Drone/Flow/Build/px4flow-v1_default.build//home/ahyy/Drone/Flow/src/modules/flow/module.pre.o
                0x000000000800b178                mt9v034_set_context
 .text.mt9v034_ReadReg
                0x000000000800b1a4      0x10c /home/ahyy/Drone/Flow/Build/px4flow-v1_default.build//home/ahyy/Drone/Flow/src/modules/flow/module.pre.o
                0x000000000800b1a4                mt9v034_ReadReg
 .text.mt9v034_context_configuration
                0x000000000800b2b0      0x460 /home/ahyy/Drone/Flow/Build/px4flow-v1_default.build//home/ahyy/Drone/Flow/src/modules/flow/module.pre.o
                0x000000000800b2b0                mt9v034_context_configuration
 .text.gyro_read
                0x000000000800b710      0x290 /home/ahyy/Drone/Flow/Build/px4flow-v1_default.build//home/ahyy/Drone/Flow/src/modules/flow/module.pre.o
                0x000000000800b710                gyro_read
 .text.l3gd20_config
                0x000000000800b9a0      0x1b0 /home/ahyy/Drone/Flow/Build/px4flow-v1_default.build//home/ahyy/Drone/Flow/src/modules/flow/module.pre.o
                0x000000000800b9a0                l3gd20_config
 .text.spi_config
                0x000000000800bb50       0xc4 /home/ahyy/Drone/Flow/Build/px4flow-v1_default.build//home/ahyy/Drone/Flow/src/modules/flow/module.pre.o
                0x000000000800bb50                spi_config
 .text.gyro_config
                0x000000000800bc14      0x1b4 /home/ahyy/Drone/Flow/Build/px4flow-v1_default.build//home/ahyy/Drone/Flow/src/modules/flow/module.pre.o
                0x000000000800bc14                gyro_config
 .text.getGyroRange
                0x000000000800bdc8        0xc /home/ahyy/Drone/Flow/Build/px4flow-v1_default.build//home/ahyy/Drone/Flow/src/modules/flow/module.pre.o
                0x000000000800bdc8                getGyroRange
 .text.getGyroScalingFactor
                0x000000000800bdd4       0x20 /home/ahyy/Drone/Flow/Build/px4flow-v1_default.build//home/ahyy/Drone/Flow/src/modules/flow/module.pre.o
                0x000000000800bdd4                getGyroScalingFactor
 .text.usart2_tx_ringbuffer_push
                0x000000000800bdf4       0x8c /home/ahyy/Drone/Flow/Build/px4flow-v1_default.build//home/ahyy/Drone/Flow/src/modules/flow/module.pre.o
                0x000000000800bdf4                usart2_tx_ringbuffer_push
 .text.usart3_tx_ringbuffer_push
                0x000000000800be80       0x8c /home/ahyy/Drone/Flow/Build/px4flow-v1_default.build//home/ahyy/Drone/Flow/src/modules/flow/module.pre.o
                0x000000000800be80                usart3_tx_ringbuffer_push
 .text.usart2_char_available
                0x000000000800bf0c       0x18 /home/ahyy/Drone/Flow/Build/px4flow-v1_default.build//home/ahyy/Drone/Flow/src/modules/flow/module.pre.o
                0x000000000800bf0c                usart2_char_available
 .text.usart3_char_available
                0x000000000800bf24       0x18 /home/ahyy/Drone/Flow/Build/px4flow-v1_default.build//home/ahyy/Drone/Flow/src/modules/flow/module.pre.o
                0x000000000800bf24                usart3_char_available
 .text.usart2_rx_ringbuffer_pop
                0x000000000800bf3c       0x48 /home/ahyy/Drone/Flow/Build/px4flow-v1_default.build//home/ahyy/Drone/Flow/src/modules/flow/module.pre.o
                0x000000000800bf3c                usart2_rx_ringbuffer_pop
 .text.usart3_rx_ringbuffer_pop
                0x000000000800bf84       0x48 /home/ahyy/Drone/Flow/Build/px4flow-v1_default.build//home/ahyy/Drone/Flow/src/modules/flow/module.pre.o
                0x000000000800bf84                usart3_rx_ringbuffer_pop
 .text.USART2_IRQHandler
                0x000000000800bfcc       0xb0 /home/ahyy/Drone/Flow/Build/px4flow-v1_default.build//home/ahyy/Drone/Flow/src/modules/flow/module.pre.o
                0x000000000800bfcc                USART2_IRQHandler
 .text.USART3_IRQHandler
                0x000000000800c07c       0xb0 /home/ahyy/Drone/Flow/Build/px4flow-v1_default.build//home/ahyy/Drone/Flow/src/modules/flow/module.pre.o
                0x000000000800c07c                USART3_IRQHandler
 .text.usart_init
                0x000000000800c12c      0x13c /home/ahyy/Drone/Flow/Build/px4flow-v1_default.build//home/ahyy/Drone/Flow/src/modules/flow/module.pre.o
                0x000000000800c12c                usart_init
 .text.sonar_trigger
                0x000000000800c268       0x10 /home/ahyy/Drone/Flow/Build/px4flow-v1_default.build//home/ahyy/Drone/Flow/src/modules/flow/module.pre.o
                0x000000000800c268                sonar_trigger
 .text.UART4_IRQHandler
                0x000000000800c278      0x154 /home/ahyy/Drone/Flow/Build/px4flow-v1_default.build//home/ahyy/Drone/Flow/src/modules/flow/module.pre.o
                0x000000000800c278                UART4_IRQHandler
 .text.sonar_read
                0x000000000800c3cc       0xf0 /home/ahyy/Drone/Flow/Build/px4flow-v1_default.build//home/ahyy/Drone/Flow/src/modules/flow/module.pre.o
                0x000000000800c3cc                sonar_read
 .text.sonar_config
                0x000000000800c4bc       0xb4 /home/ahyy/Drone/Flow/Build/px4flow-v1_default.build//home/ahyy/Drone/Flow/src/modules/flow/module.pre.o
                0x000000000800c4bc                sonar_config
 .text.get_sonar_measure_time
                0x000000000800c570        0xc /home/ahyy/Drone/Flow/Build/px4flow-v1_default.build//home/ahyy/Drone/Flow/src/modules/flow/module.pre.o
                0x000000000800c570                get_sonar_measure_time
 .text.debug_string_message_buffer
                0x000000000800c57c       0x5c /home/ahyy/Drone/Flow/Build/px4flow-v1_default.build//home/ahyy/Drone/Flow/src/modules/flow/module.pre.o
                0x000000000800c57c                debug_string_message_buffer
 .text.debug_int_message_buffer
                0x000000000800c5d8       0x64 /home/ahyy/Drone/Flow/Build/px4flow-v1_default.build//home/ahyy/Drone/Flow/src/modules/flow/module.pre.o
                0x000000000800c5d8                debug_int_message_buffer
 .text.debug_message_send_one
                0x000000000800c63c      0x378 /home/ahyy/Drone/Flow/Build/px4flow-v1_default.build//home/ahyy/Drone/Flow/src/modules/flow/module.pre.o
                0x000000000800c63c                debug_message_send_one
 .text.USB_OTG_BSP_Init
                0x000000000800c9b4       0x8c /home/ahyy/Drone/Flow/Build/px4flow-v1_default.build//home/ahyy/Drone/Flow/src/modules/flow/module.pre.o
                0x000000000800c9b4                USB_OTG_BSP_Init
 .text.USB_OTG_BSP_EnableInterrupt
                0x000000000800ca40       0x24 /home/ahyy/Drone/Flow/Build/px4flow-v1_default.build//home/ahyy/Drone/Flow/src/modules/flow/module.pre.o
                0x000000000800ca40                USB_OTG_BSP_EnableInterrupt
 .text.USB_OTG_BSP_uDelay
                0x000000000800ca64       0x24 /home/ahyy/Drone/Flow/Build/px4flow-v1_default.build//home/ahyy/Drone/Flow/src/modules/flow/module.pre.o
                0x000000000800ca64                USB_OTG_BSP_uDelay
 .text.USB_OTG_BSP_mDelay
                0x000000000800ca88       0x28 /home/ahyy/Drone/Flow/Build/px4flow-v1_default.build//home/ahyy/Drone/Flow/src/modules/flow/module.pre.o
                0x000000000800ca88                USB_OTG_BSP_mDelay
 .text.VCP_Init
                0x000000000800cab0        0x4 /home/ahyy/Drone/Flow/Build/px4flow-v1_default.build//home/ahyy/Drone/Flow/src/modules/flow/module.pre.o
 .text.VCP_DataTx
                0x000000000800cab4       0x44 /home/ahyy/Drone/Flow/Build/px4flow-v1_default.build//home/ahyy/Drone/Flow/src/modules/flow/module.pre.o
 .text.VCP_DataRx
                0x000000000800caf8       0x50 /home/ahyy/Drone/Flow/Build/px4flow-v1_default.build//home/ahyy/Drone/Flow/src/modules/flow/module.pre.o
 .text.VCP_Ctrl
                0x000000000800cb48       0x2c /home/ahyy/Drone/Flow/Build/px4flow-v1_default.build//home/ahyy/Drone/Flow/src/modules/flow/module.pre.o
 .text.VCP_DeInit
                0x000000000800cb74        0x4 /home/ahyy/Drone/Flow/Build/px4flow-v1_default.build//home/ahyy/Drone/Flow/src/modules/flow/module.pre.o
 .text.VCP_put_char
                0x000000000800cb78       0x28 /home/ahyy/Drone/Flow/Build/px4flow-v1_default.build//home/ahyy/Drone/Flow/src/modules/flow/module.pre.o
                0x000000000800cb78                VCP_put_char
 .text.VCP_get_char
                0x000000000800cba0       0x34 /home/ahyy/Drone/Flow/Build/px4flow-v1_default.build//home/ahyy/Drone/Flow/src/modules/flow/module.pre.o
                0x000000000800cba0                VCP_get_char
 .text.USBD_USR_DeviceDescriptor
                0x000000000800cbd4        0xc /home/ahyy/Drone/Flow/Build/px4flow-v1_default.build//home/ahyy/Drone/Flow/src/modules/flow/module.pre.o
                0x000000000800cbd4                USBD_USR_DeviceDescriptor
 .text.USBD_USR_LangIDStrDescriptor
                0x000000000800cbe0        0xc /home/ahyy/Drone/Flow/Build/px4flow-v1_default.build//home/ahyy/Drone/Flow/src/modules/flow/module.pre.o
                0x000000000800cbe0                USBD_USR_LangIDStrDescriptor
 .text.USBD_USR_ManufacturerStrDescriptor
                0x000000000800cbec       0x1c /home/ahyy/Drone/Flow/Build/px4flow-v1_default.build//home/ahyy/Drone/Flow/src/modules/flow/module.pre.o
                0x000000000800cbec                USBD_USR_ManufacturerStrDescriptor
 .text.USBD_USR_ProductStrDescriptor
                0x000000000800cc08       0x1c /home/ahyy/Drone/Flow/Build/px4flow-v1_default.build//home/ahyy/Drone/Flow/src/modules/flow/module.pre.o
                0x000000000800cc08                USBD_USR_ProductStrDescriptor
 .text.USBD_USR_SerialStrDescriptor
                0x000000000800cc24       0x1c /home/ahyy/Drone/Flow/Build/px4flow-v1_default.build//home/ahyy/Drone/Flow/src/modules/flow/module.pre.o
                0x000000000800cc24                USBD_USR_SerialStrDescriptor
 .text.USBD_USR_ConfigStrDescriptor
                0x000000000800cc40       0x1c /home/ahyy/Drone/Flow/Build/px4flow-v1_default.build//home/ahyy/Drone/Flow/src/modules/flow/module.pre.o
                0x000000000800cc40                USBD_USR_ConfigStrDescriptor
 .text.USBD_USR_InterfaceStrDescriptor
                0x000000000800cc5c       0x1c /home/ahyy/Drone/Flow/Build/px4flow-v1_default.build//home/ahyy/Drone/Flow/src/modules/flow/module.pre.o
                0x000000000800cc5c                USBD_USR_InterfaceStrDescriptor
 .text.USBD_USR_Init
                0x000000000800cc78        0x4 /home/ahyy/Drone/Flow/Build/px4flow-v1_default.build//home/ahyy/Drone/Flow/src/modules/flow/module.pre.o
                0x000000000800cc78                USBD_USR_Init
 .text.USBD_USR_DeviceReset
                0x000000000800cc7c        0x4 /home/ahyy/Drone/Flow/Build/px4flow-v1_default.build//home/ahyy/Drone/Flow/src/modules/flow/module.pre.o
                0x000000000800cc7c                USBD_USR_DeviceReset
 .text.USBD_USR_DeviceDisconnected
                0x000000000800cc80        0x4 /home/ahyy/Drone/Flow/Build/px4flow-v1_default.build//home/ahyy/Drone/Flow/src/modules/flow/module.pre.o
                0x000000000800cc80                USBD_USR_DeviceDisconnected
 .text.USBD_USR_DeviceConfigured
                0x000000000800cc84        0x4 /home/ahyy/Drone/Flow/Build/px4flow-v1_default.build//home/ahyy/Drone/Flow/src/modules/flow/module.pre.o
                0x000000000800cc84                USBD_USR_DeviceConfigured
 .text.USBD_USR_DeviceSuspended
                0x000000000800cc88        0x4 /home/ahyy/Drone/Flow/Build/px4flow-v1_default.build//home/ahyy/Drone/Flow/src/modules/flow/module.pre.o
                0x000000000800cc88                USBD_USR_DeviceSuspended
 .text.USBD_USR_DeviceResumed
                0x000000000800cc8c        0x4 /home/ahyy/Drone/Flow/Build/px4flow-v1_default.build//home/ahyy/Drone/Flow/src/modules/flow/module.pre.o
                0x000000000800cc8c                USBD_USR_DeviceResumed
 .text.USBD_USR_DeviceConnected
                0x000000000800cc90        0x4 /home/ahyy/Drone/Flow/Build/px4flow-v1_default.build//home/ahyy/Drone/Flow/src/modules/flow/module.pre.o
                0x000000000800cc90                USBD_USR_DeviceConnected
 .text.i2c_init
                0x000000000800cc94      0x164 /home/ahyy/Drone/Flow/Build/px4flow-v1_default.build//home/ahyy/Drone/Flow/src/modules/flow/module.pre.o
                0x000000000800cc94                i2c_init
 .text.I2C1_EV_IRQHandler
                0x000000000800cdf8      0x138 /home/ahyy/Drone/Flow/Build/px4flow-v1_default.build//home/ahyy/Drone/Flow/src/modules/flow/module.pre.o
                0x000000000800cdf8                I2C1_EV_IRQHandler
 .text.I2C1_ER_IRQHandler
                0x000000000800cf30       0x20 /home/ahyy/Drone/Flow/Build/px4flow-v1_default.build//home/ahyy/Drone/Flow/src/modules/flow/module.pre.o
                0x000000000800cf30                I2C1_ER_IRQHandler
 .text.update_TX_buffer
                0x000000000800cf50      0x408 /home/ahyy/Drone/Flow/Build/px4flow-v1_default.build//home/ahyy/Drone/Flow/src/modules/flow/module.pre.o
                0x000000000800cf50                update_TX_buffer
 .text.up_systemreset
                0x000000000800d358       0x1c /home/ahyy/Drone/Flow/Build/px4flow-v1_default.build//home/ahyy/Drone/Flow/src/modules/flow/module.pre.o
                0x000000000800d358                up_systemreset
 .text.systemreset
                0x000000000800d374       0x24 /home/ahyy/Drone/Flow/Build/px4flow-v1_default.build//home/ahyy/Drone/Flow/src/modules/flow/module.pre.o
                0x000000000800d374                systemreset
 .text.NVIC_PriorityGroupConfig
                0x000000000800d398       0x14 /home/ahyy/Drone/Flow/Build/px4flow-v1_default.build//home/ahyy/Drone/Flow/src/modules/flow/module.pre.o
                0x000000000800d398                NVIC_PriorityGroupConfig
 .text.NVIC_Init
                0x000000000800d3ac       0x68 /home/ahyy/Drone/Flow/Build/px4flow-v1_default.build//home/ahyy/Drone/Flow/src/modules/flow/module.pre.o
                0x000000000800d3ac                NVIC_Init
 .text.RCC_GetClocksFreq
                0x000000000800d414       0x90 /home/ahyy/Drone/Flow/Build/px4flow-v1_default.build//home/ahyy/Drone/Flow/src/modules/flow/module.pre.o
                0x000000000800d414                RCC_GetClocksFreq
 .text.RCC_AHB1PeriphClockCmd
                0x000000000800d4a4       0x18 /home/ahyy/Drone/Flow/Build/px4flow-v1_default.build//home/ahyy/Drone/Flow/src/modules/flow/module.pre.o
                0x000000000800d4a4                RCC_AHB1PeriphClockCmd
 .text.RCC_AHB2PeriphClockCmd
                0x000000000800d4bc       0x18 /home/ahyy/Drone/Flow/Build/px4flow-v1_default.build//home/ahyy/Drone/Flow/src/modules/flow/module.pre.o
                0x000000000800d4bc                RCC_AHB2PeriphClockCmd
 .text.RCC_APB1PeriphClockCmd
                0x000000000800d4d4       0x18 /home/ahyy/Drone/Flow/Build/px4flow-v1_default.build//home/ahyy/Drone/Flow/src/modules/flow/module.pre.o
                0x000000000800d4d4                RCC_APB1PeriphClockCmd
 .text.RCC_APB2PeriphClockCmd
                0x000000000800d4ec       0x18 /home/ahyy/Drone/Flow/Build/px4flow-v1_default.build//home/ahyy/Drone/Flow/src/modules/flow/module.pre.o
                0x000000000800d4ec                RCC_APB2PeriphClockCmd
 .text.RCC_APB1PeriphResetCmd
                0x000000000800d504       0x18 /home/ahyy/Drone/Flow/Build/px4flow-v1_default.build//home/ahyy/Drone/Flow/src/modules/flow/module.pre.o
                0x000000000800d504                RCC_APB1PeriphResetCmd
 .text.DMA_DeInit
                0x000000000800d51c      0x12c /home/ahyy/Drone/Flow/Build/px4flow-v1_default.build//home/ahyy/Drone/Flow/src/modules/flow/module.pre.o
                0x000000000800d51c                DMA_DeInit
 .text.DMA_Init
                0x000000000800d648       0x58 /home/ahyy/Drone/Flow/Build/px4flow-v1_default.build//home/ahyy/Drone/Flow/src/modules/flow/module.pre.o
                0x000000000800d648                DMA_Init
 .text.DMA_Cmd  0x000000000800d6a0       0x14 /home/ahyy/Drone/Flow/Build/px4flow-v1_default.build//home/ahyy/Drone/Flow/src/modules/flow/module.pre.o
                0x000000000800d6a0                DMA_Cmd
 .text.DMA_DoubleBufferModeConfig
                0x000000000800d6b4       0x18 /home/ahyy/Drone/Flow/Build/px4flow-v1_default.build//home/ahyy/Drone/Flow/src/modules/flow/module.pre.o
                0x000000000800d6b4                DMA_DoubleBufferModeConfig
 .text.DMA_DoubleBufferModeCmd
                0x000000000800d6cc       0x14 /home/ahyy/Drone/Flow/Build/px4flow-v1_default.build//home/ahyy/Drone/Flow/src/modules/flow/module.pre.o
                0x000000000800d6cc                DMA_DoubleBufferModeCmd
 .text.DMA_MemoryTargetConfig
                0x000000000800d6e0        0xc /home/ahyy/Drone/Flow/Build/px4flow-v1_default.build//home/ahyy/Drone/Flow/src/modules/flow/module.pre.o
                0x000000000800d6e0                DMA_MemoryTargetConfig
 .text.DMA_GetCurrentMemoryTarget
                0x000000000800d6ec        0x8 /home/ahyy/Drone/Flow/Build/px4flow-v1_default.build//home/ahyy/Drone/Flow/src/modules/flow/module.pre.o
                0x000000000800d6ec                DMA_GetCurrentMemoryTarget
 .text.DMA_ITConfig
                0x000000000800d6f4       0x40 /home/ahyy/Drone/Flow/Build/px4flow-v1_default.build//home/ahyy/Drone/Flow/src/modules/flow/module.pre.o
                0x000000000800d6f4                DMA_ITConfig
 .text.DMA_GetITStatus
                0x000000000800d734       0x54 /home/ahyy/Drone/Flow/Build/px4flow-v1_default.build//home/ahyy/Drone/Flow/src/modules/flow/module.pre.o
                0x000000000800d734                DMA_GetITStatus
 .text.DMA_ClearITPendingBit
                0x000000000800d788       0x30 /home/ahyy/Drone/Flow/Build/px4flow-v1_default.build//home/ahyy/Drone/Flow/src/modules/flow/module.pre.o
                0x000000000800d788                DMA_ClearITPendingBit
 .text.DCMI_Init
                0x000000000800d7b8       0x40 /home/ahyy/Drone/Flow/Build/px4flow-v1_default.build//home/ahyy/Drone/Flow/src/modules/flow/module.pre.o
                0x000000000800d7b8                DCMI_Init
 .text.DCMI_Cmd
                0x000000000800d7f8       0x1c /home/ahyy/Drone/Flow/Build/px4flow-v1_default.build//home/ahyy/Drone/Flow/src/modules/flow/module.pre.o
                0x000000000800d7f8                DCMI_Cmd
 .text.DCMI_CaptureCmd
                0x000000000800d814       0x1c /home/ahyy/Drone/Flow/Build/px4flow-v1_default.build//home/ahyy/Drone/Flow/src/modules/flow/module.pre.o
                0x000000000800d814                DCMI_CaptureCmd
 .text.DCMI_GetITStatus
                0x000000000800d830       0x14 /home/ahyy/Drone/Flow/Build/px4flow-v1_default.build//home/ahyy/Drone/Flow/src/modules/flow/module.pre.o
                0x000000000800d830                DCMI_GetITStatus
 .text.DCMI_ClearITPendingBit
                0x000000000800d844        0xc /home/ahyy/Drone/Flow/Build/px4flow-v1_default.build//home/ahyy/Drone/Flow/src/modules/flow/module.pre.o
                0x000000000800d844                DCMI_ClearITPendingBit
 .text.I2C_DeInit
                0x000000000800d850       0x6c /home/ahyy/Drone/Flow/Build/px4flow-v1_default.build//home/ahyy/Drone/Flow/src/modules/flow/module.pre.o
                0x000000000800d850                I2C_DeInit
 .text.I2C_Init
                0x000000000800d8bc       0xd4 /home/ahyy/Drone/Flow/Build/px4flow-v1_default.build//home/ahyy/Drone/Flow/src/modules/flow/module.pre.o
                0x000000000800d8bc                I2C_Init
 .text.I2C_Cmd  0x000000000800d990       0x18 /home/ahyy/Drone/Flow/Build/px4flow-v1_default.build//home/ahyy/Drone/Flow/src/modules/flow/module.pre.o
                0x000000000800d990                I2C_Cmd
 .text.I2C_GenerateSTART
                0x000000000800d9a8       0x18 /home/ahyy/Drone/Flow/Build/px4flow-v1_default.build//home/ahyy/Drone/Flow/src/modules/flow/module.pre.o
                0x000000000800d9a8                I2C_GenerateSTART
 .text.I2C_GenerateSTOP
                0x000000000800d9c0       0x18 /home/ahyy/Drone/Flow/Build/px4flow-v1_default.build//home/ahyy/Drone/Flow/src/modules/flow/module.pre.o
                0x000000000800d9c0                I2C_GenerateSTOP
 .text.I2C_Send7bitAddress
                0x000000000800d9d8       0x18 /home/ahyy/Drone/Flow/Build/px4flow-v1_default.build//home/ahyy/Drone/Flow/src/modules/flow/module.pre.o
                0x000000000800d9d8                I2C_Send7bitAddress
 .text.I2C_AcknowledgeConfig
                0x000000000800d9f0       0x18 /home/ahyy/Drone/Flow/Build/px4flow-v1_default.build//home/ahyy/Drone/Flow/src/modules/flow/module.pre.o
                0x000000000800d9f0                I2C_AcknowledgeConfig
 .text.I2C_SoftwareResetCmd
                0x000000000800da08       0x14 /home/ahyy/Drone/Flow/Build/px4flow-v1_default.build//home/ahyy/Drone/Flow/src/modules/flow/module.pre.o
                0x000000000800da08                I2C_SoftwareResetCmd
 .text.I2C_StretchClockCmd
                0x000000000800da1c       0x18 /home/ahyy/Drone/Flow/Build/px4flow-v1_default.build//home/ahyy/Drone/Flow/src/modules/flow/module.pre.o
                0x000000000800da1c                I2C_StretchClockCmd
 .text.I2C_SendData
                0x000000000800da34        0x4 /home/ahyy/Drone/Flow/Build/px4flow-v1_default.build//home/ahyy/Drone/Flow/src/modules/flow/module.pre.o
                0x000000000800da34                I2C_SendData
 .text.I2C_ReceiveData
                0x000000000800da38        0x8 /home/ahyy/Drone/Flow/Build/px4flow-v1_default.build//home/ahyy/Drone/Flow/src/modules/flow/module.pre.o
                0x000000000800da38                I2C_ReceiveData
 .text.I2C_ReadRegister
                0x000000000800da40       0x18 /home/ahyy/Drone/Flow/Build/px4flow-v1_default.build//home/ahyy/Drone/Flow/src/modules/flow/module.pre.o
                0x000000000800da40                I2C_ReadRegister
 .text.I2C_ITConfig
                0x000000000800da58       0x14 /home/ahyy/Drone/Flow/Build/px4flow-v1_default.build//home/ahyy/Drone/Flow/src/modules/flow/module.pre.o
                0x000000000800da58                I2C_ITConfig
 .text.I2C_CheckEvent
                0x000000000800da6c       0x18 /home/ahyy/Drone/Flow/Build/px4flow-v1_default.build//home/ahyy/Drone/Flow/src/modules/flow/module.pre.o
                0x000000000800da6c                I2C_CheckEvent
 .text.I2C_GetLastEvent
                0x000000000800da84       0x10 /home/ahyy/Drone/Flow/Build/px4flow-v1_default.build//home/ahyy/Drone/Flow/src/modules/flow/module.pre.o
                0x000000000800da84                I2C_GetLastEvent
 .text.TIM_TimeBaseInit
                0x000000000800da94       0x98 /home/ahyy/Drone/Flow/Build/px4flow-v1_default.build//home/ahyy/Drone/Flow/src/modules/flow/module.pre.o
                0x000000000800da94                TIM_TimeBaseInit
 .text.TIM_ARRPreloadConfig
                0x000000000800db2c       0x18 /home/ahyy/Drone/Flow/Build/px4flow-v1_default.build//home/ahyy/Drone/Flow/src/modules/flow/module.pre.o
                0x000000000800db2c                TIM_ARRPreloadConfig
 .text.TIM_Cmd  0x000000000800db44       0x18 /home/ahyy/Drone/Flow/Build/px4flow-v1_default.build//home/ahyy/Drone/Flow/src/modules/flow/module.pre.o
                0x000000000800db44                TIM_Cmd
 .text.TIM_OC3Init
                0x000000000800db5c       0x84 /home/ahyy/Drone/Flow/Build/px4flow-v1_default.build//home/ahyy/Drone/Flow/src/modules/flow/module.pre.o
                0x000000000800db5c                TIM_OC3Init
 .text.TIM_OC3PreloadConfig
                0x000000000800dbe0       0x10 /home/ahyy/Drone/Flow/Build/px4flow-v1_default.build//home/ahyy/Drone/Flow/src/modules/flow/module.pre.o
                0x000000000800dbe0                TIM_OC3PreloadConfig
 .text.SPI_Init
                0x000000000800dbf0       0x40 /home/ahyy/Drone/Flow/Build/px4flow-v1_default.build//home/ahyy/Drone/Flow/src/modules/flow/module.pre.o
                0x000000000800dbf0                SPI_Init
 .text.SPI_Cmd  0x000000000800dc30       0x18 /home/ahyy/Drone/Flow/Build/px4flow-v1_default.build//home/ahyy/Drone/Flow/src/modules/flow/module.pre.o
                0x000000000800dc30                SPI_Cmd
 .text.SPI_I2S_ReceiveData
                0x000000000800dc48        0x4 /home/ahyy/Drone/Flow/Build/px4flow-v1_default.build//home/ahyy/Drone/Flow/src/modules/flow/module.pre.o
                0x000000000800dc48                SPI_I2S_ReceiveData
 .text.SPI_I2S_SendData
                0x000000000800dc4c        0x4 /home/ahyy/Drone/Flow/Build/px4flow-v1_default.build//home/ahyy/Drone/Flow/src/modules/flow/module.pre.o
                0x000000000800dc4c                SPI_I2S_SendData
 .text.SPI_I2S_GetFlagStatus
                0x000000000800dc50        0xc /home/ahyy/Drone/Flow/Build/px4flow-v1_default.build//home/ahyy/Drone/Flow/src/modules/flow/module.pre.o
                0x000000000800dc50                SPI_I2S_GetFlagStatus
 .text.USART_Init
                0x000000000800dc5c       0xc0 /home/ahyy/Drone/Flow/Build/px4flow-v1_default.build//home/ahyy/Drone/Flow/src/modules/flow/module.pre.o
                0x000000000800dc5c                USART_Init
 .text.USART_Cmd
                0x000000000800dd1c       0x18 /home/ahyy/Drone/Flow/Build/px4flow-v1_default.build//home/ahyy/Drone/Flow/src/modules/flow/module.pre.o
                0x000000000800dd1c                USART_Cmd
 .text.USART_SendData
                0x000000000800dd34        0x8 /home/ahyy/Drone/Flow/Build/px4flow-v1_default.build//home/ahyy/Drone/Flow/src/modules/flow/module.pre.o
                0x000000000800dd34                USART_SendData
 .text.USART_ReceiveData
                0x000000000800dd3c        0x8 /home/ahyy/Drone/Flow/Build/px4flow-v1_default.build//home/ahyy/Drone/Flow/src/modules/flow/module.pre.o
                0x000000000800dd3c                USART_ReceiveData
 .text.USART_ITConfig
                0x000000000800dd44       0x3c /home/ahyy/Drone/Flow/Build/px4flow-v1_default.build//home/ahyy/Drone/Flow/src/modules/flow/module.pre.o
                0x000000000800dd44                USART_ITConfig
 .text.USART_GetITStatus
                0x000000000800dd80       0x48 /home/ahyy/Drone/Flow/Build/px4flow-v1_default.build//home/ahyy/Drone/Flow/src/modules/flow/module.pre.o
                0x000000000800dd80                USART_GetITStatus
 .text.GPIO_Init
                0x000000000800ddc8       0x8c /home/ahyy/Drone/Flow/Build/px4flow-v1_default.build//home/ahyy/Drone/Flow/src/modules/flow/module.pre.o
                0x000000000800ddc8                GPIO_Init
 .text.GPIO_ReadInputData
                0x000000000800de54        0x8 /home/ahyy/Drone/Flow/Build/px4flow-v1_default.build//home/ahyy/Drone/Flow/src/modules/flow/module.pre.o
                0x000000000800de54                GPIO_ReadInputData
 .text.GPIO_SetBits
                0x000000000800de5c        0x4 /home/ahyy/Drone/Flow/Build/px4flow-v1_default.build//home/ahyy/Drone/Flow/src/modules/flow/module.pre.o
                0x000000000800de5c                GPIO_SetBits
 .text.GPIO_ResetBits
                0x000000000800de60        0x4 /home/ahyy/Drone/Flow/Build/px4flow-v1_default.build//home/ahyy/Drone/Flow/src/modules/flow/module.pre.o
                0x000000000800de60                GPIO_ResetBits
 .text.GPIO_ToggleBits
                0x000000000800de64        0x8 /home/ahyy/Drone/Flow/Build/px4flow-v1_default.build//home/ahyy/Drone/Flow/src/modules/flow/module.pre.o
                0x000000000800de64                GPIO_ToggleBits
 .text.GPIO_PinAFConfig
                0x000000000800de6c       0x2c /home/ahyy/Drone/Flow/Build/px4flow-v1_default.build//home/ahyy/Drone/Flow/src/modules/flow/module.pre.o
                0x000000000800de6c                GPIO_PinAFConfig
 .text.USB_OTG_WritePacket
                0x000000000800de98       0x28 /home/ahyy/Drone/Flow/Build/px4flow-v1_default.build//home/ahyy/Drone/Flow/src/modules/flow/module.pre.o
                0x000000000800de98                USB_OTG_WritePacket
 .text.USB_OTG_ReadPacket
                0x000000000800dec0       0x2c /home/ahyy/Drone/Flow/Build/px4flow-v1_default.build//home/ahyy/Drone/Flow/src/modules/flow/module.pre.o
                0x000000000800dec0                USB_OTG_ReadPacket
 .text.USB_OTG_SelectCore
                0x000000000800deec      0x35c /home/ahyy/Drone/Flow/Build/px4flow-v1_default.build//home/ahyy/Drone/Flow/src/modules/flow/module.pre.o
                0x000000000800deec                USB_OTG_SelectCore
 .text.USB_OTG_CoreInit
                0x000000000800e248      0x144 /home/ahyy/Drone/Flow/Build/px4flow-v1_default.build//home/ahyy/Drone/Flow/src/modules/flow/module.pre.o
                0x000000000800e248                USB_OTG_CoreInit
 .text.USB_OTG_EnableGlobalInt
                0x000000000800e38c       0x10 /home/ahyy/Drone/Flow/Build/px4flow-v1_default.build//home/ahyy/Drone/Flow/src/modules/flow/module.pre.o
                0x000000000800e38c                USB_OTG_EnableGlobalInt
 .text.USB_OTG_DisableGlobalInt
                0x000000000800e39c       0x10 /home/ahyy/Drone/Flow/Build/px4flow-v1_default.build//home/ahyy/Drone/Flow/src/modules/flow/module.pre.o
                0x000000000800e39c                USB_OTG_DisableGlobalInt
 .text.USB_OTG_FlushTxFifo
                0x000000000800e3ac       0x48 /home/ahyy/Drone/Flow/Build/px4flow-v1_default.build//home/ahyy/Drone/Flow/src/modules/flow/module.pre.o
                0x000000000800e3ac                USB_OTG_FlushTxFifo
 .text.USB_OTG_SetCurrentMode
                0x000000000800e3f4       0x2c /home/ahyy/Drone/Flow/Build/px4flow-v1_default.build//home/ahyy/Drone/Flow/src/modules/flow/module.pre.o
                0x000000000800e3f4                USB_OTG_SetCurrentMode
 .text.USB_OTG_IsDeviceMode
                0x000000000800e420        0xc /home/ahyy/Drone/Flow/Build/px4flow-v1_default.build//home/ahyy/Drone/Flow/src/modules/flow/module.pre.o
                0x000000000800e420                USB_OTG_IsDeviceMode
 .text.USB_OTG_ReadCoreItr
                0x000000000800e42c        0xc /home/ahyy/Drone/Flow/Build/px4flow-v1_default.build//home/ahyy/Drone/Flow/src/modules/flow/module.pre.o
                0x000000000800e42c                USB_OTG_ReadCoreItr
 .text.USB_OTG_CoreInitDev
                0x000000000800e438      0x50c /home/ahyy/Drone/Flow/Build/px4flow-v1_default.build//home/ahyy/Drone/Flow/src/modules/flow/module.pre.o
                0x000000000800e438                USB_OTG_CoreInitDev
 .text.USB_OTG_GetDeviceSpeed
                0x000000000800e944       0x20 /home/ahyy/Drone/Flow/Build/px4flow-v1_default.build//home/ahyy/Drone/Flow/src/modules/flow/module.pre.o
                0x000000000800e944                USB_OTG_GetDeviceSpeed
 .text.USB_OTG_EP0Activate
                0x000000000800e964       0x34 /home/ahyy/Drone/Flow/Build/px4flow-v1_default.build//home/ahyy/Drone/Flow/src/modules/flow/module.pre.o
                0x000000000800e964                USB_OTG_EP0Activate
 .text.USB_OTG_EPActivate
                0x000000000800e998       0x58 /home/ahyy/Drone/Flow/Build/px4flow-v1_default.build//home/ahyy/Drone/Flow/src/modules/flow/module.pre.o
                0x000000000800e998                USB_OTG_EPActivate
 .text.USB_OTG_EPDeactivate
                0x000000000800e9f0       0x3c /home/ahyy/Drone/Flow/Build/px4flow-v1_default.build//home/ahyy/Drone/Flow/src/modules/flow/module.pre.o
                0x000000000800e9f0                USB_OTG_EPDeactivate
 .text.USB_OTG_EPStartXfer
                0x000000000800ea2c      0x13c /home/ahyy/Drone/Flow/Build/px4flow-v1_default.build//home/ahyy/Drone/Flow/src/modules/flow/module.pre.o
                0x000000000800ea2c                USB_OTG_EPStartXfer
 .text.USB_OTG_EP0StartXfer
                0x000000000800eb68       0xfc /home/ahyy/Drone/Flow/Build/px4flow-v1_default.build//home/ahyy/Drone/Flow/src/modules/flow/module.pre.o
                0x000000000800eb68                USB_OTG_EP0StartXfer
 .text.USB_OTG_EPSetStall
                0x000000000800ec64       0x30 /home/ahyy/Drone/Flow/Build/px4flow-v1_default.build//home/ahyy/Drone/Flow/src/modules/flow/module.pre.o
                0x000000000800ec64                USB_OTG_EPSetStall
 .text.USB_OTG_EPClearStall
                0x000000000800ec94       0x28 /home/ahyy/Drone/Flow/Build/px4flow-v1_default.build//home/ahyy/Drone/Flow/src/modules/flow/module.pre.o
                0x000000000800ec94                USB_OTG_EPClearStall
 .text.USB_OTG_ReadDevAllOutEp_itr
                0x000000000800ecbc        0xc /home/ahyy/Drone/Flow/Build/px4flow-v1_default.build//home/ahyy/Drone/Flow/src/modules/flow/module.pre.o
                0x000000000800ecbc                USB_OTG_ReadDevAllOutEp_itr
 .text.USB_OTG_ReadDevOutEP_itr
                0x000000000800ecc8       0x10 /home/ahyy/Drone/Flow/Build/px4flow-v1_default.build//home/ahyy/Drone/Flow/src/modules/flow/module.pre.o
                0x000000000800ecc8                USB_OTG_ReadDevOutEP_itr
 .text.USB_OTG_ReadDevAllInEPItr
                0x000000000800ecd8        0xc /home/ahyy/Drone/Flow/Build/px4flow-v1_default.build//home/ahyy/Drone/Flow/src/modules/flow/module.pre.o
                0x000000000800ecd8                USB_OTG_ReadDevAllInEPItr
 .text.USB_OTG_EP0_OutStart
                0x000000000800ece4       0x2c /home/ahyy/Drone/Flow/Build/px4flow-v1_default.build//home/ahyy/Drone/Flow/src/modules/flow/module.pre.o
                0x000000000800ece4                USB_OTG_EP0_OutStart
 .text.USBD_OTG_ISR_Handler
                0x000000000800ed10      0x5b0 /home/ahyy/Drone/Flow/Build/px4flow-v1_default.build//home/ahyy/Drone/Flow/src/modules/flow/module.pre.o
                0x000000000800ed10                USBD_OTG_ISR_Handler
 .text.DCD_Init
                0x000000000800f2c0      0x454 /home/ahyy/Drone/Flow/Build/px4flow-v1_default.build//home/ahyy/Drone/Flow/src/modules/flow/module.pre.o
                0x000000000800f2c0                DCD_Init
 .text.DCD_EP_Open
                0x000000000800f714       0x68 /home/ahyy/Drone/Flow/Build/px4flow-v1_default.build//home/ahyy/Drone/Flow/src/modules/flow/module.pre.o
                0x000000000800f714                DCD_EP_Open
 .text.DCD_EP_Close
                0x000000000800f77c       0x30 /home/ahyy/Drone/Flow/Build/px4flow-v1_default.build//home/ahyy/Drone/Flow/src/modules/flow/module.pre.o
                0x000000000800f77c                DCD_EP_Close
 .text.DCD_EP_PrepareRx
                0x000000000800f7ac       0x50 /home/ahyy/Drone/Flow/Build/px4flow-v1_default.build//home/ahyy/Drone/Flow/src/modules/flow/module.pre.o
                0x000000000800f7ac                DCD_EP_PrepareRx
 .text.DCD_EP_Tx
                0x000000000800f7fc       0x48 /home/ahyy/Drone/Flow/Build/px4flow-v1_default.build//home/ahyy/Drone/Flow/src/modules/flow/module.pre.o
                0x000000000800f7fc                DCD_EP_Tx
 .text.DCD_EP_Stall
                0x000000000800f844       0x34 /home/ahyy/Drone/Flow/Build/px4flow-v1_default.build//home/ahyy/Drone/Flow/src/modules/flow/module.pre.o
                0x000000000800f844                DCD_EP_Stall
 .text.DCD_EP_ClrStall
                0x000000000800f878       0x34 /home/ahyy/Drone/Flow/Build/px4flow-v1_default.build//home/ahyy/Drone/Flow/src/modules/flow/module.pre.o
                0x000000000800f878                DCD_EP_ClrStall
 .text.DCD_EP_SetAddress
                0x000000000800f8ac       0x10 /home/ahyy/Drone/Flow/Build/px4flow-v1_default.build//home/ahyy/Drone/Flow/src/modules/flow/module.pre.o
                0x000000000800f8ac                DCD_EP_SetAddress
 .text.USBD_Resume
                0x000000000800f8bc       0x18 /home/ahyy/Drone/Flow/Build/px4flow-v1_default.build//home/ahyy/Drone/Flow/src/modules/flow/module.pre.o
 .text.USBD_Suspend
                0x000000000800f8d4       0x1c /home/ahyy/Drone/Flow/Build/px4flow-v1_default.build//home/ahyy/Drone/Flow/src/modules/flow/module.pre.o
 .text.USBD_SOF
                0x000000000800f8f0       0x10 /home/ahyy/Drone/Flow/Build/px4flow-v1_default.build//home/ahyy/Drone/Flow/src/modules/flow/module.pre.o
 .text.USBD_IsoINIncomplete
                0x000000000800f900       0x10 /home/ahyy/Drone/Flow/Build/px4flow-v1_default.build//home/ahyy/Drone/Flow/src/modules/flow/module.pre.o
 .text.USBD_IsoOUTIncomplete
                0x000000000800f910       0x10 /home/ahyy/Drone/Flow/Build/px4flow-v1_default.build//home/ahyy/Drone/Flow/src/modules/flow/module.pre.o
 .text.USBD_DevConnected
                0x000000000800f920       0x18 /home/ahyy/Drone/Flow/Build/px4flow-v1_default.build//home/ahyy/Drone/Flow/src/modules/flow/module.pre.o
 .text.USBD_DevDisconnected
                0x000000000800f938       0x20 /home/ahyy/Drone/Flow/Build/px4flow-v1_default.build//home/ahyy/Drone/Flow/src/modules/flow/module.pre.o
 .text.USBD_Reset
                0x000000000800f958       0x30 /home/ahyy/Drone/Flow/Build/px4flow-v1_default.build//home/ahyy/Drone/Flow/src/modules/flow/module.pre.o
 .text.USBD_SetupStage
                0x000000000800f988       0x58 /home/ahyy/Drone/Flow/Build/px4flow-v1_default.build//home/ahyy/Drone/Flow/src/modules/flow/module.pre.o
 .text.USBD_DataInStage
                0x000000000800f9e0       0xbc /home/ahyy/Drone/Flow/Build/px4flow-v1_default.build//home/ahyy/Drone/Flow/src/modules/flow/module.pre.o
 .text.USBD_DataOutStage
                0x000000000800fa9c       0x78 /home/ahyy/Drone/Flow/Build/px4flow-v1_default.build//home/ahyy/Drone/Flow/src/modules/flow/module.pre.o
 .text.USBD_Init
                0x000000000800fb14       0x38 /home/ahyy/Drone/Flow/Build/px4flow-v1_default.build//home/ahyy/Drone/Flow/src/modules/flow/module.pre.o
                0x000000000800fb14                USBD_Init
 .text.USBD_SetCfg
                0x000000000800fb4c       0x18 /home/ahyy/Drone/Flow/Build/px4flow-v1_default.build//home/ahyy/Drone/Flow/src/modules/flow/module.pre.o
                0x000000000800fb4c                USBD_SetCfg
 .text.USBD_ClrCfg
                0x000000000800fb64       0x10 /home/ahyy/Drone/Flow/Build/px4flow-v1_default.build//home/ahyy/Drone/Flow/src/modules/flow/module.pre.o
                0x000000000800fb64                USBD_ClrCfg
 .text.USBD_StdDevReq
                0x000000000800fb74      0x2cc /home/ahyy/Drone/Flow/Build/px4flow-v1_default.build//home/ahyy/Drone/Flow/src/modules/flow/module.pre.o
                0x000000000800fb74                USBD_StdDevReq
 .text.USBD_StdItfReq
                0x000000000800fe40       0x48 /home/ahyy/Drone/Flow/Build/px4flow-v1_default.build//home/ahyy/Drone/Flow/src/modules/flow/module.pre.o
                0x000000000800fe40                USBD_StdItfReq
 .text.USBD_StdEPReq
                0x000000000800fe88       0xd4 /home/ahyy/Drone/Flow/Build/px4flow-v1_default.build//home/ahyy/Drone/Flow/src/modules/flow/module.pre.o
                0x000000000800fe88                USBD_StdEPReq
 .text.USBD_ParseSetupRequest
                0x000000000800ff5c       0x44 /home/ahyy/Drone/Flow/Build/px4flow-v1_default.build//home/ahyy/Drone/Flow/src/modules/flow/module.pre.o
                0x000000000800ff5c                USBD_ParseSetupRequest
 .text.USBD_CtlError
                0x000000000800ffa0       0x1c /home/ahyy/Drone/Flow/Build/px4flow-v1_default.build//home/ahyy/Drone/Flow/src/modules/flow/module.pre.o
                0x000000000800ffa0                USBD_CtlError
 .text.USBD_GetString
                0x000000000800ffbc       0x50 /home/ahyy/Drone/Flow/Build/px4flow-v1_default.build//home/ahyy/Drone/Flow/src/modules/flow/module.pre.o
                0x000000000800ffbc                USBD_GetString
 .text.USBD_CtlSendData
                0x000000000801000c       0x20 /home/ahyy/Drone/Flow/Build/px4flow-v1_default.build//home/ahyy/Drone/Flow/src/modules/flow/module.pre.o
                0x000000000801000c                USBD_CtlSendData
 .text.USBD_CtlContinueSendData
                0x000000000801002c       0x10 /home/ahyy/Drone/Flow/Build/px4flow-v1_default.build//home/ahyy/Drone/Flow/src/modules/flow/module.pre.o
                0x000000000801002c                USBD_CtlContinueSendData
 .text.USBD_CtlPrepareRx
                0x000000000801003c       0x20 /home/ahyy/Drone/Flow/Build/px4flow-v1_default.build//home/ahyy/Drone/Flow/src/modules/flow/module.pre.o
                0x000000000801003c                USBD_CtlPrepareRx
 .text.USBD_CtlContinueRx
                0x000000000801005c       0x10 /home/ahyy/Drone/Flow/Build/px4flow-v1_default.build//home/ahyy/Drone/Flow/src/modules/flow/module.pre.o
                0x000000000801005c                USBD_CtlContinueRx
 .text.USBD_CtlSendStatus
                0x000000000801006c       0x20 /home/ahyy/Drone/Flow/Build/px4flow-v1_default.build//home/ahyy/Drone/Flow/src/modules/flow/module.pre.o
                0x000000000801006c                USBD_CtlSendStatus
 .text.USBD_CtlReceiveStatus
                0x000000000801008c       0x20 /home/ahyy/Drone/Flow/Build/px4flow-v1_default.build//home/ahyy/Drone/Flow/src/modules/flow/module.pre.o
                0x000000000801008c                USBD_CtlReceiveStatus
 .text.usbd_cdc_EP0_RxReady
                0x00000000080100ac       0x30 /home/ahyy/Drone/Flow/Build/px4flow-v1_default.build//home/ahyy/Drone/Flow/src/modules/flow/module.pre.o
 .text.USBD_cdc_GetCfgDesc
                0x00000000080100dc        0xc /home/ahyy/Drone/Flow/Build/px4flow-v1_default.build//home/ahyy/Drone/Flow/src/modules/flow/module.pre.o
 .text.usbd_cdc_SOF
                0x00000000080100e8       0x94 /home/ahyy/Drone/Flow/Build/px4flow-v1_default.build//home/ahyy/Drone/Flow/src/modules/flow/module.pre.o
 .text.usbd_cdc_DataOut
                0x000000000801017c       0x34 /home/ahyy/Drone/Flow/Build/px4flow-v1_default.build//home/ahyy/Drone/Flow/src/modules/flow/module.pre.o
 .text.usbd_cdc_Setup
                0x00000000080101b0       0xd4 /home/ahyy/Drone/Flow/Build/px4flow-v1_default.build//home/ahyy/Drone/Flow/src/modules/flow/module.pre.o
 .text.usbd_cdc_DeInit
                0x0000000008010284       0x28 /home/ahyy/Drone/Flow/Build/px4flow-v1_default.build//home/ahyy/Drone/Flow/src/modules/flow/module.pre.o
 .text.usbd_cdc_Init
                0x00000000080102ac       0x54 /home/ahyy/Drone/Flow/Build/px4flow-v1_default.build//home/ahyy/Drone/Flow/src/modules/flow/module.pre.o
 .text.usbd_cdc_DataIn
                0x0000000008010300       0x58 /home/ahyy/Drone/Flow/Build/px4flow-v1_default.build//home/ahyy/Drone/Flow/src/modules/flow/module.pre.o
 .text._init    0x0000000008010358        0x4 /home/ahyy/Drone/Flow/Build/px4flow-v1_default.build//home/ahyy/Drone/Flow/src/modules/libc/module.pre.o
                0x0000000008010358                _init
 .text.__libc_init_array
                0x000000000801035c       0x44 /home/ahyy/Drone/Flow/Build/px4flow-v1_default.build//home/ahyy/Drone/Flow/src/modules/libc/module.pre.o
                0x000000000801035c                __libc_init_array
 .text.memcpy   0x00000000080103a0       0xd4 /home/ahyy/Drone/Flow/Build/px4flow-v1_default.build//home/ahyy/Drone/Flow/src/modules/libc/module.pre.o
                0x00000000080103a0                memcpy
 .text.memset   0x0000000008010474       0x84 /home/ahyy/Drone/Flow/Build/px4flow-v1_default.build//home/ahyy/Drone/Flow/src/modules/libc/module.pre.o
                0x0000000008010474                memset
 .text.strcpy   0x00000000080104f8       0x10 /home/ahyy/Drone/Flow/Build/px4flow-v1_default.build//home/ahyy/Drone/Flow/src/modules/libc/module.pre.o
                0x00000000080104f8                strcpy
 .text.strncpy  0x0000000008010508       0x38 /home/ahyy/Drone/Flow/Build/px4flow-v1_default.build//home/ahyy/Drone/Flow/src/modules/libc/module.pre.o
                0x0000000008010508                strncpy
 .text.strlen   0x0000000008010540       0x18 /home/ahyy/Drone/Flow/Build/px4flow-v1_default.build//home/ahyy/Drone/Flow/src/modules/libc/module.pre.o
                0x0000000008010540                strlen
 .text.strncat  0x0000000008010558       0x30 /home/ahyy/Drone/Flow/Build/px4flow-v1_default.build//home/ahyy/Drone/Flow/src/modules/libc/module.pre.o
                0x0000000008010558                strncat
 .text.lib_skipspace
                0x0000000008010588       0x20 /home/ahyy/Drone/Flow/Build/px4flow-v1_default.build//home/ahyy/Drone/Flow/src/modules/libc/module.pre.o
                0x0000000008010588                lib_skipspace
 .text.lib_isbasedigit
                0x00000000080105a8       0x50 /home/ahyy/Drone/Flow/Build/px4flow-v1_default.build//home/ahyy/Drone/Flow/src/modules/libc/module.pre.o
                0x00000000080105a8                lib_isbasedigit
 .text.strtol   0x00000000080105f8       0x50 /home/ahyy/Drone/Flow/Build/px4flow-v1_default.build//home/ahyy/Drone/Flow/src/modules/libc/module.pre.o
                0x00000000080105f8                strtol
 .text.strtoul  0x0000000008010648       0x50 /home/ahyy/Drone/Flow/Build/px4flow-v1_default.build//home/ahyy/Drone/Flow/src/modules/libc/module.pre.o
                0x0000000008010648                strtoul
 .text.lib_checkbase
                0x0000000008010698       0x58 /home/ahyy/Drone/Flow/Build/px4flow-v1_default.build//home/ahyy/Drone/Flow/src/modules/libc/module.pre.o
                0x0000000008010698                lib_checkbase
 *(.rodata)
 *(.rodata*)
 .rodata.main.str1.4
                0x00000000080106f0        0x5 /home/ahyy/Drone/Flow/Build/px4flow-v1_default.build//home/ahyy/Drone/Flow/src/modules/flow/module.pre.o
 *fill*         0x00000000080106f5        0x3 
 .rodata.LED_GPIO_CLKS
                0x00000000080106f8        0xc /home/ahyy/Drone/Flow/Build/px4flow-v1_default.build//home/ahyy/Drone/Flow/src/modules/flow/module.pre.o
                0x00000000080106f8                LED_GPIO_CLKS
 .rodata.LED_GPIO_PINS
                0x0000000008010704        0x6 /home/ahyy/Drone/Flow/Build/px4flow-v1_default.build//home/ahyy/Drone/Flow/src/modules/flow/module.pre.o
                0x0000000008010704                LED_GPIO_PINS
 *fill*         0x000000000801070a        0x2 
 .rodata.global_data_reset_param_defaults.str1.4
                0x000000000801070c      0x26b /home/ahyy/Drone/Flow/Build/px4flow-v1_default.build//home/ahyy/Drone/Flow/src/modules/flow/module.pre.o
 *fill*         0x0000000008010977        0x1 
 .rodata.set_sensor_position_settings.str1.4
                0x0000000008010978       0x30 /home/ahyy/Drone/Flow/Build/px4flow-v1_default.build//home/ahyy/Drone/Flow/src/modules/flow/module.pre.o
 .rodata.handle_mavlink_message.str1.4
                0x00000000080109a8       0x4b /home/ahyy/Drone/Flow/Build/px4flow-v1_default.build//home/ahyy/Drone/Flow/src/modules/flow/module.pre.o
 *fill*         0x00000000080109f3        0x1 
 .rodata.mavlink_message_crcs.7097
                0x00000000080109f4      0x100 /home/ahyy/Drone/Flow/Build/px4flow-v1_default.build//home/ahyy/Drone/Flow/src/modules/flow/module.pre.o
 .rodata.scaling_factors
                0x0000000008010af4        0xc /home/ahyy/Drone/Flow/Build/px4flow-v1_default.build//home/ahyy/Drone/Flow/src/modules/flow/module.pre.o
 .rodata.debug_message_send_one.str1.4
                0x0000000008010b00        0x2 /home/ahyy/Drone/Flow/Build/px4flow-v1_default.build//home/ahyy/Drone/Flow/src/modules/flow/module.pre.o
 *fill*         0x0000000008010b02        0x2 
 .rodata.USBD_USR_ConfigStrDescriptor.str1.4
                0x0000000008010b04        0xb /home/ahyy/Drone/Flow/Build/px4flow-v1_default.build//home/ahyy/Drone/Flow/src/modules/flow/module.pre.o
 *fill*         0x0000000008010b0f        0x1 
 .rodata.USBD_USR_InterfaceStrDescriptor.str1.4
                0x0000000008010b10        0xe /home/ahyy/Drone/Flow/Build/px4flow-v1_default.build//home/ahyy/Drone/Flow/src/modules/flow/module.pre.o
 *fill*         0x0000000008010b1e        0x2 
 .rodata.USBD_USR_ManufacturerStrDescriptor.str1.4
                0x0000000008010b20        0xc /home/ahyy/Drone/Flow/Build/px4flow-v1_default.build//home/ahyy/Drone/Flow/src/modules/flow/module.pre.o
 .rodata.USBD_USR_ProductStrDescriptor.str1.4
                0x0000000008010b2c        0xd /home/ahyy/Drone/Flow/Build/px4flow-v1_default.build//home/ahyy/Drone/Flow/src/modules/flow/module.pre.o
 *fill*         0x0000000008010b39        0x3 
 .rodata.USBD_USR_SerialStrDescriptor.str1.4
                0x0000000008010b3c       0x10 /home/ahyy/Drone/Flow/Build/px4flow-v1_default.build//home/ahyy/Drone/Flow/src/modules/flow/module.pre.o
                                          0xd (size before relaxing)
 *(.glue_7)
 .glue_7        0x0000000008010b4c        0x0 linker stubs
 *(.glue_7t)
 .glue_7t       0x0000000008010b4c        0x0 linker stubs
 *(.eh_frame)
 *(.init)
 *(.fini)
                0x0000000008010b4c                . = ALIGN (0x4)
                0x0000000008010b4c                _etext = .
                0x0000000008010b4c                _exit = .

.vfp11_veneer   0x0000000008010b4c        0x0
 .vfp11_veneer  0x0000000008010b4c        0x0 linker stubs

.v4_bx          0x0000000008010b4c        0x0
 .v4_bx         0x0000000008010b4c        0x0 linker stubs

.iplt           0x0000000008010b4c        0x0
 .iplt          0x0000000008010b4c        0x0 /home/ahyy/Drone/Flow/Build/px4flow-v1_default.build//home/ahyy/Drone/Flow/src/modules/flow/module.pre.o

.rel.dyn        0x0000000008010b4c        0x0
 .rel.iplt      0x0000000008010b4c        0x0 /home/ahyy/Drone/Flow/Build/px4flow-v1_default.build//home/ahyy/Drone/Flow/src/modules/flow/module.pre.o

.ARM.extab
 *(.ARM.extab* .gnu.linkonce.armextab.*)

.ARM            0x0000000008010b4c        0x0
                0x0000000008010b4c                __exidx_start = .
 *(.ARM.exidx*)
                0x0000000008010b4c                __exidx_end = .

.preinit_array  0x0000000008010b4c        0x0
                0x0000000008010b4c                PROVIDE (__preinit_array_start, .)
 *(.preinit_array*)
                0x0000000008010b4c                PROVIDE (__preinit_array_end, .)

.init_array     0x0000000008010b4c        0x0
                0x0000000008010b4c                PROVIDE (__init_array_start, .)
 *(SORT_BY_NAME(.init_array.*))
 *(.init_array*)
                0x0000000008010b4c                PROVIDE (__init_array_end, .)

.fini_array     0x0000000008010b4c        0x0
                0x0000000008010b4c                PROVIDE (__fini_array_start, .)
 *(.fini_array*)
 *(SORT_BY_NAME(.fini_array.*))
                0x0000000008010b4c                PROVIDE (__fini_array_end, .)
                0x0000000008010b4c                _sidata = .

.data           0x0000000020000000     0x2150 load address 0x0000000008010b4c
                0x0000000020000000                . = ALIGN (0x4)
                0x0000000020000000                _sdata = .
 *(.data)
 *(.data*)
 .data.SystemCoreClock
                0x0000000020000000        0x4 /home/ahyy/Drone/Flow/Build/px4flow-v1_default.build//home/ahyy/Drone/Flow/src/modules/flow/module.pre.o
                0x0000000020000000                SystemCoreClock
 .data.receive_now
                0x0000000020000004        0x1 /home/ahyy/Drone/Flow/Build/px4flow-v1_default.build//home/ahyy/Drone/Flow/src/modules/flow/module.pre.o
                0x0000000020000004                receive_now
 .data.send_image_now
                0x0000000020000005        0x1 /home/ahyy/Drone/Flow/Build/px4flow-v1_default.build//home/ahyy/Drone/Flow/src/modules/flow/module.pre.o
                0x0000000020000005                send_image_now
 .data.send_lpos_now
                0x0000000020000006        0x1 /home/ahyy/Drone/Flow/Build/px4flow-v1_default.build//home/ahyy/Drone/Flow/src/modules/flow/module.pre.o
                0x0000000020000006                send_lpos_now
 .data.send_params_now
                0x0000000020000007        0x1 /home/ahyy/Drone/Flow/Build/px4flow-v1_default.build//home/ahyy/Drone/Flow/src/modules/flow/module.pre.o
                0x0000000020000007                send_params_now
 .data.send_system_state_now
                0x0000000020000008        0x1 /home/ahyy/Drone/Flow/Build/px4flow-v1_default.build//home/ahyy/Drone/Flow/src/modules/flow/module.pre.o
                0x0000000020000008                send_system_state_now
 *fill*         0x0000000020000009        0x3 
 .data.timer_ms
                0x000000002000000c        0x4 /home/ahyy/Drone/Flow/Build/px4flow-v1_default.build//home/ahyy/Drone/Flow/src/modules/flow/module.pre.o
 .data.LED_GPIO_PORTS
                0x0000000020000010        0xc /home/ahyy/Drone/Flow/Build/px4flow-v1_default.build//home/ahyy/Drone/Flow/src/modules/flow/module.pre.o
                0x0000000020000010                LED_GPIO_PORTS
 .data.m_parameter_i
                0x000000002000001c        0x4 /home/ahyy/Drone/Flow/Build/px4flow-v1_default.build//home/ahyy/Drone/Flow/src/modules/flow/module.pre.o
 .data.dcmi_image_buffer_memory0
                0x0000000020000020        0x1 /home/ahyy/Drone/Flow/Build/px4flow-v1_default.build//home/ahyy/Drone/Flow/src/modules/flow/module.pre.o
                0x0000000020000020                dcmi_image_buffer_memory0
 .data.dcmi_image_buffer_memory1
                0x0000000020000021        0x1 /home/ahyy/Drone/Flow/Build/px4flow-v1_default.build//home/ahyy/Drone/Flow/src/modules/flow/module.pre.o
                0x0000000020000021                dcmi_image_buffer_memory1
 .data.dcmi_image_buffer_unused
                0x0000000020000022        0x1 /home/ahyy/Drone/Flow/Build/px4flow-v1_default.build//home/ahyy/Drone/Flow/src/modules/flow/module.pre.o
                0x0000000020000022                dcmi_image_buffer_unused
 *fill*         0x0000000020000023        0x1 
 .data.usart2_tx_buffer
                0x0000000020000024     0x1000 /home/ahyy/Drone/Flow/Build/px4flow-v1_default.build//home/ahyy/Drone/Flow/src/modules/flow/module.pre.o
                0x0000000020000024                usart2_tx_buffer
 .data.usart2_tx_counter_write
                0x0000000020001024        0x4 /home/ahyy/Drone/Flow/Build/px4flow-v1_default.build//home/ahyy/Drone/Flow/src/modules/flow/module.pre.o
                0x0000000020001024                usart2_tx_counter_write
 .data.usart3_tx_buffer
                0x0000000020001028     0x1000 /home/ahyy/Drone/Flow/Build/px4flow-v1_default.build//home/ahyy/Drone/Flow/src/modules/flow/module.pre.o
                0x0000000020001028                usart3_tx_buffer
 .data.usart3_tx_counter_write
                0x0000000020002028        0x4 /home/ahyy/Drone/Flow/Build/px4flow-v1_default.build//home/ahyy/Drone/Flow/src/modules/flow/module.pre.o
                0x0000000020002028                usart3_tx_counter_write
 .data.VCP_fops
                0x000000002000202c       0x14 /home/ahyy/Drone/Flow/Build/px4flow-v1_default.build//home/ahyy/Drone/Flow/src/modules/flow/module.pre.o
                0x000000002000202c                VCP_fops
 .data.linecoding
                0x0000000020002040        0x8 /home/ahyy/Drone/Flow/Build/px4flow-v1_default.build//home/ahyy/Drone/Flow/src/modules/flow/module.pre.o
                0x0000000020002040                linecoding
 .data.USBD_DeviceDesc
                0x0000000020002048       0x12 /home/ahyy/Drone/Flow/Build/px4flow-v1_default.build//home/ahyy/Drone/Flow/src/modules/flow/module.pre.o
                0x0000000020002048                USBD_DeviceDesc
 *fill*         0x000000002000205a        0x2 
 .data.USBD_LangIDDesc
                0x000000002000205c        0x4 /home/ahyy/Drone/Flow/Build/px4flow-v1_default.build//home/ahyy/Drone/Flow/src/modules/flow/module.pre.o
                0x000000002000205c                USBD_LangIDDesc
 .data.USR_desc
                0x0000000020002060       0x1c /home/ahyy/Drone/Flow/Build/px4flow-v1_default.build//home/ahyy/Drone/Flow/src/modules/flow/module.pre.o
                0x0000000020002060                USR_desc
 .data.USR_cb   0x000000002000207c       0x1c /home/ahyy/Drone/Flow/Build/px4flow-v1_default.build//home/ahyy/Drone/Flow/src/modules/flow/module.pre.o
                0x000000002000207c                USR_cb
 .data.notpublishedIndexFrame1
                0x0000000020002098        0x1 /home/ahyy/Drone/Flow/Build/px4flow-v1_default.build//home/ahyy/Drone/Flow/src/modules/flow/module.pre.o
                0x0000000020002098                notpublishedIndexFrame1
 .data.notpublishedIndexFrame2
                0x0000000020002099        0x1 /home/ahyy/Drone/Flow/Build/px4flow-v1_default.build//home/ahyy/Drone/Flow/src/modules/flow/module.pre.o
                0x0000000020002099                notpublishedIndexFrame2
 .data.readout_done_frame1
                0x000000002000209a        0x1 /home/ahyy/Drone/Flow/Build/px4flow-v1_default.build//home/ahyy/Drone/Flow/src/modules/flow/module.pre.o
                0x000000002000209a                readout_done_frame1
 .data.readout_done_frame2
                0x000000002000209b        0x1 /home/ahyy/Drone/Flow/Build/px4flow-v1_default.build//home/ahyy/Drone/Flow/src/modules/flow/module.pre.o
                0x000000002000209b                readout_done_frame2
 .data.APBAHBPrescTable
                0x000000002000209c       0x10 /home/ahyy/Drone/Flow/Build/px4flow-v1_default.build//home/ahyy/Drone/Flow/src/modules/flow/module.pre.o
 .data.USBD_DCD_INT_cb
                0x00000000200020ac       0x2c /home/ahyy/Drone/Flow/Build/px4flow-v1_default.build//home/ahyy/Drone/Flow/src/modules/flow/module.pre.o
                0x00000000200020ac                USBD_DCD_INT_cb
 .data.USBD_DCD_INT_fops
                0x00000000200020d8        0x4 /home/ahyy/Drone/Flow/Build/px4flow-v1_default.build//home/ahyy/Drone/Flow/src/modules/flow/module.pre.o
                0x00000000200020d8                USBD_DCD_INT_fops
 .data.USBD_CDC_cb
                0x00000000200020dc       0x2c /home/ahyy/Drone/Flow/Build/px4flow-v1_default.build//home/ahyy/Drone/Flow/src/modules/flow/module.pre.o
                0x00000000200020dc                USBD_CDC_cb
 .data.cdcCmd   0x0000000020002108        0x4 /home/ahyy/Drone/Flow/Build/px4flow-v1_default.build//home/ahyy/Drone/Flow/src/modules/flow/module.pre.o
 .data.usbd_cdc_CfgDesc
                0x000000002000210c       0x43 /home/ahyy/Drone/Flow/Build/px4flow-v1_default.build//home/ahyy/Drone/Flow/src/modules/flow/module.pre.o
                0x000000002000210c                usbd_cdc_CfgDesc
                0x0000000020002150                . = ALIGN (0x4)
 *fill*         0x000000002000214f        0x1 
                0x0000000020002150                _edata = .

.igot.plt       0x0000000020002150        0x0 load address 0x0000000008012c9c
 .igot.plt      0x0000000020002150        0x0 /home/ahyy/Drone/Flow/Build/px4flow-v1_default.build//home/ahyy/Drone/Flow/src/modules/flow/module.pre.o
                0x0000000020002150                . = ALIGN (0x4)

.bss            0x0000000020002150    0x1bae4 load address 0x0000000008012c9c
                0x0000000020002150                _sbss = .
                0x0000000020002150                __bss_start__ = _sbss
 *(.bss)
 *(.bss*)
 .bss.USB_OTG_dev
                0x0000000020002150      0x5f4 /home/ahyy/Drone/Flow/Build/px4flow-v1_default.build//home/ahyy/Drone/Flow/src/modules/flow/module.pre.o
                0x0000000020002150                USB_OTG_dev
 .bss.accumulated_flow_x.23623
                0x0000000020002744        0x4 /home/ahyy/Drone/Flow/Build/px4flow-v1_default.build//home/ahyy/Drone/Flow/src/modules/flow/module.pre.o
 .bss.accumulated_flow_y.23624
                0x0000000020002748        0x4 /home/ahyy/Drone/Flow/Build/px4flow-v1_default.build//home/ahyy/Drone/Flow/src/modules/flow/module.pre.o
 .bss.accumulated_framecount.23628
                0x000000002000274c        0x2 /home/ahyy/Drone/Flow/Build/px4flow-v1_default.build//home/ahyy/Drone/Flow/src/modules/flow/module.pre.o
 *fill*         0x000000002000274e        0x2 
 .bss.accumulated_gyro_x.23625
                0x0000000020002750        0x4 /home/ahyy/Drone/Flow/Build/px4flow-v1_default.build//home/ahyy/Drone/Flow/src/modules/flow/module.pre.o
 .bss.accumulated_gyro_y.23626
                0x0000000020002754        0x4 /home/ahyy/Drone/Flow/Build/px4flow-v1_default.build//home/ahyy/Drone/Flow/src/modules/flow/module.pre.o
 .bss.accumulated_gyro_z.23627
                0x0000000020002758        0x4 /home/ahyy/Drone/Flow/Build/px4flow-v1_default.build//home/ahyy/Drone/Flow/src/modules/flow/module.pre.o
 .bss.accumulated_quality.23629
                0x000000002000275c        0x2 /home/ahyy/Drone/Flow/Build/px4flow-v1_default.build//home/ahyy/Drone/Flow/src/modules/flow/module.pre.o
 *fill*         0x000000002000275e        0x2 
 .bss.boot_time10_us
                0x0000000020002760        0x4 /home/ahyy/Drone/Flow/Build/px4flow-v1_default.build//home/ahyy/Drone/Flow/src/modules/flow/module.pre.o
                0x0000000020002760                boot_time10_us
 .bss.boot_time_ms
                0x0000000020002764        0x4 /home/ahyy/Drone/Flow/Build/px4flow-v1_default.build//home/ahyy/Drone/Flow/src/modules/flow/module.pre.o
                0x0000000020002764                boot_time_ms
 .bss.buffer_reset_needed
                0x0000000020002768        0x1 /home/ahyy/Drone/Flow/Build/px4flow-v1_default.build//home/ahyy/Drone/Flow/src/modules/flow/module.pre.o
                0x0000000020002768                buffer_reset_needed
 *fill*         0x0000000020002769        0x3 
 .bss.integration_timespan.23630
                0x000000002000276c        0x4 /home/ahyy/Drone/Flow/Build/px4flow-v1_default.build//home/ahyy/Drone/Flow/src/modules/flow/module.pre.o
 .bss.lasttime.23631
                0x0000000020002770        0x4 /home/ahyy/Drone/Flow/Build/px4flow-v1_default.build//home/ahyy/Drone/Flow/src/modules/flow/module.pre.o
 .bss.lpos      0x0000000020002774       0x18 /home/ahyy/Drone/Flow/Build/px4flow-v1_default.build//home/ahyy/Drone/Flow/src/modules/flow/module.pre.o
 .bss.timer     0x000000002000278c       0x24 /home/ahyy/Drone/Flow/Build/px4flow-v1_default.build//home/ahyy/Drone/Flow/src/modules/flow/module.pre.o
 .bss.outbuf.6352
                0x00000000200027b0        0xf /home/ahyy/Drone/Flow/Build/px4flow-v1_default.build//home/ahyy/Drone/Flow/src/modules/flow/module.pre.o
 *fill*         0x00000000200027bf        0x1 
 .bss.global_data
                0x00000000200027c0      0x398 /home/ahyy/Drone/Flow/Build/px4flow-v1_default.build//home/ahyy/Drone/Flow/src/modules/flow/module.pre.o
                0x00000000200027c0                global_data
 .bss.m_mavlink_buffer.18748
                0x0000000020002b58      0x440 /home/ahyy/Drone/Flow/Build/px4flow-v1_default.build//home/ahyy/Drone/Flow/src/modules/flow/module.pre.o
 .bss.m_mavlink_status.18744
                0x0000000020002f98       0x30 /home/ahyy/Drone/Flow/Build/px4flow-v1_default.build//home/ahyy/Drone/Flow/src/modules/flow/module.pre.o
 .bss.mavlink_system
                0x0000000020002fc8        0x9 /home/ahyy/Drone/Flow/Build/px4flow-v1_default.build//home/ahyy/Drone/Flow/src/modules/flow/module.pre.o
                0x0000000020002fc8                mavlink_system
 .bss.calibration_mem0
                0x0000000020002fd1        0x1 /home/ahyy/Drone/Flow/Build/px4flow-v1_default.build//home/ahyy/Drone/Flow/src/modules/flow/module.pre.o
                0x0000000020002fd1                calibration_mem0
 .bss.calibration_mem1
                0x0000000020002fd2        0x1 /home/ahyy/Drone/Flow/Build/px4flow-v1_default.build//home/ahyy/Drone/Flow/src/modules/flow/module.pre.o
                0x0000000020002fd2                calibration_mem1
 .bss.calibration_unused
                0x0000000020002fd3        0x1 /home/ahyy/Drone/Flow/Build/px4flow-v1_default.build//home/ahyy/Drone/Flow/src/modules/flow/module.pre.o
                0x0000000020002fd3                calibration_unused
 .bss.calibration_used
                0x0000000020002fd4        0x1 /home/ahyy/Drone/Flow/Build/px4flow-v1_default.build//home/ahyy/Drone/Flow/src/modules/flow/module.pre.o
                0x0000000020002fd4                calibration_used
 *fill*         0x0000000020002fd5        0x3 
 .bss.cycle_time
                0x0000000020002fd8        0x4 /home/ahyy/Drone/Flow/Build/px4flow-v1_default.build//home/ahyy/Drone/Flow/src/modules/flow/module.pre.o
                0x0000000020002fd8                cycle_time
 .bss.dcmi_image_buffer_8bit_1
                0x0000000020002fdc     0x5820 /home/ahyy/Drone/Flow/Build/px4flow-v1_default.build//home/ahyy/Drone/Flow/src/modules/flow/module.pre.o
                0x0000000020002fdc                dcmi_image_buffer_8bit_1
 .bss.dcmi_image_buffer_8bit_2
                0x00000000200087fc     0x5820 /home/ahyy/Drone/Flow/Build/px4flow-v1_default.build//home/ahyy/Drone/Flow/src/modules/flow/module.pre.o
                0x00000000200087fc                dcmi_image_buffer_8bit_2
 .bss.dcmi_image_buffer_8bit_3
                0x000000002000e01c     0x5820 /home/ahyy/Drone/Flow/Build/px4flow-v1_default.build//home/ahyy/Drone/Flow/src/modules/flow/module.pre.o
                0x000000002000e01c                dcmi_image_buffer_8bit_3
 .bss.frame_counter
                0x000000002001383c        0x4 /home/ahyy/Drone/Flow/Build/px4flow-v1_default.build//home/ahyy/Drone/Flow/src/modules/flow/module.pre.o
                0x000000002001383c                frame_counter
 .bss.image_counter
                0x0000000020013840        0x1 /home/ahyy/Drone/Flow/Build/px4flow-v1_default.build//home/ahyy/Drone/Flow/src/modules/flow/module.pre.o
                0x0000000020013840                image_counter
 *fill*         0x0000000020013841        0x3 
 .bss.time_between_images
                0x0000000020013844        0x4 /home/ahyy/Drone/Flow/Build/px4flow-v1_default.build//home/ahyy/Drone/Flow/src/modules/flow/module.pre.o
                0x0000000020013844                time_between_images
 .bss.time_between_next_images
                0x0000000020013848        0x4 /home/ahyy/Drone/Flow/Build/px4flow-v1_default.build//home/ahyy/Drone/Flow/src/modules/flow/module.pre.o
                0x0000000020013848                time_between_next_images
 .bss.time_last_frame
                0x000000002001384c        0x4 /home/ahyy/Drone/Flow/Build/px4flow-v1_default.build//home/ahyy/Drone/Flow/src/modules/flow/module.pre.o
                0x000000002001384c                time_last_frame
 .bss.gyro_scale
                0x0000000020013850        0x4 /home/ahyy/Drone/Flow/Build/px4flow-v1_default.build//home/ahyy/Drone/Flow/src/modules/flow/module.pre.o
                0x0000000020013850                gyro_scale
 .bss.sensor_range
                0x0000000020013854        0x4 /home/ahyy/Drone/Flow/Build/px4flow-v1_default.build//home/ahyy/Drone/Flow/src/modules/flow/module.pre.o
 .bss.x_rate_offset
                0x0000000020013858        0x4 /home/ahyy/Drone/Flow/Build/px4flow-v1_default.build//home/ahyy/Drone/Flow/src/modules/flow/module.pre.o
                0x0000000020013858                x_rate_offset
 .bss.y_rate_offset
                0x000000002001385c        0x4 /home/ahyy/Drone/Flow/Build/px4flow-v1_default.build//home/ahyy/Drone/Flow/src/modules/flow/module.pre.o
                0x000000002001385c                y_rate_offset
 .bss.z_rate_offset
                0x0000000020013860        0x4 /home/ahyy/Drone/Flow/Build/px4flow-v1_default.build//home/ahyy/Drone/Flow/src/modules/flow/module.pre.o
                0x0000000020013860                z_rate_offset
 .bss.usart2_rx_buffer
                0x0000000020013864     0x1000 /home/ahyy/Drone/Flow/Build/px4flow-v1_default.build//home/ahyy/Drone/Flow/src/modules/flow/module.pre.o
                0x0000000020013864                usart2_rx_buffer
 .bss.usart2_rx_counter_read
                0x0000000020014864        0x4 /home/ahyy/Drone/Flow/Build/px4flow-v1_default.build//home/ahyy/Drone/Flow/src/modules/flow/module.pre.o
                0x0000000020014864                usart2_rx_counter_read
 .bss.usart2_rx_counter_write
                0x0000000020014868        0x4 /home/ahyy/Drone/Flow/Build/px4flow-v1_default.build//home/ahyy/Drone/Flow/src/modules/flow/module.pre.o
                0x0000000020014868                usart2_rx_counter_write
 .bss.usart2_tx_counter_read
                0x000000002001486c        0x4 /home/ahyy/Drone/Flow/Build/px4flow-v1_default.build//home/ahyy/Drone/Flow/src/modules/flow/module.pre.o
                0x000000002001486c                usart2_tx_counter_read
 .bss.usart3_rx_buffer
                0x0000000020014870     0x1000 /home/ahyy/Drone/Flow/Build/px4flow-v1_default.build//home/ahyy/Drone/Flow/src/modules/flow/module.pre.o
                0x0000000020014870                usart3_rx_buffer
 .bss.usart3_rx_counter_read
                0x0000000020015870        0x4 /home/ahyy/Drone/Flow/Build/px4flow-v1_default.build//home/ahyy/Drone/Flow/src/modules/flow/module.pre.o
                0x0000000020015870                usart3_rx_counter_read
 .bss.usart3_rx_counter_write
                0x0000000020015874        0x4 /home/ahyy/Drone/Flow/Build/px4flow-v1_default.build//home/ahyy/Drone/Flow/src/modules/flow/module.pre.o
                0x0000000020015874                usart3_rx_counter_write
 .bss.usart3_tx_counter_read
                0x0000000020015878        0x4 /home/ahyy/Drone/Flow/Build/px4flow-v1_default.build//home/ahyy/Drone/Flow/src/modules/flow/module.pre.o
                0x0000000020015878                usart3_tx_counter_read
 .bss.data_buffer
                0x000000002001587c        0x5 /home/ahyy/Drone/Flow/Build/px4flow-v1_default.build//home/ahyy/Drone/Flow/src/modules/flow/module.pre.o
 *fill*         0x0000000020015881        0x3 
 .bss.data_counter
                0x0000000020015884        0x4 /home/ahyy/Drone/Flow/Build/px4flow-v1_default.build//home/ahyy/Drone/Flow/src/modules/flow/module.pre.o
 .bss.data_valid
                0x0000000020015888        0x4 /home/ahyy/Drone/Flow/Build/px4flow-v1_default.build//home/ahyy/Drone/Flow/src/modules/flow/module.pre.o
 .bss.dt        0x000000002001588c        0x4 /home/ahyy/Drone/Flow/Build/px4flow-v1_default.build//home/ahyy/Drone/Flow/src/modules/flow/module.pre.o
 .bss.last_measure_time
                0x0000000020015890        0x4 /home/ahyy/Drone/Flow/Build/px4flow-v1_default.build//home/ahyy/Drone/Flow/src/modules/flow/module.pre.o
 .bss.measure_time
                0x0000000020015894        0x4 /home/ahyy/Drone/Flow/Build/px4flow-v1_default.build//home/ahyy/Drone/Flow/src/modules/flow/module.pre.o
 .bss.new_value
                0x0000000020015898        0x4 /home/ahyy/Drone/Flow/Build/px4flow-v1_default.build//home/ahyy/Drone/Flow/src/modules/flow/module.pre.o
 .bss.sonar_measure_time
                0x000000002001589c        0x4 /home/ahyy/Drone/Flow/Build/px4flow-v1_default.build//home/ahyy/Drone/Flow/src/modules/flow/module.pre.o
 .bss.sonar_measure_time_interrupt
                0x00000000200158a0        0x4 /home/ahyy/Drone/Flow/Build/px4flow-v1_default.build//home/ahyy/Drone/Flow/src/modules/flow/module.pre.o
 .bss.sonar_mode
                0x00000000200158a4        0x4 /home/ahyy/Drone/Flow/Build/px4flow-v1_default.build//home/ahyy/Drone/Flow/src/modules/flow/module.pre.o
                0x00000000200158a4                sonar_mode
 .bss.sonar_raw
                0x00000000200158a8        0x4 /home/ahyy/Drone/Flow/Build/px4flow-v1_default.build//home/ahyy/Drone/Flow/src/modules/flow/module.pre.o
                0x00000000200158a8                sonar_raw
 .bss.sonar_valid
                0x00000000200158ac        0x1 /home/ahyy/Drone/Flow/Build/px4flow-v1_default.build//home/ahyy/Drone/Flow/src/modules/flow/module.pre.o
                0x00000000200158ac                sonar_valid
 *fill*         0x00000000200158ad        0x3 
 .bss.v_post    0x00000000200158b0        0x4 /home/ahyy/Drone/Flow/Build/px4flow-v1_default.build//home/ahyy/Drone/Flow/src/modules/flow/module.pre.o
                0x00000000200158b0                v_post
 .bss.v_pred    0x00000000200158b4        0x4 /home/ahyy/Drone/Flow/Build/px4flow-v1_default.build//home/ahyy/Drone/Flow/src/modules/flow/module.pre.o
                0x00000000200158b4                v_pred
 .bss.valid_data
                0x00000000200158b8        0x4 /home/ahyy/Drone/Flow/Build/px4flow-v1_default.build//home/ahyy/Drone/Flow/src/modules/flow/module.pre.o
 .bss.x_post    0x00000000200158bc        0x4 /home/ahyy/Drone/Flow/Build/px4flow-v1_default.build//home/ahyy/Drone/Flow/src/modules/flow/module.pre.o
                0x00000000200158bc                x_post
 .bss.x_pred    0x00000000200158c0        0x4 /home/ahyy/Drone/Flow/Build/px4flow-v1_default.build//home/ahyy/Drone/Flow/src/modules/flow/module.pre.o
                0x00000000200158c0                x_pred
 .bss.m_debug_buf_float
                0x00000000200158c4       0x40 /home/ahyy/Drone/Flow/Build/px4flow-v1_default.build//home/ahyy/Drone/Flow/src/modules/flow/module.pre.o
 .bss.m_debug_buf_int
                0x0000000020015904       0x40 /home/ahyy/Drone/Flow/Build/px4flow-v1_default.build//home/ahyy/Drone/Flow/src/modules/flow/module.pre.o
 .bss.m_debug_buf_pointer
                0x0000000020015944       0x40 /home/ahyy/Drone/Flow/Build/px4flow-v1_default.build//home/ahyy/Drone/Flow/src/modules/flow/module.pre.o
 .bss.m_debug_buf_type
                0x0000000020015984       0x10 /home/ahyy/Drone/Flow/Build/px4flow-v1_default.build//home/ahyy/Drone/Flow/src/modules/flow/module.pre.o
 .bss.m_debug_count
                0x0000000020015994        0x2 /home/ahyy/Drone/Flow/Build/px4flow-v1_default.build//home/ahyy/Drone/Flow/src/modules/flow/module.pre.o
 .bss.m_debug_index_read
                0x0000000020015996        0x1 /home/ahyy/Drone/Flow/Build/px4flow-v1_default.build//home/ahyy/Drone/Flow/src/modules/flow/module.pre.o
 .bss.m_debug_index_write
                0x0000000020015997        0x1 /home/ahyy/Drone/Flow/Build/px4flow-v1_default.build//home/ahyy/Drone/Flow/src/modules/flow/module.pre.o
 .bss.m_debug_was_full
                0x0000000020015998        0x1 /home/ahyy/Drone/Flow/Build/px4flow-v1_default.build//home/ahyy/Drone/Flow/src/modules/flow/module.pre.o
 *fill*         0x0000000020015999        0x3 
 .bss.APP_Tx_Buffer
                0x000000002001599c       0x80 /home/ahyy/Drone/Flow/Build/px4flow-v1_default.build//home/ahyy/Drone/Flow/src/modules/flow/module.pre.o
                0x000000002001599c                APP_Tx_Buffer
 .bss.APP_tx_ptr_head
                0x0000000020015a1c        0x4 /home/ahyy/Drone/Flow/Build/px4flow-v1_default.build//home/ahyy/Drone/Flow/src/modules/flow/module.pre.o
                0x0000000020015a1c                APP_tx_ptr_head
 .bss.APP_tx_ptr_tail
                0x0000000020015a20        0x4 /home/ahyy/Drone/Flow/Build/px4flow-v1_default.build//home/ahyy/Drone/Flow/src/modules/flow/module.pre.o
                0x0000000020015a20                APP_tx_ptr_tail
 .bss.accumulated_flow_x.21499
                0x0000000020015a24        0x4 /home/ahyy/Drone/Flow/Build/px4flow-v1_default.build//home/ahyy/Drone/Flow/src/modules/flow/module.pre.o
 .bss.accumulated_flow_y.21500
                0x0000000020015a28        0x4 /home/ahyy/Drone/Flow/Build/px4flow-v1_default.build//home/ahyy/Drone/Flow/src/modules/flow/module.pre.o
 .bss.accumulated_framecount.21501
                0x0000000020015a2c        0x2 /home/ahyy/Drone/Flow/Build/px4flow-v1_default.build//home/ahyy/Drone/Flow/src/modules/flow/module.pre.o
 *fill*         0x0000000020015a2e        0x2 
 .bss.accumulated_gyro_x.21503
                0x0000000020015a30        0x4 /home/ahyy/Drone/Flow/Build/px4flow-v1_default.build//home/ahyy/Drone/Flow/src/modules/flow/module.pre.o
 .bss.accumulated_gyro_y.21504
                0x0000000020015a34        0x4 /home/ahyy/Drone/Flow/Build/px4flow-v1_default.build//home/ahyy/Drone/Flow/src/modules/flow/module.pre.o
 .bss.accumulated_gyro_z.21505
                0x0000000020015a38        0x4 /home/ahyy/Drone/Flow/Build/px4flow-v1_default.build//home/ahyy/Drone/Flow/src/modules/flow/module.pre.o
 .bss.accumulated_quality.21502
                0x0000000020015a3c        0x2 /home/ahyy/Drone/Flow/Build/px4flow-v1_default.build//home/ahyy/Drone/Flow/src/modules/flow/module.pre.o