Archive member included to satisfy reference by file (symbol)

/opt/gcc-arm-none-eabi-7-2017-q4-major/bin/../lib/gcc/arm-none-eabi/7.2.1/thumb/v7e-m/fpv4-sp/hard/libgcc.a(_arm_addsubsf3.o)
                              /home/ahyy/Drone/Flow/Build/px4flow-v2_default.build//home/ahyy/Drone/Flow/src/modules/uavcannode/module.pre.o (__aeabi_l2f)
/opt/gcc-arm-none-eabi-7-2017-q4-major/bin/../lib/gcc/arm-none-eabi/7.2.1/thumb/v7e-m/fpv4-sp/hard/libgcc.a(_aeabi_ldivmod.o)
                              /home/ahyy/Drone/Flow/Build/px4flow-v2_default.build//home/ahyy/Drone/Flow/src/modules/uavcannode/module.pre.o (__aeabi_ldivmod)
/opt/gcc-arm-none-eabi-7-2017-q4-major/bin/../lib/gcc/arm-none-eabi/7.2.1/thumb/v7e-m/fpv4-sp/hard/libgcc.a(_udivmoddi4.o)
                              /opt/gcc-arm-none-eabi-7-2017-q4-major/bin/../lib/gcc/arm-none-eabi/7.2.1/thumb/v7e-m/fpv4-sp/hard/libgcc.a(_aeabi_ldivmod.o) (__udivmoddi4)
/opt/gcc-arm-none-eabi-7-2017-q4-major/bin/../lib/gcc/arm-none-eabi/7.2.1/thumb/v7e-m/fpv4-sp/hard/libgcc.a(_dvmd_tls.o)
                              /opt/gcc-arm-none-eabi-7-2017-q4-major/bin/../lib/gcc/arm-none-eabi/7.2.1/thumb/v7e-m/fpv4-sp/hard/libgcc.a(_aeabi_ldivmod.o) (__aeabi_ldiv0)

Discarded input sections

 .group         0x0000000000000000        0xc /home/ahyy/Drone/Flow/Build/px4flow-v2_default.build//home/ahyy/Drone/Flow/Build/px4flow-v2_default.build/empty.c.o
 .text          0x0000000000000000        0x0 /home/ahyy/Drone/Flow/Build/px4flow-v2_default.build//home/ahyy/Drone/Flow/Build/px4flow-v2_default.build/empty.c.o
 .data          0x0000000000000000        0x0 /home/ahyy/Drone/Flow/Build/px4flow-v2_default.build//home/ahyy/Drone/Flow/Build/px4flow-v2_default.build/empty.c.o
 .bss           0x0000000000000000        0x0 /home/ahyy/Drone/Flow/Build/px4flow-v2_default.build//home/ahyy/Drone/Flow/Build/px4flow-v2_default.build/empty.c.o
 .debug_info    0x0000000000000000       0x21 /home/ahyy/Drone/Flow/Build/px4flow-v2_default.build//home/ahyy/Drone/Flow/Build/px4flow-v2_default.build/empty.c.o
 .debug_abbrev  0x0000000000000000       0x13 /home/ahyy/Drone/Flow/Build/px4flow-v2_default.build//home/ahyy/Drone/Flow/Build/px4flow-v2_default.build/empty.c.o
 .debug_aranges
                0x0000000000000000       0x18 /home/ahyy/Drone/Flow/Build/px4flow-v2_default.build//home/ahyy/Drone/Flow/Build/px4flow-v2_default.build/empty.c.o
 .debug_macro   0x0000000000000000       0x11 /home/ahyy/Drone/Flow/Build/px4flow-v2_default.build//home/ahyy/Drone/Flow/Build/px4flow-v2_default.build/empty.c.o
 .debug_macro   0x0000000000000000      0xa6c /home/ahyy/Drone/Flow/Build/px4flow-v2_default.build//home/ahyy/Drone/Flow/Build/px4flow-v2_default.build/empty.c.o
 .debug_line    0x0000000000000000       0x5d /home/ahyy/Drone/Flow/Build/px4flow-v2_default.build//home/ahyy/Drone/Flow/Build/px4flow-v2_default.build/empty.c.o
 .debug_str     0x0000000000000000     0x2e03 /home/ahyy/Drone/Flow/Build/px4flow-v2_default.build//home/ahyy/Drone/Flow/Build/px4flow-v2_default.build/empty.c.o
 .comment       0x0000000000000000       0x7f /home/ahyy/Drone/Flow/Build/px4flow-v2_default.build//home/ahyy/Drone/Flow/Build/px4flow-v2_default.build/empty.c.o
 .ARM.attributes
                0x0000000000000000       0x35 /home/ahyy/Drone/Flow/Build/px4flow-v2_default.build//home/ahyy/Drone/Flow/Build/px4flow-v2_default.build/empty.c.o
 .group         0x0000000000000000        0xc /home/ahyy/Drone/Flow/Build/px4flow-v2_default.build//home/ahyy/Drone/Flow/src/drivers/boards/px4flow-v2/module.pre.o
 .group         0x0000000000000000        0xc /home/ahyy/Drone/Flow/Build/px4flow-v2_default.build//home/ahyy/Drone/Flow/src/drivers/boards/px4flow-v2/module.pre.o
 .group         0x0000000000000000        0xc /home/ahyy/Drone/Flow/Build/px4flow-v2_default.build//home/ahyy/Drone/Flow/src/drivers/boards/px4flow-v2/module.pre.o
 .group         0x0000000000000000        0xc /home/ahyy/Drone/Flow/Build/px4flow-v2_default.build//home/ahyy/Drone/Flow/src/drivers/boards/px4flow-v2/module.pre.o
 .group         0x0000000000000000        0xc /home/ahyy/Drone/Flow/Build/px4flow-v2_default.build//home/ahyy/Drone/Flow/src/drivers/boards/px4flow-v2/module.pre.o
 .group         0x0000000000000000        0xc /home/ahyy/Drone/Flow/Build/px4flow-v2_default.build//home/ahyy/Drone/Flow/src/drivers/boards/px4flow-v2/module.pre.o
 .group         0x0000000000000000        0xc /home/ahyy/Drone/Flow/Build/px4flow-v2_default.build//home/ahyy/Drone/Flow/src/drivers/boards/px4flow-v2/module.pre.o
 .group         0x0000000000000000        0xc /home/ahyy/Drone/Flow/Build/px4flow-v2_default.build//home/ahyy/Drone/Flow/src/drivers/boards/px4flow-v2/module.pre.o
 .group         0x0000000000000000        0xc /home/ahyy/Drone/Flow/Build/px4flow-v2_default.build//home/ahyy/Drone/Flow/src/drivers/boards/px4flow-v2/module.pre.o
[...]
Memory Configuration

Name             Origin             Length             Attributes
FLASH            0x0000000008004000 0x00000000001fc000 xr
RAM              0x0000000020000000 0x0000000000030000 xrw
CCM              0x0000000010000000 0x0000000000010000 xrw
*default*        0x0000000000000000 0xffffffffffffffff

Linker script and memory map

                0x0000000020030000                _estack = 0x20030000
                0x0000000000000000                _Min_Heap_Size = 0x0
                0x0000000000000400                _Min_Stack_Size = 0x400

.isr_vector     0x0000000008004000      0x1a8
                0x0000000008004000                . = ALIGN (0x4)
 *(.isr_vector)
 .isr_vector    0x0000000008004000      0x188 /home/ahyy/Drone/Flow/Build/px4flow-v2_default.build//home/ahyy/Drone/Flow/src/modules/flow/module.pre.o
                0x0000000008004000                g_pfnVectors
                0x0000000008004188                . = ALIGN (0x8)
 *(.app_descriptor)
 .app_descriptor
                0x0000000008004188       0x20 /home/ahyy/Drone/Flow/Build/px4flow-v2_default.build//home/ahyy/Drone/Flow/src/modules/uavcannode/module.pre.o
                0x0000000008004188                AppDescriptor

.text           0x00000000080041a8    0x19a3c
                0x00000000080041a8                . = ALIGN (0x4)
 *(.text)
 .text          0x00000000080041a8      0x21c /opt/gcc-arm-none-eabi-7-2017-q4-major/bin/../lib/gcc/arm-none-eabi/7.2.1/thumb/v7e-m/fpv4-sp/hard/libgcc.a(_arm_addsubsf3.o)
                0x00000000080041a8                __aeabi_frsub
                0x00000000080041b0                __subsf3
                0x00000000080041b0                __aeabi_fsub
                0x00000000080041b4                __aeabi_fadd
                0x00000000080041b4                __addsf3
                0x0000000008004314                __aeabi_ui2f
                0x0000000008004314                __floatunsisf
                0x000000000800431c                __aeabi_i2f
                0x000000000800431c                __floatsisf
                0x0000000008004338                __floatundisf
                0x0000000008004338                __aeabi_ul2f
                0x0000000008004348                __floatdisf
                0x0000000008004348                __aeabi_l2f
 .text          0x00000000080043c4       0xa0 /opt/gcc-arm-none-eabi-7-2017-q4-major/bin/../lib/gcc/arm-none-eabi/7.2.1/thumb/v7e-m/fpv4-sp/hard/libgcc.a(_aeabi_ldivmod.o)
                0x00000000080043c4                __aeabi_ldivmod
 .text          0x0000000008004464      0x2cc /opt/gcc-arm-none-eabi-7-2017-q4-major/bin/../lib/gcc/arm-none-eabi/7.2.1/thumb/v7e-m/fpv4-sp/hard/libgcc.a(_udivmoddi4.o)
                0x0000000008004464                __udivmoddi4
 .text          0x0000000008004730        0x4 /opt/gcc-arm-none-eabi-7-2017-q4-major/bin/../lib/gcc/arm-none-eabi/7.2.1/thumb/v7e-m/fpv4-sp/hard/libgcc.a(_dvmd_tls.o)
                0x0000000008004730                __aeabi_ldiv0
                0x0000000008004730                __aeabi_idiv0
 *(.text*)
 .text.board_initialize
                0x0000000008004734       0x40 /home/ahyy/Drone/Flow/Build/px4flow-v2_default.build//home/ahyy/Drone/Flow/src/drivers/boards/px4flow-v2/module.pre.o
                0x0000000008004734                board_initialize
 .text.board_app_initialize
                0x0000000008004774        0x4 /home/ahyy/Drone/Flow/Build/px4flow-v2_default.build//home/ahyy/Drone/Flow/src/drivers/boards/px4flow-v2/module.pre.o
                0x0000000008004774                board_app_initialize
 .text.board_reset
                0x0000000008004778       0x10 /home/ahyy/Drone/Flow/Build/px4flow-v2_default.build//home/ahyy/Drone/Flow/src/drivers/boards/px4flow-v2/module.pre.o
                0x0000000008004778                board_reset
 .text.board_get_serialnumber
                0x0000000008004788       0x18 /home/ahyy/Drone/Flow/Build/px4flow-v2_default.build//home/ahyy/Drone/Flow/src/drivers/boards/px4flow-v2/module.pre.o
                0x0000000008004788                board_get_serialnumber
 .text.board_led_rgb
                0x00000000080047a0      0x104 /home/ahyy/Drone/Flow/Build/px4flow-v2_default.build//home/ahyy/Drone/Flow/src/drivers/boards/px4flow-v2/module.pre.o
                0x00000000080047a0                board_led_rgb
 .text.calulate_signature
                0x00000000080048a4       0x24 /home/ahyy/Drone/Flow/Build/px4flow-v2_default.build//home/ahyy/Drone/Flow/src/drivers/boards/px4flow-v2/module.pre.o
 .text.bootloader_app_shared_read
                0x00000000080048c8       0x7c /home/ahyy/Drone/Flow/Build/px4flow-v2_default.build//home/ahyy/Drone/Flow/src/drivers/boards/px4flow-v2/module.pre.o
                0x00000000080048c8                bootloader_app_shared_read
 .text.bootloader_app_shared_write
                0x0000000008004944       0x64 /home/ahyy/Drone/Flow/Build/px4flow-v2_default.build//home/ahyy/Drone/Flow/src/drivers/boards/px4flow-v2/module.pre.o
                0x0000000008004944                bootloader_app_shared_write
 .text.bootloader_app_shared_invalidate
                0x00000000080049a8       0x20 /home/ahyy/Drone/Flow/Build/px4flow-v2_default.build//home/ahyy/Drone/Flow/src/drivers/boards/px4flow-v2/module.pre.o
                0x00000000080049a8                bootloader_app_shared_invalidate
 .text.crc64_add_word
                0x00000000080049c8       0x50 /home/ahyy/Drone/Flow/Build/px4flow-v2_default.build//home/ahyy/Drone/Flow/src/drivers/boards/px4flow-v2/module.pre.o
                0x00000000080049c8                crc64_add_word
 .text.Reset_Handler
                0x0000000008004a18       0x48 /home/ahyy/Drone/Flow/Build/px4flow-v2_default.build//home/ahyy/Drone/Flow/src/modules/flow/module.pre.o
                0x0000000008004a18                Reset_Handler
 .text.Default_Handler
                0x0000000008004a60        0x2 /home/ahyy/Drone/Flow/Build/px4flow-v2_default.build//home/ahyy/Drone/Flow/src/modules/flow/module.pre.o
                0x0000000008004a60                RTC_Alarm_IRQHandler
                0x0000000008004a60                HASH_RNG_IRQHandler
                0x0000000008004a60                EXTI2_IRQHandler
                0x0000000008004a60                TIM8_CC_IRQHandler
                0x0000000008004a60                TIM1_CC_IRQHandler
                0x0000000008004a60                DMA2_Stream5_IRQHandler
                0x0000000008004a60                DMA1_Stream5_IRQHandler
                0x0000000008004a60                PVD_IRQHandler
                0x0000000008004a60                SDIO_IRQHandler
                0x0000000008004a60                TAMP_STAMP_IRQHandler
                0x0000000008004a60                CAN2_RX1_IRQHandler
                0x0000000008004a60                EXTI3_IRQHandler
                0x0000000008004a60                TIM8_TRG_COM_TIM14_IRQHandler
                0x0000000008004a60                TIM1_UP_TIM10_IRQHandler
                0x0000000008004a60                TIM8_UP_TIM13_IRQHandler
                0x0000000008004a60                I2C3_ER_IRQHandler
                0x0000000008004a60                EXTI0_IRQHandler
                0x0000000008004a60                I2C2_EV_IRQHandler
                0x0000000008004a60                DMA1_Stream2_IRQHandler
                0x0000000008004a60                FPU_IRQHandler
                0x0000000008004a60                OTG_HS_WKUP_IRQHandler
                0x0000000008004a60                CAN2_SCE_IRQHandler
                0x0000000008004a60                DMA2_Stream2_IRQHandler
                0x0000000008004a60                SPI1_IRQHandler
                0x0000000008004a60                TIM6_DAC_IRQHandler
                0x0000000008004a60                TIM1_BRK_TIM9_IRQHandler
                0x0000000008004a60                CAN2_RX0_IRQHandler
                0x0000000008004a60                DMA2_Stream3_IRQHandler
                0x0000000008004a60                USART6_IRQHandler
                0x0000000008004a60                CRYP_IRQHandler
                0x0000000008004a60                UART5_IRQHandler
                0x0000000008004a60                DMA2_Stream0_IRQHandler
                0x0000000008004a60                TIM4_IRQHandler
                0x0000000008004a60                DMA1_Stream6_IRQHandler
                0x0000000008004a60                DMA1_Stream1_IRQHandler
                0x0000000008004a60                TIM3_IRQHandler
                0x0000000008004a60                RCC_IRQHandler
                0x0000000008004a60                TIM8_BRK_TIM12_IRQHandler
                0x0000000008004a60                Default_Handler
                0x0000000008004a60                EXTI15_10_IRQHandler
                0x0000000008004a60                ADC_IRQHandler
                0x0000000008004a60                DMA1_Stream7_IRQHandler
                0x0000000008004a60                TIM7_IRQHandler
                0x0000000008004a60                CAN2_TX_IRQHandler
                0x0000000008004a60                TIM5_IRQHandler
                0x0000000008004a60                DMA2_Stream7_IRQHandler
                0x0000000008004a60                I2C3_EV_IRQHandler
                0x0000000008004a60                EXTI9_5_IRQHandler
                0x0000000008004a60                RTC_WKUP_IRQHandler
                0x0000000008004a60                ETH_WKUP_IRQHandler
                0x0000000008004a60                SPI2_IRQHandler
                0x0000000008004a60                OTG_HS_EP1_IN_IRQHandler
                0x0000000008004a60                DMA1_Stream0_IRQHandler
                0x0000000008004a60                EXTI4_IRQHandler
                0x0000000008004a60                FSMC_IRQHandler
                0x0000000008004a60                ETH_IRQHandler
                0x0000000008004a60                OTG_HS_EP1_OUT_IRQHandler
                0x0000000008004a60                WWDG_IRQHandler
                0x0000000008004a60                OTG_FS_WKUP_IRQHandler
                0x0000000008004a60                TIM1_TRG_COM_TIM11_IRQHandler
                0x0000000008004a60                OTG_HS_IRQHandler
                0x0000000008004a60                EXTI1_IRQHandler
                0x0000000008004a60                I2C2_ER_IRQHandler
                0x0000000008004a60                FLASH_IRQHandler
                0x0000000008004a60                DMA2_Stream4_IRQHandler
                0x0000000008004a60                USART1_IRQHandler
                0x0000000008004a60                SPI3_IRQHandler
                0x0000000008004a60                DMA1_Stream4_IRQHandler
                0x0000000008004a60                DMA2_Stream6_IRQHandler
                0x0000000008004a60                DMA1_Stream3_IRQHandler
 *fill*         0x0000000008004a62        0x2 
 .text.SystemInit
                0x0000000008004a64      0x100 /home/ahyy/Drone/Flow/Build/px4flow-v2_default.build//home/ahyy/Drone/Flow/src/modules/flow/module.pre.o
                0x0000000008004a64                SystemInit
 .text.NMI_Handler
                0x0000000008004b64        0x4 /home/ahyy/Drone/Flow/Build/px4flow-v2_default.build//home/ahyy/Drone/Flow/src/modules/flow/module.pre.o
                0x0000000008004b64                NMI_Handler
 .text.HardFault_Handler
                0x0000000008004b68        0x4 /home/ahyy/Drone/Flow/Build/px4flow-v2_default.build//home/ahyy/Drone/Flow/src/modules/flow/module.pre.o
                0x0000000008004b68                HardFault_Handler
 .text.MemManage_Handler
                0x0000000008004b6c        0x4 /home/ahyy/Drone/Flow/Build/px4flow-v2_default.build//home/ahyy/Drone/Flow/src/modules/flow/module.pre.o
                0x0000000008004b6c                MemManage_Handler
 .text.BusFault_Handler
                0x0000000008004b70        0x4 /home/ahyy/Drone/Flow/Build/px4flow-v2_default.build//home/ahyy/Drone/Flow/src/modules/flow/module.pre.o
                0x0000000008004b70                BusFault_Handler
 .text.UsageFault_Handler
                0x0000000008004b74        0x4 /home/ahyy/Drone/Flow/Build/px4flow-v2_default.build//home/ahyy/Drone/Flow/src/modules/flow/module.pre.o
                0x0000000008004b74                UsageFault_Handler
 .text.SVC_Handler
                0x0000000008004b78        0x4 /home/ahyy/Drone/Flow/Build/px4flow-v2_default.build//home/ahyy/Drone/Flow/src/modules/flow/module.pre.o
                0x0000000008004b78                SVC_Handler
 .text.DebugMon_Handler
                0x0000000008004b7c        0x4 /home/ahyy/Drone/Flow/Build/px4flow-v2_default.build//home/ahyy/Drone/Flow/src/modules/flow/module.pre.o
                0x0000000008004b7c                DebugMon_Handler
 .text.PendSV_Handler
                0x0000000008004b80        0x4 /home/ahyy/Drone/Flow/Build/px4flow-v2_default.build//home/ahyy/Drone/Flow/src/modules/flow/module.pre.o
                0x0000000008004b80                PendSV_Handler
 .text.SysTick_Handler
                0x0000000008004b84        0x4 /home/ahyy/Drone/Flow/Build/px4flow-v2_default.build//home/ahyy/Drone/Flow/src/modules/flow/module.pre.o
                0x0000000008004b84                SysTick_Handler
 .text.OTG_FS_IRQHandler
                0x0000000008004b88        0xc /home/ahyy/Drone/Flow/Build/px4flow-v2_default.build//home/ahyy/Drone/Flow/src/modules/flow/module.pre.o
                0x0000000008004b88                OTG_FS_IRQHandler
 .text.timer_update
                0x0000000008004b94      0x12c /home/ahyy/Drone/Flow/Build/px4flow-v2_default.build//home/ahyy/Drone/Flow/src/modules/flow/module.pre.o
                0x0000000008004b94                timer_update
 .text.get_boot_time_us
                0x0000000008004cc0       0x10 /home/ahyy/Drone/Flow/Build/px4flow-v2_default.build//home/ahyy/Drone/Flow/src/modules/flow/module.pre.o
                0x0000000008004cc0                get_boot_time_us
 .text.delay    0x0000000008004cd0       0x10 /home/ahyy/Drone/Flow/Build/px4flow-v2_default.build//home/ahyy/Drone/Flow/src/modules/flow/module.pre.o
                0x0000000008004cd0                delay
 .text.buffer_reset
                0x0000000008004ce0        0xc /home/ahyy/Drone/Flow/Build/px4flow-v2_default.build//home/ahyy/Drone/Flow/src/modules/flow/module.pre.o
                0x0000000008004ce0                buffer_reset
 .text.startup.main
                0x0000000008004cec     0x14e8 /home/ahyy/Drone/Flow/Build/px4flow-v2_default.build//home/ahyy/Drone/Flow/src/modules/flow/module.pre.o
                0x0000000008004cec                main
 .text.flow_ftoa
                0x00000000080061d4      0x148 /home/ahyy/Drone/Flow/Build/px4flow-v2_default.build//home/ahyy/Drone/Flow/src/modules/flow/module.pre.o
                0x00000000080061d4                flow_ftoa
 .text.LEDInit  0x000000000800631c       0x40 /home/ahyy/Drone/Flow/Build/px4flow-v2_default.build//home/ahyy/Drone/Flow/src/modules/flow/module.pre.o
                0x000000000800631c                LEDInit
 .text.LEDOff   0x000000000800635c       0x18 /home/ahyy/Drone/Flow/Build/px4flow-v2_default.build//home/ahyy/Drone/Flow/src/modules/flow/module.pre.o
                0x000000000800635c                LEDOff
 .text.LEDToggle
                0x0000000008006374       0x18 /home/ahyy/Drone/Flow/Build/px4flow-v2_default.build//home/ahyy/Drone/Flow/src/modules/flow/module.pre.o
                0x0000000008006374                LEDToggle
 .text.global_data_reset_param_defaults
                0x000000000800638c      0x6d4 /home/ahyy/Drone/Flow/Build/px4flow-v2_default.build//home/ahyy/Drone/Flow/src/modules/flow/module.pre.o
                0x000000000800638c                global_data_reset_param_defaults
 .text.global_data_reset
                0x0000000008006a60        0x4 /home/ahyy/Drone/Flow/Build/px4flow-v2_default.build//home/ahyy/Drone/Flow/src/modules/flow/module.pre.o
                0x0000000008006a60                global_data_reset
 .text.set_sensor_position_settings
                0x0000000008006a64       0x28 /home/ahyy/Drone/Flow/Build/px4flow-v2_default.build//home/ahyy/Drone/Flow/src/modules/flow/module.pre.o
                0x0000000008006a64                set_sensor_position_settings
 .text.communication_init
                0x0000000008006a8c       0x2c /home/ahyy/Drone/Flow/Build/px4flow-v2_default.build//home/ahyy/Drone/Flow/src/modules/flow/module.pre.o
                0x0000000008006a8c                communication_init
 .text.communication_system_state_send
                0x0000000008006ab8      0x408 /home/ahyy/Drone/Flow/Build/px4flow-v2_default.build//home/ahyy/Drone/Flow/src/modules/flow/module.pre.o
                0x0000000008006ab8                communication_system_state_send
 .text.communication_parameter_send
                0x0000000008006ec0      0x2b8 /home/ahyy/Drone/Flow/Build/px4flow-v2_default.build//home/ahyy/Drone/Flow/src/modules/flow/module.pre.o
                0x0000000008006ec0                communication_parameter_send
 .text.communication_receive
                0x0000000008007178     0x152c /home/ahyy/Drone/Flow/Build/px4flow-v2_default.build//home/ahyy/Drone/Flow/src/modules/flow/module.pre.o
                0x0000000008007178                communication_receive
 .text.communication_receive_forward
                0x00000000080086a4      0x26c /home/ahyy/Drone/Flow/Build/px4flow-v2_default.build//home/ahyy/Drone/Flow/src/modules/flow/module.pre.o
                0x00000000080086a4                communication_receive_forward
 .text.communication_receive_usb
                0x0000000008008910     0x1634 /home/ahyy/Drone/Flow/Build/px4flow-v2_default.build//home/ahyy/Drone/Flow/src/modules/flow/module.pre.o
                0x0000000008008910                communication_receive_usb
 .text.mavlink_send_uart_bytes
                0x0000000008009f44       0x38 /home/ahyy/Drone/Flow/Build/px4flow-v2_default.build//home/ahyy/Drone/Flow/src/modules/flow/module.pre.o
                0x0000000008009f44                mavlink_send_uart_bytes
 .text.mavlink_get_channel_status
                0x0000000008009f7c       0x10 /home/ahyy/Drone/Flow/Build/px4flow-v2_default.build//home/ahyy/Drone/Flow/src/modules/flow/module.pre.o
                0x0000000008009f7c                mavlink_get_channel_status
 .text.compute_flow
                0x0000000008009f8c      0xe18 /home/ahyy/Drone/Flow/Build/px4flow-v2_default.build//home/ahyy/Drone/Flow/src/modules/flow/module.pre.o
                0x0000000008009f8c                compute_flow
 .text.dcmi_restart_calibration_routine
                0x000000000800ada4       0x58 /home/ahyy/Drone/Flow/Build/px4flow-v2_default.build//home/ahyy/Drone/Flow/src/modules/flow/module.pre.o
                0x000000000800ada4                dcmi_restart_calibration_routine
 .text.DCMI_IRQHandler
                0x000000000800adfc       0x18 /home/ahyy/Drone/Flow/Build/px4flow-v2_default.build//home/ahyy/Drone/Flow/src/modules/flow/module.pre.o
                0x000000000800adfc                DCMI_IRQHandler
 .text.dma_swap_buffers
                0x000000000800ae14       0xd4 /home/ahyy/Drone/Flow/Build/px4flow-v2_default.build//home/ahyy/Drone/Flow/src/modules/flow/module.pre.o
                0x000000000800ae14                dma_swap_buffers
 .text.DMA2_Stream1_IRQHandler
                0x000000000800aee8       0xc8 /home/ahyy/Drone/Flow/Build/px4flow-v2_default.build//home/ahyy/Drone/Flow/src/modules/flow/module.pre.o
                0x000000000800aee8                DMA2_Stream1_IRQHandler
 .text.get_time_between_images
                0x000000000800afb0        0xc /home/ahyy/Drone/Flow/Build/px4flow-v2_default.build//home/ahyy/Drone/Flow/src/modules/flow/module.pre.o
                0x000000000800afb0                get_time_between_images
 .text.get_frame_counter
                0x000000000800afbc        0xc /home/ahyy/Drone/Flow/Build/px4flow-v2_default.build//home/ahyy/Drone/Flow/src/modules/flow/module.pre.o
                0x000000000800afbc                get_frame_counter
 .text.dma_copy_image_buffers
                0x000000000800afc8       0xa0 /home/ahyy/Drone/Flow/Build/px4flow-v2_default.build//home/ahyy/Drone/Flow/src/modules/flow/module.pre.o
                0x000000000800afc8                dma_copy_image_buffers
 .text.send_calibration_image
                0x000000000800b068      0x5e0 /home/ahyy/Drone/Flow/Build/px4flow-v2_default.build//home/ahyy/Drone/Flow/src/modules/flow/module.pre.o
                0x000000000800b068                send_calibration_image
 .text.dcmi_clock_init
                0x000000000800b648       0x8c /home/ahyy/Drone/Flow/Build/px4flow-v2_default.build//home/ahyy/Drone/Flow/src/modules/flow/module.pre.o
                0x000000000800b648                dcmi_clock_init
 .text.dcmi_hw_init
                0x000000000800b6d4      0x1b4 /home/ahyy/Drone/Flow/Build/px4flow-v2_default.build//home/ahyy/Drone/Flow/src/modules/flow/module.pre.o
                0x000000000800b6d4                dcmi_hw_init
 .text.dcmi_dma_init
                0x000000000800b888       0xa8 /home/ahyy/Drone/Flow/Build/px4flow-v2_default.build//home/ahyy/Drone/Flow/src/modules/flow/module.pre.o
                0x000000000800b888                dcmi_dma_init
 .text.enable_image_capture
                0x000000000800b930       0x74 /home/ahyy/Drone/Flow/Build/px4flow-v2_default.build//home/ahyy/Drone/Flow/src/modules/flow/module.pre.o
                0x000000000800b930                enable_image_capture
 .text.dma_reconfigure
                0x000000000800b9a4       0x94 /home/ahyy/Drone/Flow/Build/px4flow-v2_default.build//home/ahyy/Drone/Flow/src/modules/flow/module.pre.o
                0x000000000800b9a4                dma_reconfigure
 .text.mt9v034_WriteReg
                0x000000000800ba38       0xb8 /home/ahyy/Drone/Flow/Build/px4flow-v2_default.build//home/ahyy/Drone/Flow/src/modules/flow/module.pre.o
                0x000000000800ba38                mt9v034_WriteReg
 .text.mt9v034_set_context
                0x000000000800baf0       0x2c /home/ahyy/Drone/Flow/Build/px4flow-v2_default.build//home/ahyy/Drone/Flow/src/modules/flow/module.pre.o
                0x000000000800baf0                mt9v034_set_context
 .text.mt9v034_ReadReg
                0x000000000800bb1c      0x10c /home/ahyy/Drone/Flow/Build/px4flow-v2_default.build//home/ahyy/Drone/Flow/src/modules/flow/module.pre.o
                0x000000000800bb1c                mt9v034_ReadReg
 .text.mt9v034_context_configuration
                0x000000000800bc28      0x460 /home/ahyy/Drone/Flow/Build/px4flow-v2_default.build//home/ahyy/Drone/Flow/src/modules/flow/module.pre.o
                0x000000000800bc28                mt9v034_context_configuration
 .text.gyro_read
                0x000000000800c088      0x290 /home/ahyy/Drone/Flow/Build/px4flow-v2_default.build//home/ahyy/Drone/Flow/src/modules/flow/module.pre.o
                0x000000000800c088                gyro_read
 .text.l3gd20_config
                0x000000000800c318      0x1b0 /home/ahyy/Drone/Flow/Build/px4flow-v2_default.build//home/ahyy/Drone/Flow/src/modules/flow/module.pre.o
                0x000000000800c318                l3gd20_config
 .text.spi_config
                0x000000000800c4c8       0xc4 /home/ahyy/Drone/Flow/Build/px4flow-v2_default.build//home/ahyy/Drone/Flow/src/modules/flow/module.pre.o
                0x000000000800c4c8                spi_config
 .text.gyro_config
                0x000000000800c58c      0x1b4 /home/ahyy/Drone/Flow/Build/px4flow-v2_default.build//home/ahyy/Drone/Flow/src/modules/flow/module.pre.o
                0x000000000800c58c                gyro_config
 .text.getGyroRange
                0x000000000800c740        0xc /home/ahyy/Drone/Flow/Build/px4flow-v2_default.build//home/ahyy/Drone/Flow/src/modules/flow/module.pre.o
                0x000000000800c740                getGyroRange
 .text.getGyroScalingFactor
                0x000000000800c74c       0x20 /home/ahyy/Drone/Flow/Build/px4flow-v2_default.build//home/ahyy/Drone/Flow/src/modules/flow/module.pre.o
                0x000000000800c74c                getGyroScalingFactor
 .text.usart2_tx_ringbuffer_push
                0x000000000800c76c       0x8c /home/ahyy/Drone/Flow/Build/px4flow-v2_default.build//home/ahyy/Drone/Flow/src/modules/flow/module.pre.o
                0x000000000800c76c                usart2_tx_ringbuffer_push
 .text.usart3_tx_ringbuffer_push
                0x000000000800c7f8       0x8c /home/ahyy/Drone/Flow/Build/px4flow-v2_default.build//home/ahyy/Drone/Flow/src/modules/flow/module.pre.o
                0x000000000800c7f8                usart3_tx_ringbuffer_push
 .text.usart2_char_available
                0x000000000800c884       0x18 /home/ahyy/Drone/Flow/Build/px4flow-v2_default.build//home/ahyy/Drone/Flow/src/modules/flow/module.pre.o
                0x000000000800c884                usart2_char_available
 .text.usart3_char_available
                0x000000000800c89c       0x18 /home/ahyy/Drone/Flow/Build/px4flow-v2_default.build//home/ahyy/Drone/Flow/src/modules/flow/module.pre.o
                0x000000000800c89c                usart3_char_available
 .text.usart2_rx_ringbuffer_pop
                0x000000000800c8b4       0x48 /home/ahyy/Drone/Flow/Build/px4flow-v2_default.build//home/ahyy/Drone/Flow/src/modules/flow/module.pre.o
                0x000000000800c8b4                usart2_rx_ringbuffer_pop
 .text.usart3_rx_ringbuffer_pop
                0x000000000800c8fc       0x48 /home/ahyy/Drone/Flow/Build/px4flow-v2_default.build//home/ahyy/Drone/Flow/src/modules/flow/module.pre.o
                0x000000000800c8fc                usart3_rx_ringbuffer_pop
 .text.USART2_IRQHandler
                0x000000000800c944       0xb0 /home/ahyy/Drone/Flow/Build/px4flow-v2_default.build//home/ahyy/Drone/Flow/src/modules/flow/module.pre.o
                0x000000000800c944                USART2_IRQHandler
 .text.USART3_IRQHandler
                0x000000000800c9f4       0xb0 /home/ahyy/Drone/Flow/Build/px4flow-v2_default.build//home/ahyy/Drone/Flow/src/modules/flow/module.pre.o
                0x000000000800c9f4                USART3_IRQHandler
 .text.usart_init
                0x000000000800caa4      0x13c /home/ahyy/Drone/Flow/Build/px4flow-v2_default.build//home/ahyy/Drone/Flow/src/modules/flow/module.pre.o
                0x000000000800caa4                usart_init
 .text.sonar_trigger
                0x000000000800cbe0       0x10 /home/ahyy/Drone/Flow/Build/px4flow-v2_default.build//home/ahyy/Drone/Flow/src/modules/flow/module.pre.o
                0x000000000800cbe0                sonar_trigger
 .text.UART4_IRQHandler
                0x000000000800cbf0      0x154 /home/ahyy/Drone/Flow/Build/px4flow-v2_default.build//home/ahyy/Drone/Flow/src/modules/flow/module.pre.o
                0x000000000800cbf0                UART4_IRQHandler
 .text.sonar_read
                0x000000000800cd44       0xf0 /home/ahyy/Drone/Flow/Build/px4flow-v2_default.build//home/ahyy/Drone/Flow/src/modules/flow/module.pre.o
                0x000000000800cd44                sonar_read
 .text.sonar_config
                0x000000000800ce34       0xb4 /home/ahyy/Drone/Flow/Build/px4flow-v2_default.build//home/ahyy/Drone/Flow/src/modules/flow/module.pre.o
                0x000000000800ce34                sonar_config
 .text.get_sonar_measure_time
                0x000000000800cee8        0xc /home/ahyy/Drone/Flow/Build/px4flow-v2_default.build//home/ahyy/Drone/Flow/src/modules/flow/module.pre.o
                0x000000000800cee8                get_sonar_measure_time
 .text.debug_string_message_buffer
                0x000000000800cef4       0x5c /home/ahyy/Drone/Flow/Build/px4flow-v2_default.build//home/ahyy/Drone/Flow/src/modules/flow/module.pre.o
                0x000000000800cef4                debug_string_message_buffer
 .text.debug_int_message_buffer
                0x000000000800cf50       0x64 /home/ahyy/Drone/Flow/Build/px4flow-v2_default.build//home/ahyy/Drone/Flow/src/modules/flow/module.pre.o
                0x000000000800cf50                debug_int_message_buffer
 .text.debug_message_send_one
                0x000000000800cfb4      0x378 /home/ahyy/Drone/Flow/Build/px4flow-v2_default.build//home/ahyy/Drone/Flow/src/modules/flow/module.pre.o
                0x000000000800cfb4                debug_message_send_one
 .text.USB_OTG_BSP_Init
                0x000000000800d32c       0x8c /home/ahyy/Drone/Flow/Build/px4flow-v2_default.build//home/ahyy/Drone/Flow/src/modules/flow/module.pre.o
                0x000000000800d32c                USB_OTG_BSP_Init
 .text.USB_OTG_BSP_EnableInterrupt
                0x000000000800d3b8       0x24 /home/ahyy/Drone/Flow/Build/px4flow-v2_default.build//home/ahyy/Drone/Flow/src/modules/flow/module.pre.o
                0x000000000800d3b8                USB_OTG_BSP_EnableInterrupt
 .text.USB_OTG_BSP_uDelay
                0x000000000800d3dc       0x24 /home/ahyy/Drone/Flow/Build/px4flow-v2_default.build//home/ahyy/Drone/Flow/src/modules/flow/module.pre.o
                0x000000000800d3dc                USB_OTG_BSP_uDelay
 .text.USB_OTG_BSP_mDelay
                0x000000000800d400       0x28 /home/ahyy/Drone/Flow/Build/px4flow-v2_default.build//home/ahyy/Drone/Flow/src/modules/flow/module.pre.o
                0x000000000800d400                USB_OTG_BSP_mDelay
 .text.VCP_Init
                0x000000000800d428        0x4 /home/ahyy/Drone/Flow/Build/px4flow-v2_default.build//home/ahyy/Drone/Flow/src/modules/flow/module.pre.o
 .text.VCP_DataTx
                0x000000000800d42c       0x44 /home/ahyy/Drone/Flow/Build/px4flow-v2_default.build//home/ahyy/Drone/Flow/src/modules/flow/module.pre.o
 .text.VCP_DataRx
                0x000000000800d470       0x50 /home/ahyy/Drone/Flow/Build/px4flow-v2_default.build//home/ahyy/Drone/Flow/src/modules/flow/module.pre.o
 .text.VCP_Ctrl
                0x000000000800d4c0       0x2c /home/ahyy/Drone/Flow/Build/px4flow-v2_default.build//home/ahyy/Drone/Flow/src/modules/flow/module.pre.o
 .text.VCP_DeInit
                0x000000000800d4ec        0x4 /home/ahyy/Drone/Flow/Build/px4flow-v2_default.build//home/ahyy/Drone/Flow/src/modules/flow/module.pre.o
 .text.VCP_put_char
                0x000000000800d4f0       0x28 /home/ahyy/Drone/Flow/Build/px4flow-v2_default.build//home/ahyy/Drone/Flow/src/modules/flow/module.pre.o
                0x000000000800d4f0                VCP_put_char
 .text.VCP_get_char
                0x000000000800d518       0x34 /home/ahyy/Drone/Flow/Build/px4flow-v2_default.build//home/ahyy/Drone/Flow/src/modules/flow/module.pre.o
                0x000000000800d518                VCP_get_char
 .text.USBD_USR_DeviceDescriptor
                0x000000000800d54c        0xc /home/ahyy/Drone/Flow/Build/px4flow-v2_default.build//home/ahyy/Drone/Flow/src/modules/flow/module.pre.o
                0x000000000800d54c                USBD_USR_DeviceDescriptor
 .text.USBD_USR_LangIDStrDescriptor
                0x000000000800d558        0xc /home/ahyy/Drone/Flow/Build/px4flow-v2_default.build//home/ahyy/Drone/Flow/src/modules/flow/module.pre.o
                0x000000000800d558                USBD_USR_LangIDStrDescriptor
 .text.USBD_USR_ManufacturerStrDescriptor
                0x000000000800d564       0x1c /home/ahyy/Drone/Flow/Build/px4flow-v2_default.build//home/ahyy/Drone/Flow/src/modules/flow/module.pre.o
                0x000000000800d564                USBD_USR_ManufacturerStrDescriptor
 .text.USBD_USR_ProductStrDescriptor
                0x000000000800d580       0x1c /home/ahyy/Drone/Flow/Build/px4flow-v2_default.build//home/ahyy/Drone/Flow/src/modules/flow/module.pre.o
                0x000000000800d580                USBD_USR_ProductStrDescriptor
 .text.USBD_USR_SerialStrDescriptor
                0x000000000800d59c       0x1c /home/ahyy/Drone/Flow/Build/px4flow-v2_default.build//home/ahyy/Drone/Flow/src/modules/flow/module.pre.o
                0x000000000800d59c                USBD_USR_SerialStrDescriptor
 .text.USBD_USR_ConfigStrDescriptor
                0x000000000800d5b8       0x1c /home/ahyy/Drone/Flow/Build/px4flow-v2_default.build//home/ahyy/Drone/Flow/src/modules/flow/module.pre.o
                0x000000000800d5b8                USBD_USR_ConfigStrDescriptor
 .text.USBD_USR_InterfaceStrDescriptor
                0x000000000800d5d4       0x1c /home/ahyy/Drone/Flow/Build/px4flow-v2_default.build//home/ahyy/Drone/Flow/src/modules/flow/module.pre.o
                0x000000000800d5d4                USBD_USR_InterfaceStrDescriptor
 .text.USBD_USR_Init
                0x000000000800d5f0        0x4 /home/ahyy/Drone/Flow/Build/px4flow-v2_default.build//home/ahyy/Drone/Flow/src/modules/flow/module.pre.o
                0x000000000800d5f0                USBD_USR_Init
 .text.USBD_USR_DeviceReset
                0x000000000800d5f4        0x4 /home/ahyy/Drone/Flow/Build/px4flow-v2_default.build//home/ahyy/Drone/Flow/src/modules/flow/module.pre.o
                0x000000000800d5f4                USBD_USR_DeviceReset
 .text.USBD_USR_DeviceDisconnected
                0x000000000800d5f8        0x4 /home/ahyy/Drone/Flow/Build/px4flow-v2_default.build//home/ahyy/Drone/Flow/src/modules/flow/module.pre.o
                0x000000000800d5f8                USBD_USR_DeviceDisconnected
 .text.USBD_USR_DeviceConfigured
                0x000000000800d5fc        0x4 /home/ahyy/Drone/Flow/Build/px4flow-v2_default.build//home/ahyy/Drone/Flow/src/modules/flow/module.pre.o
                0x000000000800d5fc                USBD_USR_DeviceConfigured
 .text.USBD_USR_DeviceSuspended
                0x000000000800d600        0x4 /home/ahyy/Drone/Flow/Build/px4flow-v2_default.build//home/ahyy/Drone/Flow/src/modules/flow/module.pre.o
                0x000000000800d600                USBD_USR_DeviceSuspended
 .text.USBD_USR_DeviceResumed
                0x000000000800d604        0x4 /home/ahyy/Drone/Flow/Build/px4flow-v2_default.build//home/ahyy/Drone/Flow/src/modules/flow/module.pre.o
                0x000000000800d604                USBD_USR_DeviceResumed
 .text.USBD_USR_DeviceConnected
                0x000000000800d608        0x4 /home/ahyy/Drone/Flow/Build/px4flow-v2_default.build//home/ahyy/Drone/Flow/src/modules/flow/module.pre.o
                0x000000000800d608                USBD_USR_DeviceConnected
 .text.i2c_init
                0x000000000800d60c      0x164 /home/ahyy/Drone/Flow/Build/px4flow-v2_default.build//home/ahyy/Drone/Flow/src/modules/flow/module.pre.o
                0x000000000800d60c                i2c_init
 .text.I2C1_EV_IRQHandler
                0x000000000800d770      0x138 /home/ahyy/Drone/Flow/Build/px4flow-v2_default.build//home/ahyy/Drone/Flow/src/modules/flow/module.pre.o
                0x000000000800d770                I2C1_EV_IRQHandler
 .text.I2C1_ER_IRQHandler
                0x000000000800d8a8       0x20 /home/ahyy/Drone/Flow/Build/px4flow-v2_default.build//home/ahyy/Drone/Flow/src/modules/flow/module.pre.o
                0x000000000800d8a8                I2C1_ER_IRQHandler
 .text.update_TX_buffer
                0x000000000800d8c8      0x438 /home/ahyy/Drone/Flow/Build/px4flow-v2_default.build//home/ahyy/Drone/Flow/src/modules/flow/module.pre.o
                0x000000000800d8c8                update_TX_buffer
 .text.up_systemreset
                0x000000000800dd00       0x1c /home/ahyy/Drone/Flow/Build/px4flow-v2_default.build//home/ahyy/Drone/Flow/src/modules/flow/module.pre.o
                0x000000000800dd00                up_systemreset
 .text.systemreset
                0x000000000800dd1c       0x24 /home/ahyy/Drone/Flow/Build/px4flow-v2_default.build//home/ahyy/Drone/Flow/src/modules/flow/module.pre.o
                0x000000000800dd1c                systemreset
 .text.NVIC_PriorityGroupConfig
                0x000000000800dd40       0x14 /home/ahyy/Drone/Flow/Build/px4flow-v2_default.build//home/ahyy/Drone/Flow/src/modules/flow/module.pre.o
                0x000000000800dd40                NVIC_PriorityGroupConfig
 .text.NVIC_Init
                0x000000000800dd54       0x68 /home/ahyy/Drone/Flow/Build/px4flow-v2_default.build//home/ahyy/Drone/Flow/src/modules/flow/module.pre.o
                0x000000000800dd54                NVIC_Init
 .text.RCC_GetClocksFreq
                0x000000000800ddbc       0x90 /home/ahyy/Drone/Flow/Build/px4flow-v2_default.build//home/ahyy/Drone/Flow/src/modules/flow/module.pre.o
                0x000000000800ddbc                RCC_GetClocksFreq
 .text.RCC_AHB1PeriphClockCmd
                0x000000000800de4c       0x18 /home/ahyy/Drone/Flow/Build/px4flow-v2_default.build//home/ahyy/Drone/Flow/src/modules/flow/module.pre.o
                0x000000000800de4c                RCC_AHB1PeriphClockCmd
 .text.RCC_AHB2PeriphClockCmd
                0x000000000800de64       0x18 /home/ahyy/Drone/Flow/Build/px4flow-v2_default.build//home/ahyy/Drone/Flow/src/modules/flow/module.pre.o
                0x000000000800de64                RCC_AHB2PeriphClockCmd
 .text.RCC_APB1PeriphClockCmd
                0x000000000800de7c       0x18 /home/ahyy/Drone/Flow/Build/px4flow-v2_default.build//home/ahyy/Drone/Flow/src/modules/flow/module.pre.o
                0x000000000800de7c                RCC_APB1PeriphClockCmd
 .text.RCC_APB2PeriphClockCmd
                0x000000000800de94       0x18 /home/ahyy/Drone/Flow/Build/px4flow-v2_default.build//home/ahyy/Drone/Flow/src/modules/flow/module.pre.o
                0x000000000800de94                RCC_APB2PeriphClockCmd
 .text.RCC_APB1PeriphResetCmd
                0x000000000800deac       0x18 /home/ahyy/Drone/Flow/Build/px4flow-v2_default.build//home/ahyy/Drone/Flow/src/modules/flow/module.pre.o
                0x000000000800deac                RCC_APB1PeriphResetCmd
 .text.DMA_DeInit
                0x000000000800dec4      0x12c /home/ahyy/Drone/Flow/Build/px4flow-v2_default.build//home/ahyy/Drone/Flow/src/modules/flow/module.pre.o
                0x000000000800dec4                DMA_DeInit
 .text.DMA_Init
                0x000000000800dff0       0x58 /home/ahyy/Drone/Flow/Build/px4flow-v2_default.build//home/ahyy/Drone/Flow/src/modules/flow/module.pre.o
                0x000000000800dff0                DMA_Init
 .text.DMA_Cmd  0x000000000800e048       0x14 /home/ahyy/Drone/Flow/Build/px4flow-v2_default.build//home/ahyy/Drone/Flow/src/modules/flow/module.pre.o
                0x000000000800e048                DMA_Cmd
 .text.DMA_DoubleBufferModeConfig
                0x000000000800e05c       0x18 /home/ahyy/Drone/Flow/Build/px4flow-v2_default.build//home/ahyy/Drone/Flow/src/modules/flow/module.pre.o
                0x000000000800e05c                DMA_DoubleBufferModeConfig
 .text.DMA_DoubleBufferModeCmd
                0x000000000800e074       0x14 /home/ahyy/Drone/Flow/Build/px4flow-v2_default.build//home/ahyy/Drone/Flow/src/modules/flow/module.pre.o
                0x000000000800e074                DMA_DoubleBufferModeCmd
 .text.DMA_MemoryTargetConfig
                0x000000000800e088        0xc /home/ahyy/Drone/Flow/Build/px4flow-v2_default.build//home/ahyy/Drone/Flow/src/modules/flow/module.pre.o
                0x000000000800e088                DMA_MemoryTargetConfig
 .text.DMA_GetCurrentMemoryTarget
                0x000000000800e094        0x8 /home/ahyy/Drone/Flow/Build/px4flow-v2_default.build//home/ahyy/Drone/Flow/src/modules/flow/module.pre.o
                0x000000000800e094                DMA_GetCurrentMemoryTarget
 .text.DMA_ITConfig
                0x000000000800e09c       0x40 /home/ahyy/Drone/Flow/Build/px4flow-v2_default.build//home/ahyy/Drone/Flow/src/modules/flow/module.pre.o
                0x000000000800e09c                DMA_ITConfig
 .text.DMA_GetITStatus
                0x000000000800e0dc       0x54 /home/ahyy/Drone/Flow/Build/px4flow-v2_default.build//home/ahyy/Drone/Flow/src/modules/flow/module.pre.o
                0x000000000800e0dc                DMA_GetITStatus
 .text.DMA_ClearITPendingBit
                0x000000000800e130       0x30 /home/ahyy/Drone/Flow/Build/px4flow-v2_default.build//home/ahyy/Drone/Flow/src/modules/flow/module.pre.o
                0x000000000800e130                DMA_ClearITPendingBit
 .text.DCMI_Init
                0x000000000800e160       0x40 /home/ahyy/Drone/Flow/Build/px4flow-v2_default.build//home/ahyy/Drone/Flow/src/modules/flow/module.pre.o
                0x000000000800e160                DCMI_Init
 .text.DCMI_Cmd
                0x000000000800e1a0       0x1c /home/ahyy/Drone/Flow/Build/px4flow-v2_default.build//home/ahyy/Drone/Flow/src/modules/flow/module.pre.o
                0x000000000800e1a0                DCMI_Cmd
 .text.DCMI_CaptureCmd
                0x000000000800e1bc       0x1c /home/ahyy/Drone/Flow/Build/px4flow-v2_default.build//home/ahyy/Drone/Flow/src/modules/flow/module.pre.o
                0x000000000800e1bc                DCMI_CaptureCmd
 .text.DCMI_GetITStatus
                0x000000000800e1d8       0x14 /home/ahyy/Drone/Flow/Build/px4flow-v2_default.build//home/ahyy/Drone/Flow/src/modules/flow/module.pre.o
                0x000000000800e1d8                DCMI_GetITStatus
 .text.DCMI_ClearITPendingBit
                0x000000000800e1ec        0xc /home/ahyy/Drone/Flow/Build/px4flow-v2_default.build//home/ahyy/Drone/Flow/src/modules/flow/module.pre.o
                0x000000000800e1ec                DCMI_ClearITPendingBit
 .text.I2C_DeInit
                0x000000000800e1f8       0x6c /home/ahyy/Drone/Flow/Build/px4flow-v2_default.build//home/ahyy/Drone/Flow/src/modules/flow/module.pre.o
                0x000000000800e1f8                I2C_DeInit
 .text.I2C_Init
                0x000000000800e264       0xd4 /home/ahyy/Drone/Flow/Build/px4flow-v2_default.build//home/ahyy/Drone/Flow/src/modules/flow/module.pre.o
                0x000000000800e264                I2C_Init
 .text.I2C_Cmd  0x000000000800e338       0x18 /home/ahyy/Drone/Flow/Build/px4flow-v2_default.build//home/ahyy/Drone/Flow/src/modules/flow/module.pre.o
                0x000000000800e338                I2C_Cmd
 .text.I2C_GenerateSTART
                0x000000000800e350       0x18 /home/ahyy/Drone/Flow/Build/px4flow-v2_default.build//home/ahyy/Drone/Flow/src/modules/flow/module.pre.o
                0x000000000800e350                I2C_GenerateSTART
 .text.I2C_GenerateSTOP
                0x000000000800e368       0x18 /home/ahyy/Drone/Flow/Build/px4flow-v2_default.build//home/ahyy/Drone/Flow/src/modules/flow/module.pre.o
                0x000000000800e368                I2C_GenerateSTOP
 .text.I2C_Send7bitAddress
                0x000000000800e380       0x18 /home/ahyy/Drone/Flow/Build/px4flow-v2_default.build//home/ahyy/Drone/Flow/src/modules/flow/module.pre.o
                0x000000000800e380                I2C_Send7bitAddress
 .text.I2C_AcknowledgeConfig
                0x000000000800e398       0x18 /home/ahyy/Drone/Flow/Build/px4flow-v2_default.build//home/ahyy/Drone/Flow/src/modules/flow/module.pre.o
                0x000000000800e398                I2C_AcknowledgeConfig
 .text.I2C_SoftwareResetCmd
                0x000000000800e3b0       0x14 /home/ahyy/Drone/Flow/Build/px4flow-v2_default.build//home/ahyy/Drone/Flow/src/modules/flow/module.pre.o
                0x000000000800e3b0                I2C_SoftwareResetCmd
 .text.I2C_StretchClockCmd
                0x000000000800e3c4       0x18 /home/ahyy/Drone/Flow/Build/px4flow-v2_default.build//home/ahyy/Drone/Flow/src/modules/flow/module.pre.o
                0x000000000800e3c4                I2C_StretchClockCmd
 .text.I2C_SendData
                0x000000000800e3dc        0x4 /home/ahyy/Drone/Flow/Build/px4flow-v2_default.build//home/ahyy/Drone/Flow/src/modules/flow/module.pre.o
                0x000000000800e3dc                I2C_SendData
 .text.I2C_ReceiveData
                0x000000000800e3e0        0x8 /home/ahyy/Drone/Flow/Build/px4flow-v2_default.build//home/ahyy/Drone/Flow/src/modules/flow/module.pre.o
                0x000000000800e3e0                I2C_ReceiveData
 .text.I2C_ReadRegister
                0x000000000800e3e8       0x18 /home/ahyy/Drone/Flow/Build/px4flow-v2_default.build//home/ahyy/Drone/Flow/src/modules/flow/module.pre.o
                0x000000000800e3e8                I2C_ReadRegister
 .text.I2C_ITConfig
                0x000000000800e400       0x14 /home/ahyy/Drone/Flow/Build/px4flow-v2_default.build//home/ahyy/Drone/Flow/src/modules/flow/module.pre.o
                0x000000000800e400                I2C_ITConfig
 .text.I2C_CheckEvent
                0x000000000800e414       0x18 /home/ahyy/Drone/Flow/Build/px4flow-v2_default.build//home/ahyy/Drone/Flow/src/modules/flow/module.pre.o
                0x000000000800e414                I2C_CheckEvent
 .text.I2C_GetLastEvent
                0x000000000800e42c       0x10 /home/ahyy/Drone/Flow/Build/px4flow-v2_default.build//home/ahyy/Drone/Flow/src/modules/flow/module.pre.o
                0x000000000800e42c                I2C_GetLastEvent
 .text.TIM_TimeBaseInit
                0x000000000800e43c       0x98 /home/ahyy/Drone/Flow/Build/px4flow-v2_default.build//home/ahyy/Drone/Flow/src/modules/flow/module.pre.o
                0x000000000800e43c                TIM_TimeBaseInit
 .text.TIM_ARRPreloadConfig
                0x000000000800e4d4       0x18 /home/ahyy/Drone/Flow/Build/px4flow-v2_default.build//home/ahyy/Drone/Flow/src/modules/flow/module.pre.o
                0x000000000800e4d4                TIM_ARRPreloadConfig
 .text.TIM_Cmd  0x000000000800e4ec       0x18 /home/ahyy/Drone/Flow/Build/px4flow-v2_default.build//home/ahyy/Drone/Flow/src/modules/flow/module.pre.o
                0x000000000800e4ec                TIM_Cmd
 .text.TIM_OC3Init
                0x000000000800e504       0x84 /home/ahyy/Drone/Flow/Build/px4flow-v2_default.build//home/ahyy/Drone/Flow/src/modules/flow/module.pre.o
                0x000000000800e504                TIM_OC3Init
 .text.TIM_OC3PreloadConfig
                0x000000000800e588       0x10 /home/ahyy/Drone/Flow/Build/px4flow-v2_default.build//home/ahyy/Drone/Flow/src/modules/flow/module.pre.o
                0x000000000800e588                TIM_OC3PreloadConfig
 .text.TIM_CtrlPWMOutputs
                0x000000000800e598       0x1c /home/ahyy/Drone/Flow/Build/px4flow-v2_default.build//home/ahyy/Drone/Flow/src/modules/flow/module.pre.o
                0x000000000800e598                TIM_CtrlPWMOutputs
 .text.TIM_CCPreloadControl
                0x000000000800e5b4       0x18 /home/ahyy/Drone/Flow/Build/px4flow-v2_default.build//home/ahyy/Drone/Flow/src/modules/flow/module.pre.o
                0x000000000800e5b4                TIM_CCPreloadControl
 .text.SPI_Init
                0x000000000800e5cc       0x40 /home/ahyy/Drone/Flow/Build/px4flow-v2_default.build//home/ahyy/Drone/Flow/src/modules/flow/module.pre.o
                0x000000000800e5cc                SPI_Init
 .text.SPI_Cmd  0x000000000800e60c       0x18 /home/ahyy/Drone/Flow/Build/px4flow-v2_default.build//home/ahyy/Drone/Flow/src/modules/flow/module.pre.o
                0x000000000800e60c                SPI_Cmd
 .text.SPI_I2S_ReceiveData
                0x000000000800e624        0x4 /home/ahyy/Drone/Flow/Build/px4flow-v2_default.build//home/ahyy/Drone/Flow/src/modules/flow/module.pre.o
                0x000000000800e624                SPI_I2S_ReceiveData
 .text.SPI_I2S_SendData
                0x000000000800e628        0x4 /home/ahyy/Drone/Flow/Build/px4flow-v2_default.build//home/ahyy/Drone/Flow/src/modules/flow/module.pre.o
                0x000000000800e628                SPI_I2S_SendData
 .text.SPI_I2S_GetFlagStatus
                0x000000000800e62c        0xc /home/ahyy/Drone/Flow/Build/px4flow-v2_default.build//home/ahyy/Drone/Flow/src/modules/flow/module.pre.o
                0x000000000800e62c                SPI_I2S_GetFlagStatus
 .text.USART_Init
                0x000000000800e638       0xc0 /home/ahyy/Drone/Flow/Build/px4flow-v2_default.build//home/ahyy/Drone/Flow/src/modules/flow/module.pre.o
                0x000000000800e638                USART_Init
 .text.USART_Cmd
                0x000000000800e6f8       0x18 /home/ahyy/Drone/Flow/Build/px4flow-v2_default.build//home/ahyy/Drone/Flow/src/modules/flow/module.pre.o
                0x000000000800e6f8                USART_Cmd
 .text.USART_SendData
                0x000000000800e710        0x8 /home/ahyy/Drone/Flow/Build/px4flow-v2_default.build//home/ahyy/Drone/Flow/src/modules/flow/module.pre.o
                0x000000000800e710                USART_SendData
 .text.USART_ReceiveData
                0x000000000800e718        0x8 /home/ahyy/Drone/Flow/Build/px4flow-v2_default.build//home/ahyy/Drone/Flow/src/modules/flow/module.pre.o
                0x000000000800e718                USART_ReceiveData
 .text.USART_ITConfig
                0x000000000800e720       0x3c /home/ahyy/Drone/Flow/Build/px4flow-v2_default.build//home/ahyy/Drone/Flow/src/modules/flow/module.pre.o
                0x000000000800e720                USART_ITConfig
 .text.USART_GetITStatus
                0x000000000800e75c       0x48 /home/ahyy/Drone/Flow/Build/px4flow-v2_default.build//home/ahyy/Drone/Flow/src/modules/flow/module.pre.o
                0x000000000800e75c                USART_GetITStatus
 .text.GPIO_Init
                0x000000000800e7a4       0x8c /home/ahyy/Drone/Flow/Build/px4flow-v2_default.build//home/ahyy/Drone/Flow/src/modules/flow/module.pre.o
                0x000000000800e7a4                GPIO_Init
 .text.GPIO_ReadInputData
                0x000000000800e830        0x8 /home/ahyy/Drone/Flow/Build/px4flow-v2_default.build//home/ahyy/Drone/Flow/src/modules/flow/module.pre.o
                0x000000000800e830                GPIO_ReadInputData
 .text.GPIO_SetBits
                0x000000000800e838        0x4 /home/ahyy/Drone/Flow/Build/px4flow-v2_default.build//home/ahyy/Drone/Flow/src/modules/flow/module.pre.o
                0x000000000800e838                GPIO_SetBits
 .text.GPIO_ResetBits
                0x000000000800e83c        0x4 /home/ahyy/Drone/Flow/Build/px4flow-v2_default.build//home/ahyy/Drone/Flow/src/modules/flow/module.pre.o
                0x000000000800e83c                GPIO_ResetBits
 .text.GPIO_ToggleBits
                0x000000000800e840        0x8 /home/ahyy/Drone/Flow/Build/px4flow-v2_default.build//home/ahyy/Drone/Flow/src/modules/flow/module.pre.o
                0x000000000800e840                GPIO_ToggleBits
 .text.GPIO_PinAFConfig
                0x000000000800e848       0x2c /home/ahyy/Drone/Flow/Build/px4flow-v2_default.build//home/ahyy/Drone/Flow/src/modules/flow/module.pre.o
                0x000000000800e848                GPIO_PinAFConfig
 .text.USB_OTG_WritePacket
                0x000000000800e874       0x28 /home/ahyy/Drone/Flow/Build/px4flow-v2_default.build//home/ahyy/Drone/Flow/src/modules/flow/module.pre.o
                0x000000000800e874                USB_OTG_WritePacket
 .text.USB_OTG_ReadPacket
                0x000000000800e89c       0x2c /home/ahyy/Drone/Flow/Build/px4flow-v2_default.build//home/ahyy/Drone/Flow/src/modules/flow/module.pre.o
                0x000000000800e89c                USB_OTG_ReadPacket
 .text.USB_OTG_SelectCore
                0x000000000800e8c8      0x35c /home/ahyy/Drone/Flow/Build/px4flow-v2_default.build//home/ahyy/Drone/Flow/src/modules/flow/module.pre.o
                0x000000000800e8c8                USB_OTG_SelectCore
 .text.USB_OTG_CoreInit
                0x000000000800ec24      0x144 /home/ahyy/Drone/Flow/Build/px4flow-v2_default.build//home/ahyy/Drone/Flow/src/modules/flow/module.pre.o
                0x000000000800ec24                USB_OTG_CoreInit
 .text.USB_OTG_EnableGlobalInt
                0x000000000800ed68       0x10 /home/ahyy/Drone/Flow/Build/px4flow-v2_default.build//home/ahyy/Drone/Flow/src/modules/flow/module.pre.o
                0x000000000800ed68                USB_OTG_EnableGlobalInt
 .text.USB_OTG_DisableGlobalInt
                0x000000000800ed78       0x10 /home/ahyy/Drone/Flow/Build/px4flow-v2_default.build//home/ahyy/Drone/Flow/src/modules/flow/module.pre.o
                0x000000000800ed78                USB_OTG_DisableGlobalInt
 .text.USB_OTG_FlushTxFifo
                0x000000000800ed88       0x48 /home/ahyy/Drone/Flow/Build/px4flow-v2_default.build//home/ahyy/Drone/Flow/src/modules/flow/module.pre.o
                0x000000000800ed88                USB_OTG_FlushTxFifo
 .text.USB_OTG_SetCurrentMode
                0x000000000800edd0       0x2c /home/ahyy/Drone/Flow/Build/px4flow-v2_default.build//home/ahyy/Drone/Flow/src/modules/flow/module.pre.o
                0x000000000800edd0                USB_OTG_SetCurrentMode
 .text.USB_OTG_IsDeviceMode
                0x000000000800edfc        0xc /home/ahyy/Drone/Flow/Build/px4flow-v2_default.build//home/ahyy/Drone/Flow/src/modules/flow/module.pre.o
                0x000000000800edfc                USB_OTG_IsDeviceMode
 .text.USB_OTG_ReadCoreItr
                0x000000000800ee08        0xc /home/ahyy/Drone/Flow/Build/px4flow-v2_default.build//home/ahyy/Drone/Flow/src/modules/flow/module.pre.o
                0x000000000800ee08                USB_OTG_ReadCoreItr
 .text.USB_OTG_CoreInitDev
                0x000000000800ee14      0x50c /home/ahyy/Drone/Flow/Build/px4flow-v2_default.build//home/ahyy/Drone/Flow/src/modules/flow/module.pre.o
                0x000000000800ee14                USB_OTG_CoreInitDev
 .text.USB_OTG_GetDeviceSpeed
                0x000000000800f320       0x20 /home/ahyy/Drone/Flow/Build/px4flow-v2_default.build//home/ahyy/Drone/Flow/src/modules/flow/module.pre.o
                0x000000000800f320                USB_OTG_GetDeviceSpeed
 .text.USB_OTG_EP0Activate
                0x000000000800f340       0x34 /home/ahyy/Drone/Flow/Build/px4flow-v2_default.build//home/ahyy/Drone/Flow/src/modules/flow/module.pre.o
                0x000000000800f340                USB_OTG_EP0Activate
 .text.USB_OTG_EPActivate
                0x000000000800f374       0x58 /home/ahyy/Drone/Flow/Build/px4flow-v2_default.build//home/ahyy/Drone/Flow/src/modules/flow/module.pre.o
                0x000000000800f374                USB_OTG_EPActivate
 .text.USB_OTG_EPDeactivate
                0x000000000800f3cc       0x3c /home/ahyy/Drone/Flow/Build/px4flow-v2_default.build//home/ahyy/Drone/Flow/src/modules/flow/module.pre.o
                0x000000000800f3cc                USB_OTG_EPDeactivate
 .text.USB_OTG_EPStartXfer
                0x000000000800f408      0x13c /home/ahyy/Drone/Flow/Build/px4flow-v2_default.build//home/ahyy/Drone/Flow/src/modules/flow/module.pre.o
                0x000000000800f408                USB_OTG_EPStartXfer
 .text.USB_OTG_EP0StartXfer
                0x000000000800f544       0xfc /home/ahyy/Drone/Flow/Build/px4flow-v2_default.build//home/ahyy/Drone/Flow/src/modules/flow/module.pre.o
                0x000000000800f544                USB_OTG_EP0StartXfer
 .text.USB_OTG_EPSetStall
                0x000000000800f640       0x30 /home/ahyy/Drone/Flow/Build/px4flow-v2_default.build//home/ahyy/Drone/Flow/src/modules/flow/module.pre.o
                0x000000000800f640                USB_OTG_EPSetStall
 .text.USB_OTG_EPClearStall
                0x000000000800f670       0x28 /home/ahyy/Drone/Flow/Build/px4flow-v2_default.build//home/ahyy/Drone/Flow/src/modules/flow/module.pre.o
                0x000000000800f670                USB_OTG_EPClearStall
 .text.USB_OTG_ReadDevAllOutEp_itr
                0x000000000800f698        0xc /home/ahyy/Drone/Flow/Build/px4flow-v2_default.build//home/ahyy/Drone/Flow/src/modules/flow/module.pre.o
                0x000000000800f698                USB_OTG_ReadDevAllOutEp_itr
 .text.USB_OTG_ReadDevOutEP_itr
                0x000000000800f6a4       0x10 /home/ahyy/Drone/Flow/Build/px4flow-v2_default.build//home/ahyy/Drone/Flow/src/modules/flow/module.pre.o
                0x000000000800f6a4                USB_OTG_ReadDevOutEP_itr
 .text.USB_OTG_ReadDevAllInEPItr
                0x000000000800f6b4        0xc /home/ahyy/Drone/Flow/Build/px4flow-v2_default.build//home/ahyy/Drone/Flow/src/modules/flow/module.pre.o
                0x000000000800f6b4                USB_OTG_ReadDevAllInEPItr
 .text.USB_OTG_EP0_OutStart
                0x000000000800f6c0       0x2c /home/ahyy/Drone/Flow/Build/px4flow-v2_default.build//home/ahyy/Drone/Flow/src/modules/flow/module.pre.o
                0x000000000800f6c0                USB_OTG_EP0_OutStart
 .text.USBD_OTG_ISR_Handler
                0x000000000800f6ec      0x5b0 /home/ahyy/Drone/Flow/Build/px4flow-v2_default.build//home/ahyy/Drone/Flow/src/modules/flow/module.pre.o
                0x000000000800f6ec                USBD_OTG_ISR_Handler
 .text.DCD_Init
                0x000000000800fc9c      0x454 /home/ahyy/Drone/Flow/Build/px4flow-v2_default.build//home/ahyy/Drone/Flow/src/modules/flow/module.pre.o
                0x000000000800fc9c                DCD_Init
 .text.DCD_EP_Open
                0x00000000080100f0       0x68 /home/ahyy/Drone/Flow/Build/px4flow-v2_default.build//home/ahyy/Drone/Flow/src/modules/flow/module.pre.o
                0x00000000080100f0                DCD_EP_Open
 .text.DCD_EP_Close
                0x0000000008010158       0x30 /home/ahyy/Drone/Flow/Build/px4flow-v2_default.build//home/ahyy/Drone/Flow/src/modules/flow/module.pre.o
                0x0000000008010158                DCD_EP_Close
 .text.DCD_EP_PrepareRx
                0x0000000008010188       0x50 /home/ahyy/Drone/Flow/Build/px4flow-v2_default.build//home/ahyy/Drone/Flow/src/modules/flow/module.pre.o
                0x0000000008010188                DCD_EP_PrepareRx
 .text.DCD_EP_Tx
                0x00000000080101d8       0x48 /home/ahyy/Drone/Flow/Build/px4flow-v2_default.build//home/ahyy/Drone/Flow/src/modules/flow/module.pre.o
                0x00000000080101d8                DCD_EP_Tx
 .text.DCD_EP_Stall
                0x0000000008010220       0x34 /home/ahyy/Drone/Flow/Build/px4flow-v2_default.build//home/ahyy/Drone/Flow/src/modules/flow/module.pre.o
                0x0000000008010220                DCD_EP_Stall
 .text.DCD_EP_ClrStall
                0x0000000008010254       0x34 /home/ahyy/Drone/Flow/Build/px4flow-v2_default.build//home/ahyy/Drone/Flow/src/modules/flow/module.pre.o
                0x0000000008010254                DCD_EP_ClrStall
 .text.DCD_EP_SetAddress
                0x0000000008010288       0x10 /home/ahyy/Drone/Flow/Build/px4flow-v2_default.build//home/ahyy/Drone/Flow/src/modules/flow/module.pre.o
                0x0000000008010288                DCD_EP_SetAddress
 .text.USBD_Resume
                0x0000000008010298       0x18 /home/ahyy/Drone/Flow/Build/px4flow-v2_default.build//home/ahyy/Drone/Flow/src/modules/flow/module.pre.o
 .text.USBD_Suspend
                0x00000000080102b0       0x1c /home/ahyy/Drone/Flow/Build/px4flow-v2_default.build//home/ahyy/Drone/Flow/src/modules/flow/module.pre.o
 .text.USBD_SOF
                0x00000000080102cc       0x10 /home/ahyy/Drone/Flow/Build/px4flow-v2_default.build//home/ahyy/Drone/Flow/src/modules/flow/module.pre.o
 .text.USBD_IsoINIncomplete
                0x00000000080102dc       0x10 /home/ahyy/Drone/Flow/Build/px4flow-v2_default.build//home/ahyy/Drone/Flow/src/modules/flow/module.pre.o
 .text.USBD_IsoOUTIncomplete
                0x00000000080102ec       0x10 /home/ahyy/Drone/Flow/Build/px4flow-v2_default.build//home/ahyy/Drone/Flow/src/modules/flow/module.pre.o
 .text.USBD_DevConnected
                0x00000000080102fc       0x18 /home/ahyy/Drone/Flow/Build/px4flow-v2_default.build//home/ahyy/Drone/Flow/src/modules/flow/module.pre.o
 .text.USBD_DevDisconnected
                0x0000000008010314       0x20 /home/ahyy/Drone/Flow/Build/px4flow-v2_default.build//home/ahyy/Drone/Flow/src/modules/flow/module.pre.o
 .text.USBD_Reset
                0x0000000008010334       0x30 /home/ahyy/Drone/Flow/Build/px4flow-v2_default.build//home/ahyy/Drone/Flow/src/modules/flow/module.pre.o
 .text.USBD_SetupStage
                0x0000000008010364       0x58 /home/ahyy/Drone/Flow/Build/px4flow-v2_default.build//home/ahyy/Drone/Flow/src/modules/flow/module.pre.o
 .text.USBD_DataInStage
                0x00000000080103bc       0xbc /home/ahyy/Drone/Flow/Build/px4flow-v2_default.build//home/ahyy/Drone/Flow/src/modules/flow/module.pre.o
 .text.USBD_DataOutStage
                0x0000000008010478       0x78 /home/ahyy/Drone/Flow/Build/px4flow-v2_default.build//home/ahyy/Drone/Flow/src/modules/flow/module.pre.o
 .text.USBD_Init
                0x00000000080104f0       0x38 /home/ahyy/Drone/Flow/Build/px4flow-v2_default.build//home/ahyy/Drone/Flow/src/modules/flow/module.pre.o
                0x00000000080104f0                USBD_Init
 .text.USBD_SetCfg
                0x0000000008010528       0x18 /home/ahyy/Drone/Flow/Build/px4flow-v2_default.build//home/ahyy/Drone/Flow/src/modules/flow/module.pre.o
                0x0000000008010528                USBD_SetCfg
 .text.USBD_ClrCfg
                0x0000000008010540       0x10 /home/ahyy/Drone/Flow/Build/px4flow-v2_default.build//home/ahyy/Drone/Flow/src/modules/flow/module.pre.o
                0x0000000008010540                USBD_ClrCfg
 .text.USBD_StdDevReq
                0x0000000008010550      0x2cc /home/ahyy/Drone/Flow/Build/px4flow-v2_default.build//home/ahyy/Drone/Flow/src/modules/flow/module.pre.o
                0x0000000008010550                USBD_StdDevReq
 .text.USBD_StdItfReq
                0x000000000801081c       0x48 /home/ahyy/Drone/Flow/Build/px4flow-v2_default.build//home/ahyy/Drone/Flow/src/modules/flow/module.pre.o
                0x000000000801081c                USBD_StdItfReq
 .text.USBD_StdEPReq
                0x0000000008010864       0xd4 /home/ahyy/Drone/Flow/Build/px4flow-v2_default.build//home/ahyy/Drone/Flow/src/modules/flow/module.pre.o
                0x0000000008010864                USBD_StdEPReq
 .text.USBD_ParseSetupRequest
                0x0000000008010938       0x44 /home/ahyy/Drone/Flow/Build/px4flow-v2_default.build//home/ahyy/Drone/Flow/src/modules/flow/module.pre.o
                0x0000000008010938                USBD_ParseSetupRequest
 .text.USBD_CtlError
                0x000000000801097c       0x1c /home/ahyy/Drone/Flow/Build/px4flow-v2_default.build//home/ahyy/Drone/Flow/src/modules/flow/module.pre.o
                0x000000000801097c                USBD_CtlError
 .text.USBD_GetString
                0x0000000008010998       0x50 /home/ahyy/Drone/Flow/Build/px4flow-v2_default.build//home/ahyy/Drone/Flow/src/modules/flow/module.pre.o
                0x0000000008010998                USBD_GetString
 .text.USBD_CtlSendData
                0x00000000080109e8       0x20 /home/ahyy/Drone/Flow/Build/px4flow-v2_default.build//home/ahyy/Drone/Flow/src/modules/flow/module.pre.o
                0x00000000080109e8                USBD_CtlSendData
 .text.USBD_CtlContinueSendData
                0x0000000008010a08       0x10 /home/ahyy/Drone/Flow/Build/px4flow-v2_default.build//home/ahyy/Drone/Flow/src/modules/flow/module.pre.o
                0x0000000008010a08                USBD_CtlContinueSendData
 .text.USBD_CtlPrepareRx
                0x0000000008010a18       0x20 /home/ahyy/Drone/Flow/Build/px4flow-v2_default.build//home/ahyy/Drone/Flow/src/modules/flow/module.pre.o
                0x0000000008010a18                USBD_CtlPrepareRx
 .text.USBD_CtlContinueRx
                0x0000000008010a38       0x10 /home/ahyy/Drone/Flow/Build/px4flow-v2_default.build//home/ahyy/Drone/Flow/src/modules/flow/module.pre.o
                0x0000000008010a38                USBD_CtlContinueRx
 .text.USBD_CtlSendStatus
                0x0000000008010a48       0x20 /home/ahyy/Drone/Flow/Build/px4flow-v2_default.build//home/ahyy/Drone/Flow/src/modules/flow/module.pre.o
                0x0000000008010a48                USBD_CtlSendStatus
 .text.USBD_CtlReceiveStatus
                0x0000000008010a68       0x20 /home/ahyy/Drone/Flow/Build/px4flow-v2_default.build//home/ahyy/Drone/Flow/src/modules/flow/module.pre.o
                0x0000000008010a68                USBD_CtlReceiveStatus
 .text.usbd_cdc_EP0_RxReady
                0x0000000008010a88       0x30 /home/ahyy/Drone/Flow/Build/px4flow-v2_default.build//home/ahyy/Drone/Flow/src/modules/flow/module.pre.o
 .text.USBD_cdc_GetCfgDesc
                0x0000000008010ab8        0xc /home/ahyy/Drone/Flow/Build/px4flow-v2_default.build//home/ahyy/Drone/Flow/src/modules/flow/module.pre.o
 .text.usbd_cdc_SOF
                0x0000000008010ac4       0x94 /home/ahyy/Drone/Flow/Build/px4flow-v2_default.build//home/ahyy/Drone/Flow/src/modules/flow/module.pre.o
 .text.usbd_cdc_DataOut
                0x0000000008010b58       0x34 /home/ahyy/Drone/Flow/Build/px4flow-v2_default.build//home/ahyy/Drone/Flow/src/modules/flow/module.pre.o
 .text.usbd_cdc_Setup
                0x0000000008010b8c       0xd4 /home/ahyy/Drone/Flow/Build/px4flow-v2_default.build//home/ahyy/Drone/Flow/src/modules/flow/module.pre.o
 .text.usbd_cdc_DeInit
                0x0000000008010c60       0x28 /home/ahyy/Drone/Flow/Build/px4flow-v2_default.build//home/ahyy/Drone/Flow/src/modules/flow/module.pre.o
 .text.usbd_cdc_Init
                0x0000000008010c88       0x54 /home/ahyy/Drone/Flow/Build/px4flow-v2_default.build//home/ahyy/Drone/Flow/src/modules/flow/module.pre.o
 .text.usbd_cdc_DataIn
                0x0000000008010cdc       0x58 /home/ahyy/Drone/Flow/Build/px4flow-v2_default.build//home/ahyy/Drone/Flow/src/modules/flow/module.pre.o
 .text._init    0x0000000008010d34        0x4 /home/ahyy/Drone/Flow/Build/px4flow-v2_default.build//home/ahyy/Drone/Flow/src/modules/libc/module.pre.o
                0x0000000008010d34                _init
 .text.__libc_init_array
                0x0000000008010d38       0x44 /home/ahyy/Drone/Flow/Build/px4flow-v2_default.build//home/ahyy/Drone/Flow/src/modules/libc/module.pre.o
                0x0000000008010d38                __libc_init_array
 .text.strncmp  0x0000000008010d7c       0x3c /home/ahyy/Drone/Flow/Build/px4flow-v2_default.build//home/ahyy/Drone/Flow/src/modules/libc/module.pre.o
                0x0000000008010d7c                strncmp
 .text.memcpy   0x0000000008010db8       0xd4 /home/ahyy/Drone/Flow/Build/px4flow-v2_default.build//home/ahyy/Drone/Flow/src/modules/libc/module.pre.o
                0x0000000008010db8                memcpy
 .text.memset   0x0000000008010e8c       0x84 /home/ahyy/Drone/Flow/Build/px4flow-v2_default.build//home/ahyy/Drone/Flow/src/modules/libc/module.pre.o
                0x0000000008010e8c                memset
 .text.strcpy   0x0000000008010f10       0x10 /home/ahyy/Drone/Flow/Build/px4flow-v2_default.build//home/ahyy/Drone/Flow/src/modules/libc/module.pre.o
                0x0000000008010f10                strcpy
 .text.strncpy  0x0000000008010f20       0x38 /home/ahyy/Drone/Flow/Build/px4flow-v2_default.build//home/ahyy/Drone/Flow/src/modules/libc/module.pre.o
                0x0000000008010f20                strncpy
 .text.strlen   0x0000000008010f58       0x18 /home/ahyy/Drone/Flow/Build/px4flow-v2_default.build//home/ahyy/Drone/Flow/src/modules/libc/module.pre.o
                0x0000000008010f58                strlen
 .text.strncat  0x0000000008010f70       0x30 /home/ahyy/Drone/Flow/Build/px4flow-v2_default.build//home/ahyy/Drone/Flow/src/modules/libc/module.pre.o
                0x0000000008010f70                strncat
 .text.lib_skipspace
                0x0000000008010fa0       0x20 /home/ahyy/Drone/Flow/Build/px4flow-v2_default.build//home/ahyy/Drone/Flow/src/modules/libc/module.pre.o
                0x0000000008010fa0                lib_skipspace
 .text.lib_isbasedigit
                0x0000000008010fc0       0x50 /home/ahyy/Drone/Flow/Build/px4flow-v2_default.build//home/ahyy/Drone/Flow/src/modules/libc/module.pre.o
                0x0000000008010fc0                lib_isbasedigit
 .text.printf   0x0000000008011010       0x10 /home/ahyy/Drone/Flow/Build/px4flow-v2_default.build//home/ahyy/Drone/Flow/src/modules/libc/module.pre.o
                0x0000000008011010                printf
 .text.strtol   0x0000000008011020       0x50 /home/ahyy/Drone/Flow/Build/px4flow-v2_default.build//home/ahyy/Drone/Flow/src/modules/libc/module.pre.o
                0x0000000008011020                strtol
 .text.strtoul  0x0000000008011070       0x50 /home/ahyy/Drone/Flow/Build/px4flow-v2_default.build//home/ahyy/Drone/Flow/src/modules/libc/module.pre.o
                0x0000000008011070                strtoul
 .text.lib_checkbase
                0x00000000080110c0       0x58 /home/ahyy/Drone/Flow/Build/px4flow-v2_default.build//home/ahyy/Drone/Flow/src/modules/libc/module.pre.o
                0x00000000080110c0                lib_checkbase
 .text._ZdlPv   0x0000000008011118        0x4 /home/ahyy/Drone/Flow/Build/px4flow-v2_default.build//home/ahyy/Drone/Flow/src/modules/libcxx/module.pre.o
                0x0000000008011118                operator delete(void*)
 .text.__aeabi_atexit
                0x000000000801111c        0x4 /home/ahyy/Drone/Flow/Build/px4flow-v2_default.build//home/ahyy/Drone/Flow/src/modules/libcxx/module.pre.o
                0x000000000801111c                __aeabi_atexit
 .text.__cxa_pure_virtual
                0x0000000008011120        0x4 /home/ahyy/Drone/Flow/Build/px4flow-v2_default.build//home/ahyy/Drone/Flow/src/modules/libcxx/module.pre.o
                0x0000000008011120                __cxa_pure_virtual
 .text.abort    0x0000000008011124        0x4 /home/ahyy/Drone/Flow/Build/px4flow-v2_default.build//home/ahyy/Drone/Flow/src/modules/libcxx/module.pre.o
                0x0000000008011124                abort
 .text._ZN6uavcan21TransferBufferManagerILt0ELh0EE6accessERKNS_24TransferBufferManagerKeyE
                0x0000000008011128        0x4 /home/ahyy/Drone/Flow/Build/px4flow-v2_default.build//home/ahyy/Drone/Flow/src/modules/uavcannode/module.pre.o
                0x0000000008011128                uavcan::TransferBufferManager<(unsigned short)0, (unsigned char)0>::access(uavcan::TransferBufferManagerKey const&)
 .text._ZN6uavcan21TransferBufferManagerILt0ELh0EE6createERKNS_24TransferBufferManagerKeyE
                0x000000000801112c        0x4 /home/ahyy/Drone/Flow/Build/px4flow-v2_default.build//home/ahyy/Drone/Flow/src/modules/uavcannode/module.pre.o
                0x000000000801112c                uavcan::TransferBufferManager<(unsigned short)0, (unsigned char)0>::create(uavcan::TransferBufferManagerKey const&)
 .text._ZN6uavcan21TransferBufferManagerILt0ELh0EE6removeERKNS_24TransferBufferManagerKeyE
                0x0000000008011130        0x4 /home/ahyy/Drone/Flow/Build/px4flow-v2_default.build//home/ahyy/Drone/Flow/src/modules/uavcannode/module.pre.o
                0x0000000008011130                uavcan::TransferBufferManager<(unsigned short)0, (unsigned char)0>::remove(uavcan::TransferBufferManagerKey const&)
 .text._ZNK6uavcan21TransferBufferManagerILt0ELh0EE7isEmptyEv
                0x0000000008011134        0x4 /home/ahyy/Drone/Flow/Build/px4flow-v2_default.build//home/ahyy/Drone/Flow/src/modules/uavcannode/module.pre.o
                0x0000000008011134                uavcan::TransferBufferManager<(unsigned short)0, (unsigned char)0>::isEmpty() const
 .text._ZNK6uavcan8ILogSink11getLogLevelEv
                0x0000000008011138        0x4 /home/ahyy/Drone/Flow/Build/px4flow-v2_default.build//home/ahyy/Drone/Flow/src/modules/uavcannode/module.pre.o
                0x0000000008011138                uavcan::ILogSink::getLogLevel() const
 .text._ZN6uavcan13PoolAllocatorILj2048ELh48EED2Ev
                0x000000000801113c        0x4 /home/ahyy/Drone/Flow/Build/px4flow-v2_default.build//home/ahyy/Drone/Flow/src/modules/uavcannode/module.pre.o
                0x000000000801113c                uavcan::PoolAllocator<2048u, (unsigned char)48>::~PoolAllocator()
                0x000000000801113c                uavcan::PoolAllocator<2048u, (unsigned char)48>::~PoolAllocator()
 .text._ZN6uavcan22GlobalDataTypeRegistry5EntryD2Ev
                0x0000000008011140        0x4 /home/ahyy/Drone/Flow/Build/px4flow-v2_default.build//home/ahyy/Drone/Flow/src/modules/uavcannode/module.pre.o
                0x0000000008011140                uavcan::GlobalDataTypeRegistry::Entry::~Entry()
                0x0000000008011140                uavcan::GlobalDataTypeRegistry::Entry::~Entry()
 .text._ZN6uavcan20StaticTransferBufferILt123EED2Ev
                0x0000000008011144        0x4 /home/ahyy/Drone/Flow/Build/px4flow-v2_default.build//home/ahyy/Drone/Flow/src/modules/uavcannode/module.pre.o
                0x0000000008011144                uavcan::StaticTransferBuffer<(unsigned short)123>::~StaticTransferBuffer()
                0x0000000008011144                uavcan::StaticTransferBuffer<(unsigned short)123>::~StaticTransferBuffer()
 .text._ZN6uavcan20StaticTransferBufferILt15EED2Ev
                0x0000000008011148        0x4 /home/ahyy/Drone/Flow/Build/px4flow-v2_default.build//home/ahyy/Drone/Flow/src/modules/uavcannode/module.pre.o
                0x0000000008011148                uavcan::StaticTransferBuffer<(unsigned short)15>::~StaticTransferBuffer()
                0x0000000008011148                uavcan::StaticTransferBuffer<(unsigned short)15>::~StaticTransferBuffer()
 .text._ZN6uavcan20StaticTransferBufferILt54EED2Ev
                0x000000000801114c        0x4 /home/ahyy/Drone/Flow/Build/px4flow-v2_default.build//home/ahyy/Drone/Flow/src/modules/uavcannode/module.pre.o
                0x000000000801114c                uavcan::StaticTransferBuffer<(unsigned short)54>::~StaticTransferBuffer()
                0x000000000801114c                uavcan::StaticTransferBuffer<(unsigned short)54>::~StaticTransferBuffer()
 .text._ZN6uavcan21TransferBufferManagerILt0ELh0EED2Ev
                0x0000000008011150        0x4 /home/ahyy/Drone/Flow/Build/px4flow-v2_default.build//home/ahyy/Drone/Flow/src/modules/uavcannode/module.pre.o
                0x0000000008011150                uavcan::TransferBufferManager<(unsigned short)0, (unsigned char)0>::~TransferBufferManager()
                0x0000000008011150                uavcan::TransferBufferManager<(unsigned short)0, (unsigned char)0>::~TransferBufferManager()
 .text._ZN6uavcan32StaticTransferBufferManagerEntryILt84EED2Ev
                0x0000000008011154        0x4 /home/ahyy/Drone/Flow/Build/px4flow-v2_default.build//home/ahyy/Drone/Flow/src/modules/uavcannode/module.pre.o
                0x0000000008011154                uavcan::StaticTransferBufferManagerEntry<(unsigned short)84>::~StaticTransferBufferManagerEntry()
                0x0000000008011154                uavcan::StaticTransferBufferManagerEntry<(unsigned short)84>::~StaticTransferBufferManagerEntry()
 .text._ZN6uavcan32StaticTransferBufferManagerEntryILt202EED2Ev
                0x0000000008011158        0x4 /home/ahyy/Drone/Flow/Build/px4flow-v2_default.build//home/ahyy/Drone/Flow/src/modules/uavcannode/module.pre.o
                0x0000000008011158                uavcan::StaticTransferBufferManagerEntry<(unsigned short)202>::~StaticTransferBufferManagerEntry()
                0x0000000008011158                uavcan::StaticTransferBufferManagerEntry<(unsigned short)202>::~StaticTransferBufferManagerEntry()
 .text._ZN21RestartRequestHandlerD2Ev
                0x000000000801115c        0x4 /home/ahyy/Drone/Flow/Build/px4flow-v2_default.build//home/ahyy/Drone/Flow/src/modules/uavcannode/module.pre.o
                0x000000000801115c                RestartRequestHandler::~RestartRequestHandler()
                0x000000000801115c                RestartRequestHandler::~RestartRequestHandler()
 .text._ZN12uavcan_stm3213CanInitHelperILj5EED2Ev
                0x0000000008011160        0x4 /home/ahyy/Drone/Flow/Build/px4flow-v2_default.build//home/ahyy/Drone/Flow/src/modules/uavcannode/module.pre.o
                0x0000000008011160                uavcan_stm32::CanInitHelper<5u>::~CanInitHelper()
                0x0000000008011160                uavcan_stm32::CanInitHelper<5u>::~CanInitHelper()
 .text._ZNK6uavcan21TransferBufferManagerILt202ELh1EE16getStaticByIndexEt
                0x0000000008011164        0xc /home/ahyy/Drone/Flow/Build/px4flow-v2_default.build//home/ahyy/Drone/Flow/src/modules/uavcannode/module.pre.o
                0x0000000008011164                uavcan::TransferBufferManager<(unsigned short)202, (unsigned char)1>::getStaticByIndex(unsigned short) const
 .text._ZN6uavcan4NodeILj2048ELj10EE12getAllocatorEv
                0x0000000008011170        0x4 /home/ahyy/Drone/Flow/Build/px4flow-v2_default.build//home/ahyy/Drone/Flow/src/modules/uavcannode/module.pre.o
                0x0000000008011170                uavcan::Node<2048u, 10u>::getAllocator()
 .text._ZN6uavcan4NodeILj2048ELj10EE12getSchedulerEv
                0x0000000008011174        0x8 /home/ahyy/Drone/Flow/Build/px4flow-v2_default.build//home/ahyy/Drone/Flow/src/modules/uavcannode/module.pre.o
                0x0000000008011174                uavcan::Node<2048u, 10u>::getScheduler()
 .text._ZNK6uavcan4NodeILj2048ELj10EE12getSchedulerEv
                0x000000000801117c        0x8 /home/ahyy/Drone/Flow/Build/px4flow-v2_default.build//home/ahyy/Drone/Flow/src/modules/uavcannode/module.pre.o
                0x000000000801117c                uavcan::Node<2048u, 10u>::getScheduler() const
 .text._ZN6uavcan13PoolAllocatorILj2048ELh48EE8allocateEj
                0x0000000008011184       0x34 /home/ahyy/Drone/Flow/Build/px4flow-v2_default.build//home/ahyy/Drone/Flow/src/modules/uavcannode/module.pre.o
                0x0000000008011184                uavcan::PoolAllocator<2048u, (unsigned char)48>::allocate(unsigned int)
 .text._ZN6uavcan13PoolAllocatorILj2048ELh48EE10deallocateEPKv
                0x00000000080111b8       0x14 /home/ahyy/Drone/Flow/Build/px4flow-v2_default.build//home/ahyy/Drone/Flow/src/modules/uavcannode/module.pre.o
                0x00000000080111b8                uavcan::PoolAllocator<2048u, (unsigned char)48>::deallocate(void const*)
 .text._ZNK6uavcan13PoolAllocatorILj2048ELh48EE12getNumBlocksEv
                0x00000000080111cc        0x4 /home/ahyy/Drone/Flow/Build/px4flow-v2_default.build//home/ahyy/Drone/Flow/src/modules/uavcannode/module.pre.o
                0x00000000080111cc                uavcan::PoolAllocator<2048u, (unsigned char)48>::getNumBlocks() const
 .text._ZNK6uavcan21TransferBufferManagerILt84ELh1EE16getStaticByIndexEt
                0x00000000080111d0        0xc /home/ahyy/Drone/Flow/Build/px4flow-v2_default.build//home/ahyy/Drone/Flow/src/modules/uavcannode/module.pre.o
                0x00000000080111d0                uavcan::TransferBufferManager<(unsigned short)84, (unsigned char)1>::getStaticByIndex(unsigned short) const
 .text._ZN6uavcan20StaticTransferBufferILt129EED2Ev
                0x00000000080111dc        0x4 /home/ahyy/Drone/Flow/Build/px4flow-v2_default.build//home/ahyy/Drone/Flow/src/modules/uavcannode/module.pre.o
                0x00000000080111dc                uavcan::StaticTransferBuffer<(unsigned short)129>::~StaticTransferBuffer()
                0x00000000080111dc                uavcan::StaticTransferBuffer<(unsigned short)129>::~StaticTransferBuffer()
 .text._ZN6uavcan20StaticTransferBufferILt73EED2Ev
                0x00000000080111e0        0x4 /home/ahyy/Drone/Flow/Build/px4flow-v2_default.build//home/ahyy/Drone/Flow/src/modules/uavcannode/module.pre.o
                0x00000000080111e0                uavcan::StaticTransferBuffer<(unsigned short)73>::~StaticTransferBuffer()
                0x00000000080111e0                uavcan::StaticTransferBuffer<(unsigned short)73>::~StaticTransferBuffer()
 .text._ZN6uavcan20StaticTransferBufferILt1EED2Ev
                0x00000000080111e4        0x4 /home/ahyy/Drone/Flow/Build/px4flow-v2_default.build//home/ahyy/Drone/Flow/src/modules/uavcannode/module.pre.o
                0x00000000080111e4                uavcan::StaticTransferBuffer<(unsigned short)1>::~StaticTransferBuffer()
                0x00000000080111e4                uavcan::StaticTransferBuffer<(unsigned short)1>::~StaticTransferBuffer()
 .text._ZN6uavcan20StaticTransferBufferILt93EED2Ev
                0x00000000080111e8        0x4 /home/ahyy/Drone/Flow/Build/px4flow-v2_default.build//home/ahyy/Drone/Flow/src/modules/uavcannode/module.pre.o
                0x00000000080111e8                uavcan::StaticTransferBuffer<(unsigned short)93>::~StaticTransferBuffer()
                0x00000000080111e8                uavcan::StaticTransferBuffer<(unsigned short)93>::~StaticTransferBuffer()
 .text._ZN6uavcan20StaticTransferBufferILt377EED2Ev
                0x00000000080111ec        0x4 /home/ahyy/Drone/Flow/Build/px4flow-v2_default.build//home/ahyy/Drone/Flow/src/modules/uavcannode/module.pre.o
                0x00000000080111ec                uavcan::StaticTransferBuffer<(unsigned short)377>::~StaticTransferBuffer()
                0x00000000080111ec                uavcan::StaticTransferBuffer<(unsigned short)377>::~StaticTransferBuffer()
 .text._ZN6uavcan19TimerEventForwarderIPFvRKNS_10TimerEventEEE16handleTimerEventES3_
                0x00000000080111f0       0x14 /home/ahyy/Drone/Flow/Build/px4flow-v2_default.build//home/ahyy/Drone/Flow/src/modules/uavcannode/module.pre.o
                0x00000000080111f0                uavcan::TimerEventForwarder<void (*)(uavcan::TimerEvent const&)>::handleTimerEvent(uavcan::TimerEvent const&)
 .text._ZN6uavcan20StaticTransferBufferILt123EED0Ev
                0x0000000008011204        0xc /home/ahyy/Drone/Flow/Build/px4flow-v2_default.build//home/ahyy/Drone/Flow/src/modules/uavcannode/module.pre.o
                0x0000000008011204                uavcan::StaticTransferBuffer<(unsigned short)123>::~StaticTransferBuffer()
 .text._ZN6uavcan20StaticTransferBufferILt73EED0Ev
                0x0000000008011210        0xc /home/ahyy/Drone/Flow/Build/px4flow-v2_default.build//home/ahyy/Drone/Flow/src/modules/uavcannode/module.pre.o
                0x0000000008011210                uavcan::StaticTransferBuffer<(unsigned short)73>::~StaticTransferBuffer()
 .text._ZN6uavcan20StaticTransferBufferILt1EED0Ev
                0x000000000801121c        0xc /home/ahyy/Drone/Flow/Build/px4flow-v2_default.build//home/ahyy/Drone/Flow/src/modules/uavcannode/module.pre.o
                0x000000000801121c                uavcan::StaticTransferBuffer<(unsigned short)1>::~StaticTransferBuffer()
 .text._ZN6uavcan20StaticTransferBufferILt93EED0Ev
                0x0000000008011228        0xc /home/ahyy/Drone/Flow/Build/px4flow-v2_default.build//home/ahyy/Drone/Flow/src/modules/uavcannode/module.pre.o
                0x0000000008011228                uavcan::StaticTransferBuffer<(unsigned short)93>::~StaticTransferBuffer()
 .text._ZN6uavcan20StaticTransferBufferILt377EED0Ev
                0x0000000008011234        0xc /home/ahyy/Drone/Flow/Build/px4flow-v2_default.build//home/ahyy/Drone/Flow/src/modules/uavcannode/module.pre.o
                0x0000000008011234                uavcan::StaticTransferBuffer<(unsigned short)377>::~StaticTransferBuffer()
 .text._ZN6uavcan20StaticTransferBufferILt129EED0Ev
                0x0000000008011240        0xc /home/ahyy/Drone/Flow/Build/px4flow-v2_default.build//home/ahyy/Drone/Flow/src/modules/uavcannode/module.pre.o
                0x0000000008011240                uavcan::StaticTransferBuffer<(unsigned short)129>::~StaticTransferBuffer()
 .text._ZN6uavcan20StaticTransferBufferILt15EED0Ev
                0x000000000801124c        0xc /home/ahyy/Drone/Flow/Build/px4flow-v2_default.build//home/ahyy/Drone/Flow/src/modules/uavcannode/module.pre.o
                0x000000000801124c                uavcan::StaticTransferBuffer<(unsigned short)15>::~StaticTransferBuffer()
 .text._ZN6uavcan20StaticTransferBufferILt54EED0Ev
                0x0000000008011258        0xc /home/ahyy/Drone/Flow/Build/px4flow-v2_default.build//home/ahyy/Drone/Flow/src/modules/uavcannode/module.pre.o
                0x0000000008011258                uavcan::StaticTransferBuffer<(unsigned short)54>::~StaticTransferBuffer()
 .text._ZN6uavcan13PoolAllocatorILj2048ELh48EED0Ev
                0x0000000008011264        0xc /home/ahyy/Drone/Flow/Build/px4flow-v2_default.build//home/ahyy/Drone/Flow/src/modules/uavcannode/module.pre.o
                0x0000000008011264                uavcan::PoolAllocator<2048u, (unsigned char)48>::~PoolAllocator()
 .text._ZN6uavcan32StaticTransferBufferManagerEntryILt84EED0Ev
                0x0000000008011270        0xc /home/ahyy/Drone/Flow/Build/px4flow-v2_default.build//home/ahyy/Drone/Flow/src/modules/uavcannode/module.pre.o
                0x0000000008011270                uavcan::StaticTransferBufferManagerEntry<(unsigned short)84>::~StaticTransferBufferManagerEntry()
 .text._ZN6uavcan32StaticTransferBufferManagerEntryILt202EED0Ev
                0x000000000801127c        0xc /home/ahyy/Drone/Flow/Build/px4flow-v2_default.build//home/ahyy/Drone/Flow/src/modules/uavcannode/module.pre.o
                0x000000000801127c                uavcan::StaticTransferBufferManagerEntry<(unsigned short)202>::~StaticTransferBufferManagerEntry()
 .text._ZN6uavcan21TransferBufferManagerILt0ELh0EED0Ev
                0x0000000008011288        0xc /home/ahyy/Drone/Flow/Build/px4flow-v2_default.build//home/ahyy/Drone/Flow/src/modules/uavcannode/module.pre.o
                0x0000000008011288                uavcan::TransferBufferManager<(unsigned short)0, (unsigned char)0>::~TransferBufferManager()
 .text._ZN21RestartRequestHandlerD0Ev
                0x0000000008011294        0xc /home/ahyy/Drone/Flow/Build/px4flow-v2_default.build//home/ahyy/Drone/Flow/src/modules/uavcannode/module.pre.o
                0x0000000008011294                RestartRequestHandler::~RestartRequestHandler()
 .text._ZN6uavcan21TransferBufferManagerILt84ELh1EED2Ev
                0x00000000080112a0       0x2c /home/ahyy/Drone/Flow/Build/px4flow-v2_default.build//home/ahyy/Drone/Flow/src/modules/uavcannode/module.pre.o
                0x00000000080112a0                uavcan::TransferBufferManager<(unsigned short)84, (unsigned char)1>::~TransferBufferManager()
                0x00000000080112a0                uavcan::TransferBufferManager<(unsigned short)84, (unsigned char)1>::~TransferBufferManager()
 .text._ZN6uavcan21TransferBufferManagerILt202ELh1EED2Ev
                0x00000000080112cc       0x2c /home/ahyy/Drone/Flow/Build/px4flow-v2_default.build//home/ahyy/Drone/Flow/src/modules/uavcannode/module.pre.o
                0x00000000080112cc                uavcan::TransferBufferManager<(unsigned short)202, (unsigned char)1>::~TransferBufferManager()
                0x00000000080112cc                uavcan::TransferBufferManager<(unsigned short)202, (unsigned char)1>::~TransferBufferManager()
 .text._ZN6uavcan19TimerEventForwarderIPFvRKNS_10TimerEventEEED2Ev
                0x00000000080112f8       0x14 /home/ahyy/Drone/Flow/Build/px4flow-v2_default.build//home/ahyy/Drone/Flow/src/modules/uavcannode/module.pre.o
                0x00000000080112f8                uavcan::TimerEventForwarder<void (*)(uavcan::TimerEvent const&)>::~TimerEventForwarder()
                0x00000000080112f8                uavcan::TimerEventForwarder<void (*)(uavcan::TimerEvent const&)>::~TimerEventForwarder()
 .text._ZN6uavcan19TimerEventForwarderIPFvRKNS_10TimerEventEEED0Ev
                0x000000000801130c       0x1c /home/ahyy/Drone/Flow/Build/px4flow-v2_default.build//home/ahyy/Drone/Flow/src/modules/uavcannode/module.pre.o
                0x000000000801130c                uavcan::TimerEventForwarder<void (*)(uavcan::TimerEvent const&)>::~TimerEventForwarder()
 .text._ZNK12uavcan_stm3211SystemClock12getMonotonicEv
                0x0000000008011328        0xc /home/ahyy/Drone/Flow/Build/px4flow-v2_default.build//home/ahyy/Drone/Flow/src/modules/uavcannode/module.pre.o
                0x0000000008011328                uavcan_stm32::SystemClock::getMonotonic() const
 .text._ZL9cb_rebootRKN6uavcan10TimerEventE
                0x0000000008011334        0x8 /home/ahyy/Drone/Flow/Build/px4flow-v2_default.build//home/ahyy/Drone/Flow/src/modules/uavcannode/module.pre.o
 .text._ZN21RestartRequestHandler20handleRestartRequestEN6uavcan6NodeIDE
                0x000000000801133c       0x30 /home/ahyy/Drone/Flow/Build/px4flow-v2_default.build//home/ahyy/Drone/Flow/src/modules/uavcannode/module.pre.o
                0x000000000801133c                RestartRequestHandler::handleRestartRequest(uavcan::NodeID)
 .text._ZNK6uavcan22TransportStatsProvider23handleGetTransportStatsERKNS_8protocol18GetTransportStats_8Request_ILi0EEERNS2_9Response_ILi0EEE
                0x000000000801136c       0xc0 /home/ahyy/Drone/Flow/Build/px4flow-v2_default.build//home/ahyy/Drone/Flow/src/modules/uavcannode/module.pre.o
                0x000000000801136c                uavcan::TransportStatsProvider::handleGetTransportStats(uavcan::protocol::GetTransportStats_::Request_<0> const&, uavcan::protocol::GetTransportStats_::Response_<0>&) const
 .text._ZN6uavcan20DataTypeInfoProvider28handleGetDataTypeInfoRequestERKNS_8protocol16GetDataTypeInfo_8Request_ILi0EEERNS2_9Response_ILi0EEE
                0x000000000801142c       0xf8 /home/ahyy/Drone/Flow/Build/px4flow-v2_default.build//home/ahyy/Drone/Flow/src/modules/uavcannode/module.pre.o
                0x000000000801142c                uavcan::DataTypeInfoProvider::handleGetDataTypeInfoRequest(uavcan::protocol::GetDataTypeInfo_::Request_<0> const&, uavcan::protocol::GetDataTypeInfo_::Response_<0>&)
 .text._ZN10UavcanNode23cb_beginfirmware_updateERKN6uavcan21ReceivedDataStructureINS0_8protocol4file20BeginFirmwareUpdate_8Request_ILi0EEEEERNS0_28ServiceResponseDataStructureINS4_9Response_ILi0EEEEE
                0x0000000008011524       0x70 /home/ahyy/Drone/Flow/Build/px4flow-v2_default.build//home/ahyy/Drone/Flow/src/modules/uavcannode/module.pre.o
                0x0000000008011524                UavcanNode::cb_beginfirmware_update(uavcan::ReceivedDataStructure<uavcan::protocol::file::BeginFirmwareUpdate_::Request_<0> > const&, uavcan::ServiceResponseDataStructure<uavcan::protocol::file::BeginFirmwareUpdate_::Response_<0> >&)
 .text._ZN6uavcan10SubscriberINS_8protocol15GlobalTimeSync_ILi0EEENS_12MethodBinderIPNS_19GlobalTimeSyncSlaveEMS5_FvRKNS_21ReceivedDataStructureIS3_EEEEELj2ELj0EE24handleReceivedDataStructERS8_
                0x0000000008011594       0x38 /home/ahyy/Drone/Flow/Build/px4flow-v2_default.build//home/ahyy/Drone/Flow/src/modules/uavcannode/module.pre.o
                0x0000000008011594                uavcan::Subscriber<uavcan::protocol::GlobalTimeSync_<0>, uavcan::MethodBinder<uavcan::GlobalTimeSyncSlave*, void (uavcan::GlobalTimeSyncSlave::*)(uavcan::ReceivedDataStructure<uavcan::protocol::GlobalTimeSync_<0> > const&)>, 2u, 0u>::handleReceivedDataStruct(uavcan::ReceivedDataStructure<uavcan::protocol::GlobalTimeSync_<0> >&)
 .text._ZN6uavcan13ServiceServerINS_8protocol4file20BeginFirmwareUpdate_ENS_12MethodBinderIP10UavcanNodeMS5_FvRKNS_21ReceivedDataStructureINS3_8Request_ILi0EEEEERNS_28ServiceResponseDataStructureINS3_9Response_ILi0EEEEEEEELj2ELj1EE24handleReceivedDataStructERSA_
                0x00000000080115cc      0x19c /home/ahyy/Drone/Flow/Build/px4flow-v2_default.build//home/ahyy/Drone/Flow/src/modules/uavcannode/module.pre.o
                0x00000000080115cc                uavcan::ServiceServer<uavcan::protocol::file::BeginFirmwareUpdate_, uavcan::MethodBinder<UavcanNode*, void (UavcanNode::*)(uavcan::ReceivedDataStructure<uavcan::protocol::file::BeginFirmwareUpdate_::Request_<0> > const&, uavcan::ServiceResponseDataStructure<uavcan::protocol::file::BeginFirmwareUpdate_::Response_<0> >&)>, 2u, 1u>::handleReceivedDataStruct(uavcan::ReceivedDataStructure<uavcan::protocol::file::BeginFirmwareUpdate_::Request_<0> >&)
 .text._ZNK6uavcan24OutgoingTransferRegistryILi10EE6existsENS_10DataTypeIDENS_12TransferTypeE
                0x0000000008011768       0x74 /home/ahyy/Drone/Flow/Build/px4flow-v2_default.build//home/ahyy/Drone/Flow/src/modules/uavcannode/module.pre.o
                0x0000000008011768                uavcan::OutgoingTransferRegistry<10>::exists(uavcan::DataTypeID, uavcan::TransferType) const
 *fill*         0x00000000080117dc        0x4 
 .text._ZNK6uavcan20RestartRequestServer17handleRestartNodeERKNS_21ReceivedDataStructureINS_8protocol12RestartNode_8Request_ILi0EEEEERNS3_9Response_ILi0EEE
                0x00000000080117e0       0x78 /home/ahyy/Drone/Flow/Build/px4flow-v2_default.build//home/ahyy/Drone/Flow/src/modules/uavcannode/module.pre.o
                0x00000000080117e0                uavcan::RestartRequestServer::handleRestartNode(uavcan::ReceivedDataStructure<uavcan::protocol::RestartNode_::Request_<0> > const&, uavcan::protocol::RestartNode_::Response_<0>&) const
 .text._ZN6uavcan21TransferBufferManagerILt202ELh1EED0Ev
                0x0000000008011858       0x34 /home/ahyy/Drone/Flow/Build/px4flow-v2_default.build//home/ahyy/Drone/Flow/src/modules/uavcannode/module.pre.o
                0x0000000008011858                uavcan::TransferBufferManager<(unsigned short)202, (unsigned char)1>::~TransferBufferManager()
 .text._ZN6uavcan21TransferBufferManagerILt84ELh1EED0Ev
                0x000000000801188c       0x34 /home/ahyy/Drone/Flow/Build/px4flow-v2_default.build//home/ahyy/Drone/Flow/src/modules/uavcannode/module.pre.o
                0x000000000801188c                uavcan::TransferBufferManager<(unsigned short)84, (unsigned char)1>::~TransferBufferManager()
 .text._ZN6uavcan4NodeILj2048ELj10EE23registerInternalFailureEPKc
                0x00000000080118c0      0x1f8 /home/ahyy/Drone/Flow/Build/px4flow-v2_default.build//home/ahyy/Drone/Flow/src/modules/uavcannode/module.pre.o
                0x00000000080118c0                uavcan::Node<2048u, 10u>::registerInternalFailure(char const*)
 .text._ZN6uavcan13ServiceServerINS_8protocol12RestartNode_ENS_12MethodBinderIPKNS_20RestartRequestServerEMS4_KFvRKNS_21ReceivedDataStructureINS2_8Request_ILi0EEEEERNS2_9Response_ILi0EEEEEELj2ELj1EE24handleReceivedDataStructERSA_
                0x0000000008011ab8      0x158 /home/ahyy/Drone/Flow/Build/px4flow-v2_default.build//home/ahyy/Drone/Flow/src/modules/uavcannode/module.pre.o