
Discarded input sections

 .group         0x0000000000000000        0xc px4flow_led.c.o
 .group         0x0000000000000000        0xc px4flow_led.c.o
 .group         0x0000000000000000        0xc px4flow_led.c.o
 .group         0x0000000000000000        0xc px4flow_led.c.o
 .group         0x0000000000000000        0xc px4flow_led.c.o
 .group         0x0000000000000000        0xc px4flow_led.c.o
 .group         0x0000000000000000        0xc px4flow_led.c.o
 .group         0x0000000000000000        0xc px4flow_led.c.o
 .group         0x0000000000000000        0xc px4flow_led.c.o
 .group         0x0000000000000000        0xc px4flow_led.c.o
 .group         0x0000000000000000        0xc px4flow_led.c.o
 .group         0x0000000000000000        0xc px4flow_led.c.o
 .group         0x0000000000000000        0xc px4flow_led.c.o
 .group         0x0000000000000000        0xc px4flow_led.c.o
 .group         0x0000000000000000        0xc px4flow_led.c.o
 .group         0x0000000000000000        0xc px4flow_led.c.o
 .group         0x0000000000000000        0xc px4flow_led.c.o
 .group         0x0000000000000000        0xc px4flow_led.c.o
 .group         0x0000000000000000        0xc px4flow_led.c.o
 .group         0x0000000000000000        0xc px4flow_led.c.o
 .group         0x0000000000000000        0xc px4flow_led.c.o
 .group         0x0000000000000000        0xc px4flow_led.c.o
 .group         0x0000000000000000        0xc px4flow_led.c.o
 .group         0x0000000000000000        0xc px4flow_led.c.o
 .group         0x0000000000000000        0xc px4flow_led.c.o
 .group         0x0000000000000000        0xc px4flow_led.c.o
 .group         0x0000000000000000        0xc px4flow_led.c.o
 .group         0x0000000000000000        0xc px4flow_led.c.o
 .group         0x0000000000000000        0xc px4flow_led.c.o
 .group         0x0000000000000000        0xc px4flow_led.c.o
 .group         0x0000000000000000        0xc px4flow_led.c.o
 .group         0x0000000000000000        0xc px4flow_led.c.o
 .group         0x0000000000000000        0xc px4flow_led.c.o
 .group         0x0000000000000000        0xc px4flow_led.c.o
 .group         0x0000000000000000        0xc px4flow_led.c.o
 .group         0x0000000000000000        0xc px4flow_led.c.o
 .group         0x0000000000000000        0xc px4flow_led.c.o
 .group         0x0000000000000000        0xc px4flow_led.c.o
 .group         0x0000000000000000        0xc px4flow_led.c.o
 .group         0x0000000000000000        0xc px4flow_led.c.o
 .group         0x0000000000000000        0xc px4flow_led.c.o
 .group         0x0000000000000000        0xc px4flow_led.c.o
 .group         0x0000000000000000        0xc px4flow_led.c.o
 .group         0x0000000000000000        0xc px4flow_led.c.o
 .group         0x0000000000000000        0xc px4flow_led.c.o
 .group         0x0000000000000000        0xc px4flow_led.c.o
 .group         0x0000000000000000        0xc px4flow_led.c.o
 .group         0x0000000000000000        0xc px4flow_led.c.o
 .group         0x0000000000000000        0xc px4flow_led.c.o
 .debug_macro   0x0000000000000000      0xa72 px4flow_led.c.o
 .debug_macro   0x0000000000000000       0x22 px4flow_led.c.o
 .debug_macro   0x0000000000000000       0x1c px4flow_led.c.o
 .debug_macro   0x0000000000000000       0x22 px4flow_led.c.o
 .debug_macro   0x0000000000000000       0x87 px4flow_led.c.o
 .debug_macro   0x0000000000000000       0x51 px4flow_led.c.o
 .debug_macro   0x0000000000000000       0xef px4flow_led.c.o
 .debug_macro   0x0000000000000000       0x6a px4flow_led.c.o
 .debug_macro   0x0000000000000000      0x1df px4flow_led.c.o
 .debug_macro   0x0000000000000000       0x22 px4flow_led.c.o
 .debug_macro   0x0000000000000000       0xcf px4flow_led.c.o
 .debug_macro   0x0000000000000000       0x58 px4flow_led.c.o
 .debug_macro   0x0000000000000000       0x17 px4flow_led.c.o
 .debug_macro   0x0000000000000000       0x2e px4flow_led.c.o
 .debug_macro   0x0000000000000000       0x9c px4flow_led.c.o
 .debug_macro   0x0000000000000000       0x16 px4flow_led.c.o
 .debug_macro   0x0000000000000000       0x46 px4flow_led.c.o
 .debug_macro   0x0000000000000000       0x63 px4flow_led.c.o
 .debug_macro   0x0000000000000000       0x35 px4flow_led.c.o
 .debug_macro   0x0000000000000000       0x18 px4flow_led.c.o
 .debug_macro   0x0000000000000000       0x42 px4flow_led.c.o
 .debug_macro   0x0000000000000000      0x8cb px4flow_led.c.o
 .debug_macro   0x0000000000000000     0x8096 px4flow_led.c.o
 .debug_macro   0x0000000000000000      0x44f px4flow_led.c.o
 .debug_macro   0x0000000000000000      0x3cf px4flow_led.c.o
 .debug_macro   0x0000000000000000      0x111 px4flow_led.c.o
 .debug_macro   0x0000000000000000      0x188 px4flow_led.c.o
 .debug_macro   0x0000000000000000       0xb2 px4flow_led.c.o
 .debug_macro   0x0000000000000000      0x149 px4flow_led.c.o
 .debug_macro   0x0000000000000000      0x477 px4flow_led.c.o
 .debug_macro   0x0000000000000000       0xae px4flow_led.c.o
 .debug_macro   0x0000000000000000      0x242 px4flow_led.c.o
 .debug_macro   0x0000000000000000      0x279 px4flow_led.c.o
 .debug_macro   0x0000000000000000       0xb5 px4flow_led.c.o
 .debug_macro   0x0000000000000000      0x265 px4flow_led.c.o
 .debug_macro   0x0000000000000000      0x2b3 px4flow_led.c.o
 .debug_macro   0x0000000000000000       0x64 px4flow_led.c.o
 .debug_macro   0x0000000000000000       0xa7 px4flow_led.c.o
 .debug_macro   0x0000000000000000      0x53d px4flow_led.c.o
 .debug_macro   0x0000000000000000       0x40 px4flow_led.c.o
 .debug_macro   0x0000000000000000      0x57b px4flow_led.c.o
 .debug_macro   0x0000000000000000      0x342 px4flow_led.c.o
 .debug_macro   0x0000000000000000      0x36c px4flow_led.c.o
 .debug_macro   0x0000000000000000       0xe1 px4flow_led.c.o
 .debug_macro   0x0000000000000000      0x73b px4flow_led.c.o
 .debug_macro   0x0000000000000000      0x221 px4flow_led.c.o
 .debug_macro   0x0000000000000000       0x34 px4flow_led.c.o
 .debug_macro   0x0000000000000000       0x82 px4flow_led.c.o
 .debug_macro   0x0000000000000000       0x16 px4flow_led.c.o
 .group         0x0000000000000000        0xc ../../../drivers/bootloaders/src/common/boot_app_shared.c.o
 .group         0x0000000000000000        0xc ../../../drivers/bootloaders/src/common/boot_app_shared.c.o
 .group         0x0000000000000000        0xc ../../../drivers/bootloaders/src/common/boot_app_shared.c.o
 .group         0x0000000000000000        0xc ../../../drivers/bootloaders/src/common/boot_app_shared.c.o
 .group         0x0000000000000000        0xc ../../../drivers/bootloaders/src/common/boot_app_shared.c.o
 .group         0x0000000000000000        0xc ../../../drivers/bootloaders/src/common/boot_app_shared.c.o
 .group         0x0000000000000000        0xc ../../../drivers/bootloaders/src/common/boot_app_shared.c.o
 .group         0x0000000000000000        0xc ../../../drivers/bootloaders/src/common/boot_app_shared.c.o
 .group         0x0000000000000000        0xc ../../../drivers/bootloaders/src/common/boot_app_shared.c.o
 .group         0x0000000000000000        0xc ../../../drivers/bootloaders/src/common/boot_app_shared.c.o
 .group         0x0000000000000000        0xc ../../../drivers/bootloaders/src/common/boot_app_shared.c.o
 .group         0x0000000000000000        0xc ../../../drivers/bootloaders/src/common/boot_app_shared.c.o
 .group         0x0000000000000000        0xc ../../../drivers/bootloaders/src/common/boot_app_shared.c.o
 .group         0x0000000000000000        0xc ../../../drivers/bootloaders/src/common/boot_app_shared.c.o
 .group         0x0000000000000000        0xc ../../../drivers/bootloaders/src/common/boot_app_shared.c.o
 .group         0x0000000000000000        0xc ../../../drivers/bootloaders/src/common/boot_app_shared.c.o
 .group         0x0000000000000000        0xc ../../../drivers/bootloaders/src/common/boot_app_shared.c.o
 .group         0x0000000000000000        0xc ../../../drivers/bootloaders/src/common/boot_app_shared.c.o
 .group         0x0000000000000000        0xc ../../../drivers/bootloaders/src/common/boot_app_shared.c.o
 .group         0x0000000000000000        0xc ../../../drivers/bootloaders/src/common/boot_app_shared.c.o
 .group         0x0000000000000000        0xc ../../../drivers/bootloaders/src/common/boot_app_shared.c.o
 .group         0x0000000000000000        0xc ../../../drivers/bootloaders/src/common/boot_app_shared.c.o
 .group         0x0000000000000000        0xc ../../../drivers/bootloaders/src/common/boot_app_shared.c.o
 .group         0x0000000000000000        0xc ../../../drivers/bootloaders/src/common/boot_app_shared.c.o
 .group         0x0000000000000000        0xc ../../../drivers/bootloaders/src/common/boot_app_shared.c.o
 .group         0x0000000000000000        0xc ../../../drivers/bootloaders/src/common/boot_app_shared.c.o
 .group         0x0000000000000000        0xc ../../../drivers/bootloaders/src/common/boot_app_shared.c.o
 .group         0x0000000000000000        0xc ../../../drivers/bootloaders/src/common/boot_app_shared.c.o
 .group         0x0000000000000000        0xc ../../../drivers/bootloaders/src/common/boot_app_shared.c.o
 .debug_macro   0x0000000000000000      0xa72 ../../../drivers/bootloaders/src/common/boot_app_shared.c.o
 .debug_macro   0x0000000000000000       0x22 ../../../drivers/bootloaders/src/common/boot_app_shared.c.o
 .debug_macro   0x0000000000000000       0x1c ../../../drivers/bootloaders/src/common/boot_app_shared.c.o
 .debug_macro   0x0000000000000000       0x22 ../../../drivers/bootloaders/src/common/boot_app_shared.c.o
 .debug_macro   0x0000000000000000       0x87 ../../../drivers/bootloaders/src/common/boot_app_shared.c.o
 .debug_macro   0x0000000000000000       0x51 ../../../drivers/bootloaders/src/common/boot_app_shared.c.o
 .debug_macro   0x0000000000000000       0xef ../../../drivers/bootloaders/src/common/boot_app_shared.c.o
 .debug_macro   0x0000000000000000       0x6a ../../../drivers/bootloaders/src/common/boot_app_shared.c.o
 .debug_macro   0x0000000000000000      0x1df ../../../drivers/bootloaders/src/common/boot_app_shared.c.o
 .debug_macro   0x0000000000000000       0x58 ../../../drivers/bootloaders/src/common/boot_app_shared.c.o
 .debug_macro   0x0000000000000000       0x17 ../../../drivers/bootloaders/src/common/boot_app_shared.c.o
 .debug_macro   0x0000000000000000       0x2e ../../../drivers/bootloaders/src/common/boot_app_shared.c.o
 .debug_macro   0x0000000000000000       0x9c ../../../drivers/bootloaders/src/common/boot_app_shared.c.o
 .debug_macro   0x0000000000000000       0x58 ../../../drivers/bootloaders/src/common/boot_app_shared.c.o
 .debug_macro   0x0000000000000000       0x1f ../../../drivers/bootloaders/src/common/boot_app_shared.c.o
 .debug_macro   0x0000000000000000       0x43 ../../../drivers/bootloaders/src/common/boot_app_shared.c.o
 .debug_macro   0x0000000000000000       0x20 ../../../drivers/bootloaders/src/common/boot_app_shared.c.o
 .debug_macro   0x0000000000000000      0x18e ../../../drivers/bootloaders/src/common/boot_app_shared.c.o
 .debug_macro   0x0000000000000000      0x353 ../../../drivers/bootloaders/src/common/boot_app_shared.c.o
 .debug_macro   0x0000000000000000       0x35 ../../../drivers/bootloaders/src/common/boot_app_shared.c.o
 .debug_macro   0x0000000000000000       0x10 ../../../drivers/bootloaders/src/common/boot_app_shared.c.o
 .debug_macro   0x0000000000000000      0x331 ../../../drivers/bootloaders/src/common/boot_app_shared.c.o
 .debug_macro   0x0000000000000000       0xcf ../../../drivers/bootloaders/src/common/boot_app_shared.c.o
 .debug_macro   0x0000000000000000       0x63 ../../../drivers/bootloaders/src/common/boot_app_shared.c.o
 .debug_macro   0x0000000000000000       0x35 ../../../drivers/bootloaders/src/common/boot_app_shared.c.o
 .debug_macro   0x0000000000000000       0x18 ../../../drivers/bootloaders/src/common/boot_app_shared.c.o
 .debug_macro   0x0000000000000000       0x42 ../../../drivers/bootloaders/src/common/boot_app_shared.c.o
 .debug_macro   0x0000000000000000      0x8cb ../../../drivers/bootloaders/src/common/boot_app_shared.c.o
 .debug_macro   0x0000000000000000     0x8096 ../../../drivers/bootloaders/src/common/boot_app_shared.c.o
 .group         0x0000000000000000        0xc ../../../drivers/bootloaders/src/util/crc.c.o
 .group         0x0000000000000000        0xc ../../../drivers/bootloaders/src/util/crc.c.o
 .group         0x0000000000000000        0xc ../../../drivers/bootloaders/src/util/crc.c.o
 .group         0x0000000000000000        0xc ../../../drivers/bootloaders/src/util/crc.c.o
 .group         0x0000000000000000        0xc ../../../drivers/bootloaders/src/util/crc.c.o
 .group         0x0000000000000000        0xc ../../../drivers/bootloaders/src/util/crc.c.o
 .group         0x0000000000000000        0xc ../../../drivers/bootloaders/src/util/crc.c.o
 .group         0x0000000000000000        0xc ../../../drivers/bootloaders/src/util/crc.c.o
 .group         0x0000000000000000        0xc ../../../drivers/bootloaders/src/util/crc.c.o
 .group         0x0000000000000000        0xc ../../../drivers/bootloaders/src/util/crc.c.o
 .group         0x0000000000000000        0xc ../../../drivers/bootloaders/src/util/crc.c.o
 .group         0x0000000000000000        0xc ../../../drivers/bootloaders/src/util/crc.c.o
 .group         0x0000000000000000        0xc ../../../drivers/bootloaders/src/util/crc.c.o
 .group         0x0000000000000000        0xc ../../../drivers/bootloaders/src/util/crc.c.o
 .group         0x0000000000000000        0xc ../../../drivers/bootloaders/src/util/crc.c.o
 .group         0x0000000000000000        0xc ../../../drivers/bootloaders/src/util/crc.c.o
 .group         0x0000000000000000        0xc ../../../drivers/bootloaders/src/util/crc.c.o
 .group         0x0000000000000000        0xc ../../../drivers/bootloaders/src/util/crc.c.o
 .group         0x0000000000000000        0xc ../../../drivers/bootloaders/src/util/crc.c.o
 .debug_macro   0x0000000000000000      0xa72 ../../../drivers/bootloaders/src/util/crc.c.o
 .debug_macro   0x0000000000000000       0x22 ../../../drivers/bootloaders/src/util/crc.c.o
 .debug_macro   0x0000000000000000       0x22 ../../../drivers/bootloaders/src/util/crc.c.o
 .debug_macro   0x0000000000000000       0x87 ../../../drivers/bootloaders/src/util/crc.c.o
 .debug_macro   0x0000000000000000       0x51 ../../../drivers/bootloaders/src/util/crc.c.o
 .debug_macro   0x0000000000000000       0xef ../../../drivers/bootloaders/src/util/crc.c.o
 .debug_macro   0x0000000000000000       0x6a ../../../drivers/bootloaders/src/util/crc.c.o
 .debug_macro   0x0000000000000000      0x1df ../../../drivers/bootloaders/src/util/crc.c.o
 .debug_macro   0x0000000000000000       0x17 ../../../drivers/bootloaders/src/util/crc.c.o
 .debug_macro   0x0000000000000000       0x58 ../../../drivers/bootloaders/src/util/crc.c.o
 .debug_macro   0x0000000000000000       0x2e ../../../drivers/bootloaders/src/util/crc.c.o
 .debug_macro   0x0000000000000000       0x9c ../../../drivers/bootloaders/src/util/crc.c.o
 .debug_macro   0x0000000000000000       0x58 ../../../drivers/bootloaders/src/util/crc.c.o
 .debug_macro   0x0000000000000000       0x1f ../../../drivers/bootloaders/src/util/crc.c.o
 .debug_macro   0x0000000000000000       0x43 ../../../drivers/bootloaders/src/util/crc.c.o
 .debug_macro   0x0000000000000000       0x20 ../../../drivers/bootloaders/src/util/crc.c.o
 .debug_macro   0x0000000000000000      0x18e ../../../drivers/bootloaders/src/util/crc.c.o
 .debug_macro   0x0000000000000000      0x353 ../../../drivers/bootloaders/src/util/crc.c.o
 .debug_macro   0x0000000000000000       0x1c ../../../drivers/bootloaders/src/util/crc.c.o

Memory Configuration

Name             Origin             Length             Attributes
*default*        0x0000000000000000 0xffffffffffffffff

Linker script and memory map

LOAD px4flow_init.c.o
LOAD px4flow_led.c.o
LOAD ../../../drivers/bootloaders/src/common/boot_app_shared.c.o
LOAD ../../../drivers/bootloaders/src/util/crc.c.o

.interp
 *(.interp)

.note.gnu.build-id
 *(.note.gnu.build-id)

.hash
 *(.hash)

.gnu.hash
 *(.gnu.hash)

.dynsym
 *(.dynsym)

.dynstr
 *(.dynstr)

.gnu.version
 *(.gnu.version)

.gnu.version_d
 *(.gnu.version_d)

.gnu.version_r
 *(.gnu.version_r)

.rel.init
 *(.rel.init)

.rela.init
 *(.rela.init)

.rel.text
 *(.rel.text)

.rela.text
 *(.rela.text)

.rel.fini
 *(.rel.fini)

.rela.fini
 *(.rela.fini)

.rel.rodata
 *(.rel.rodata)

.rela.rodata
 *(.rela.rodata)

.rel.data.rel.ro
 *(.rel.data.rel.ro)

.rela.data.rel.ro
 *(.rela.data.rel.ro)

.rel.data
 *(.rel.data)

.rela.data
 *(.rela.data)

.rel.tdata
 *(.rel.tdata)

.rela.tdata
 *(.rela.tdata)

.rel.tbss
 *(.rel.tbss)

.rela.tbss
 *(.rela.tbss)

.rel.ctors
 *(.rel.ctors)

.rela.ctors
 *(.rela.ctors)

.rel.dtors
 *(.rel.dtors)

.rela.dtors
 *(.rela.dtors)

.rel.got
 *(.rel.got)

.rela.got
 *(.rela.got)

.rel.bss
 *(.rel.bss)

.rela.bss
 *(.rela.bss)

.rel.iplt
 *(.rel.iplt)

.rela.iplt
 *(.rela.iplt)

.rel.plt
 *(.rel.plt)

.rela.plt
 *(.rela.plt)

.init
 *(SORT_NONE(.init))

.plt
 *(.plt)

.iplt
 *(.iplt)

.text           0x0000000000000000        0x0
 *(.text .stub)
 .text          0x0000000000000000        0x0 px4flow_init.c.o
 .text          0x0000000000000000        0x0 px4flow_led.c.o
 .text          0x0000000000000000        0x0 ../../../drivers/bootloaders/src/common/boot_app_shared.c.o
 .text          0x0000000000000000        0x0 ../../../drivers/bootloaders/src/util/crc.c.o
 *(.gnu.warning)

.text.board_initialize
                0x0000000000000000       0x40
 .text.board_initialize
                0x0000000000000000       0x40 px4flow_init.c.o
                0x0000000000000000                board_initialize

.text.board_app_initialize
                0x0000000000000000        0x4
 .text.board_app_initialize
                0x0000000000000000        0x4 px4flow_init.c.o
                0x0000000000000000                board_app_initialize

.text.board_reset
                0x0000000000000000       0x10
 .text.board_reset
                0x0000000000000000       0x10 px4flow_init.c.o
                0x0000000000000000                board_reset

.text.board_get_serialnumber
                0x0000000000000000       0x18
 .text.board_get_serialnumber
                0x0000000000000000       0x18 px4flow_init.c.o
                0x0000000000000000                board_get_serialnumber

.text.board_led_initialize
                0x0000000000000000        0x2
 .text.board_led_initialize
                0x0000000000000000        0x2 px4flow_init.c.o
                0x0000000000000000                board_led_initialize

.text.board_led_on
                0x0000000000000000        0x2
 .text.board_led_on
                0x0000000000000000        0x2 px4flow_init.c.o
                0x0000000000000000                board_led_on

.text.board_led_off
                0x0000000000000000        0x2
 .text.board_led_off
                0x0000000000000000        0x2 px4flow_init.c.o
                0x0000000000000000                board_led_off

.text.board_crashdump
                0x0000000000000000        0x2
 .text.board_crashdump
                0x0000000000000000        0x2 px4flow_init.c.o
                0x0000000000000000                board_crashdump

.text.board_led_rgb
                0x0000000000000000      0x104
 .text.board_led_rgb
                0x0000000000000000      0x104 px4flow_led.c.o
                0x0000000000000000                board_led_rgb

.text.calulate_signature
                0x0000000000000000       0x24
 .text.calulate_signature
                0x0000000000000000       0x24 ../../../drivers/bootloaders/src/common/boot_app_shared.c.o

.text.bootloader_app_shared_read
                0x0000000000000000       0x7c
 .text.bootloader_app_shared_read
                0x0000000000000000       0x7c ../../../drivers/bootloaders/src/common/boot_app_shared.c.o
                0x0000000000000000                bootloader_app_shared_read

.text.bootloader_app_shared_write
                0x0000000000000000       0x64
 .text.bootloader_app_shared_write
                0x0000000000000000       0x64 ../../../drivers/bootloaders/src/common/boot_app_shared.c.o
                0x0000000000000000                bootloader_app_shared_write

.text.bootloader_app_shared_invalidate
                0x0000000000000000       0x20
 .text.bootloader_app_shared_invalidate
                0x0000000000000000       0x20 ../../../drivers/bootloaders/src/common/boot_app_shared.c.o
                0x0000000000000000                bootloader_app_shared_invalidate

.text.crc16_add
                0x0000000000000000       0x1e
 .text.crc16_add
                0x0000000000000000       0x1e ../../../drivers/bootloaders/src/util/crc.c.o
                0x0000000000000000                crc16_add

.text.crc16_signature
                0x0000000000000000       0x16
 .text.crc16_signature
                0x0000000000000000       0x16 ../../../drivers/bootloaders/src/util/crc.c.o
                0x0000000000000000                crc16_signature

.text.crc64_add_word
                0x0000000000000000       0x50
 .text.crc64_add_word
                0x0000000000000000       0x50 ../../../drivers/bootloaders/src/util/crc.c.o
                0x0000000000000000                crc64_add_word

.fini
 *(SORT_NONE(.fini))

.rodata
 *(.rodata)

.rodata1
 *(.rodata1)

.ARM.extab
 *(.ARM.extab)

.ARM.exidx
 *(.ARM.exidx)

.eh_frame_hdr
 *(.eh_frame_hdr)

.eh_frame
 *(.eh_frame)

.gcc_except_table
 *(.gcc_except_table .gcc_except_table.*)

.gnu_extab
 *(.gnu_extab*)

.exception_ranges
 *(.exception_ranges .exception_ranges*)

.eh_frame
 *(.eh_frame)

.gnu_extab
 *(.gnu_extab)

.gcc_except_table
 *(.gcc_except_table .gcc_except_table.*)

.exception_ranges
 *(.exception_ranges .exception_ranges*)

.tdata
 *(.tdata)

.tbss
 *(.tbss)

.preinit_array
 *(.preinit_array)

.jcr
 *(.jcr)

.dynamic
 *(.dynamic)

.got
 *(.got.plt)
 *(.igot.plt)
 *(.got)
 *(.igot)

.data           0x0000000000000000        0x0
 *(.data)
 .data          0x0000000000000000        0x0 px4flow_init.c.o
 .data          0x0000000000000000        0x0 px4flow_led.c.o
 .data          0x0000000000000000        0x0 ../../../drivers/bootloaders/src/common/boot_app_shared.c.o
 .data          0x0000000000000000        0x0 ../../../drivers/bootloaders/src/util/crc.c.o

.data1
 *(.data1)

.bss            0x0000000000000000        0x0
 *(.bss)
 .bss           0x0000000000000000        0x0 px4flow_init.c.o
 .bss           0x0000000000000000        0x0 px4flow_led.c.o
 .bss           0x0000000000000000        0x0 ../../../drivers/bootloaders/src/common/boot_app_shared.c.o
 .bss           0x0000000000000000        0x0 ../../../drivers/bootloaders/src/util/crc.c.o
 *(COMMON)

.bss.once.8674  0x0000000000000000        0x1
 .bss.once.8674
                0x0000000000000000        0x1 px4flow_led.c.o

.stack
 *(.stack)

.stab
 *(.stab)

.stabstr
 *(.stabstr)

.stab.excl
 *(.stab.excl)

.stab.exclstr
 *(.stab.exclstr)

.stab.index
 *(.stab.index)

.stab.indexstr
 *(.stab.indexstr)

.comment        0x0000000000000000      0x1fc
 *(.comment)
 .comment       0x0000000000000000       0x7f px4flow_init.c.o
 .comment       0x000000000000007f       0x7f px4flow_led.c.o
 .comment       0x00000000000000fe       0x7f ../../../drivers/bootloaders/src/common/boot_app_shared.c.o
 .comment       0x000000000000017d       0x7f ../../../drivers/bootloaders/src/util/crc.c.o

.group          0x0000000000000000        0xc
 .group         0x0000000000000000        0xc px4flow_init.c.o

.group          0x0000000000000000        0xc
 .group         0x0000000000000000        0xc px4flow_init.c.o

.group          0x0000000000000000        0xc
 .group         0x0000000000000000        0xc px4flow_init.c.o

.group          0x0000000000000000        0xc
 .group         0x0000000000000000        0xc px4flow_init.c.o

.group          0x0000000000000000        0xc
 .group         0x0000000000000000        0xc px4flow_init.c.o

.group          0x0000000000000000        0xc
 .group         0x0000000000000000        0xc px4flow_init.c.o

.group          0x0000000000000000        0xc
 .group         0x0000000000000000        0xc px4flow_init.c.o

.group          0x0000000000000000        0xc
 .group         0x0000000000000000        0xc px4flow_init.c.o

.group          0x0000000000000000        0xc
 .group         0x0000000000000000        0xc px4flow_init.c.o

.group          0x0000000000000000        0xc
 .group         0x0000000000000000        0xc px4flow_init.c.o

.group          0x0000000000000000        0xc
 .group         0x0000000000000000        0xc px4flow_init.c.o

.group          0x0000000000000000        0xc
 .group         0x0000000000000000        0xc px4flow_init.c.o

.group          0x0000000000000000        0xc
 .group         0x0000000000000000        0xc px4flow_init.c.o

.group          0x0000000000000000        0xc
 .group         0x0000000000000000        0xc px4flow_init.c.o

.group          0x0000000000000000        0xc
 .group         0x0000000000000000        0xc px4flow_init.c.o

.group          0x0000000000000000        0xc
 .group         0x0000000000000000        0xc px4flow_init.c.o

.group          0x0000000000000000        0xc
 .group         0x0000000000000000        0xc px4flow_init.c.o

.group          0x0000000000000000        0xc
 .group         0x0000000000000000        0xc px4flow_init.c.o

.group          0x0000000000000000        0xc
 .group         0x0000000000000000        0xc px4flow_init.c.o

.group          0x0000000000000000        0xc
 .group         0x0000000000000000        0xc px4flow_init.c.o

.group          0x0000000000000000        0xc
 .group         0x0000000000000000        0xc px4flow_init.c.o

.group          0x0000000000000000        0xc
 .group         0x0000000000000000        0xc px4flow_init.c.o

.group          0x0000000000000000        0xc
 .group         0x0000000000000000        0xc px4flow_init.c.o

.group          0x0000000000000000        0xc
 .group         0x0000000000000000        0xc px4flow_init.c.o

.group          0x0000000000000000        0xc
 .group         0x0000000000000000        0xc px4flow_init.c.o

.group          0x0000000000000000        0xc
 .group         0x0000000000000000        0xc px4flow_init.c.o

.group          0x0000000000000000        0xc
 .group         0x0000000000000000        0xc px4flow_init.c.o

.group          0x0000000000000000        0xc
 .group         0x0000000000000000        0xc px4flow_init.c.o

.group          0x0000000000000000        0xc
 .group         0x0000000000000000        0xc px4flow_init.c.o

.group          0x0000000000000000        0xc
 .group         0x0000000000000000        0xc px4flow_init.c.o

.group          0x0000000000000000        0xc
 .group         0x0000000000000000        0xc px4flow_init.c.o

.group          0x0000000000000000        0xc
 .group         0x0000000000000000        0xc px4flow_init.c.o

.group          0x0000000000000000        0xc
 .group         0x0000000000000000        0xc px4flow_init.c.o

.group          0x0000000000000000        0xc
 .group         0x0000000000000000        0xc px4flow_init.c.o

.group          0x0000000000000000        0xc
 .group         0x0000000000000000        0xc px4flow_init.c.o

.group          0x0000000000000000        0xc
 .group         0x0000000000000000        0xc px4flow_init.c.o

.group          0x0000000000000000        0xc
 .group         0x0000000000000000        0xc px4flow_init.c.o

.group          0x0000000000000000        0xc
 .group         0x0000000000000000        0xc px4flow_init.c.o

.group          0x0000000000000000        0xc
 .group         0x0000000000000000        0xc px4flow_init.c.o

.group          0x0000000000000000        0xc
 .group         0x0000000000000000        0xc px4flow_init.c.o

.group          0x0000000000000000        0xc
 .group         0x0000000000000000        0xc px4flow_init.c.o

.group          0x0000000000000000        0xc
 .group         0x0000000000000000        0xc px4flow_init.c.o

.group          0x0000000000000000        0xc
 .group         0x0000000000000000        0xc px4flow_init.c.o

.group          0x0000000000000000        0xc
 .group         0x0000000000000000        0xc px4flow_init.c.o

.group          0x0000000000000000        0xc
 .group         0x0000000000000000        0xc px4flow_init.c.o

.group          0x0000000000000000        0xc
 .group         0x0000000000000000        0xc px4flow_init.c.o

.group          0x0000000000000000        0xc
 .group         0x0000000000000000        0xc px4flow_init.c.o

.group          0x0000000000000000        0xc
 .group         0x0000000000000000        0xc px4flow_init.c.o

.group          0x0000000000000000        0xc
 .group         0x0000000000000000        0xc px4flow_init.c.o

.group          0x0000000000000000        0xc
 .group         0x0000000000000000        0xc px4flow_init.c.o

.group          0x0000000000000000        0xc
 .group         0x0000000000000000        0xc px4flow_init.c.o

.group          0x0000000000000000        0xc
 .group         0x0000000000000000        0xc px4flow_init.c.o

.group          0x0000000000000000        0xc
 .group         0x0000000000000000        0xc px4flow_init.c.o

.group          0x0000000000000000        0xc
 .group         0x0000000000000000        0xc px4flow_init.c.o

.group          0x0000000000000000        0xc
 .group         0x0000000000000000        0xc px4flow_init.c.o

.group          0x0000000000000000        0xc
 .group         0x0000000000000000        0xc px4flow_init.c.o

.group          0x0000000000000000        0xc
 .group         0x0000000000000000        0xc px4flow_init.c.o

.group          0x0000000000000000        0xc
 .group         0x0000000000000000        0xc px4flow_init.c.o

.group          0x0000000000000000        0xc
 .group         0x0000000000000000        0xc px4flow_init.c.o

.group          0x0000000000000000        0xc
 .group         0x0000000000000000        0xc px4flow_init.c.o

.group          0x0000000000000000        0xc
 .group         0x0000000000000000        0xc px4flow_init.c.o

.group          0x0000000000000000        0xc
 .group         0x0000000000000000        0xc px4flow_init.c.o

.group          0x0000000000000000        0xc
 .group         0x0000000000000000        0xc px4flow_init.c.o

.group          0x0000000000000000        0xc
 .group         0x0000000000000000        0xc px4flow_init.c.o

.group          0x0000000000000000        0xc
 .group         0x0000000000000000        0xc px4flow_init.c.o

.group          0x0000000000000000        0xc
 .group         0x0000000000000000        0xc px4flow_init.c.o

.group          0x0000000000000000        0xc
 .group         0x0000000000000000        0xc px4flow_init.c.o

.group          0x0000000000000000        0xc
 .group         0x0000000000000000        0xc px4flow_init.c.o

.group          0x0000000000000000        0xc
 .group         0x0000000000000000        0xc px4flow_init.c.o

.group          0x0000000000000000        0xc
 .group         0x0000000000000000        0xc px4flow_init.c.o

.group          0x0000000000000000        0xc
 .group         0x0000000000000000        0xc px4flow_init.c.o

.group          0x0000000000000000        0xc
 .group         0x0000000000000000        0xc px4flow_init.c.o

.group          0x0000000000000000        0xc
 .group         0x0000000000000000        0xc px4flow_init.c.o

.group          0x0000000000000000        0xc
 .group         0x0000000000000000        0xc px4flow_init.c.o

.group          0x0000000000000000        0xc
 .group         0x0000000000000000        0xc px4flow_init.c.o

.group          0x0000000000000000        0xc
 .group         0x0000000000000000        0xc px4flow_init.c.o

.group          0x0000000000000000        0xc
 .group         0x0000000000000000        0xc px4flow_init.c.o

.group          0x0000000000000000        0xc
 .group         0x0000000000000000        0xc ../../../drivers/bootloaders/src/common/boot_app_shared.c.o

.group          0x0000000000000000        0xc
 .group         0x0000000000000000        0xc ../../../drivers/bootloaders/src/common/boot_app_shared.c.o

.group          0x0000000000000000        0xc
 .group         0x0000000000000000        0xc ../../../drivers/bootloaders/src/common/boot_app_shared.c.o

.group          0x0000000000000000        0xc
 .group         0x0000000000000000        0xc ../../../drivers/bootloaders/src/common/boot_app_shared.c.o

.group          0x0000000000000000        0xc
 .group         0x0000000000000000        0xc ../../../drivers/bootloaders/src/util/crc.c.o

.group          0x0000000000000000        0xc
 .group         0x0000000000000000        0xc ../../../drivers/bootloaders/src/util/crc.c.o

.group          0x0000000000000000        0xc
 .group         0x0000000000000000        0xc ../../../drivers/bootloaders/src/util/crc.c.o

.group          0x0000000000000000        0xc
 .group         0x0000000000000000        0xc ../../../drivers/bootloaders/src/util/crc.c.o

.group          0x0000000000000000        0xc
 .group         0x0000000000000000        0xc ../../../drivers/bootloaders/src/util/crc.c.o

.debug
 *(.debug)

.line
 *(.line)

.debug_srcinfo
 *(.debug_srcinfo)

.debug_sfnames
 *(.debug_sfnames)

.debug_aranges  0x0000000000000000       0xd8
 *(.debug_aranges)
 .debug_aranges
                0x0000000000000000       0x50 px4flow_init.c.o
 .debug_aranges
                0x0000000000000050       0x20 px4flow_led.c.o
 .debug_aranges
                0x0000000000000070       0x38 ../../../drivers/bootloaders/src/common/boot_app_shared.c.o
 .debug_aranges
                0x00000000000000a8       0x30 ../../../drivers/bootloaders/src/util/crc.c.o

.debug_pubnames
 *(.debug_pubnames)

.debug_info     0x0000000000000000     0x2beb
 *(.debug_info)
 .debug_info    0x0000000000000000      0xca2 px4flow_init.c.o
 .debug_info    0x0000000000000ca2      0x6e0 px4flow_led.c.o
 .debug_info    0x0000000000001382      0xe30 ../../../drivers/bootloaders/src/common/boot_app_shared.c.o
 .debug_info    0x00000000000021b2      0xa39 ../../../drivers/bootloaders/src/util/crc.c.o

.debug_abbrev   0x0000000000000000      0xa4b
 *(.debug_abbrev)
 .debug_abbrev  0x0000000000000000      0x322 px4flow_init.c.o
 .debug_abbrev  0x0000000000000322      0x1b7 px4flow_led.c.o
 .debug_abbrev  0x00000000000004d9      0x32a ../../../drivers/bootloaders/src/common/boot_app_shared.c.o
 .debug_abbrev  0x0000000000000803      0x248 ../../../drivers/bootloaders/src/util/crc.c.o

.debug_line     0x0000000000000000     0x15cc
 *(.debug_line .debug_line.* .debug_line_end)
 .debug_line    0x0000000000000000      0x7b4 px4flow_init.c.o
 .debug_line    0x00000000000007b4      0x65a px4flow_led.c.o
 .debug_line    0x0000000000000e0e      0x488 ../../../drivers/bootloaders/src/common/boot_app_shared.c.o
 .debug_line    0x0000000000001296      0x336 ../../../drivers/bootloaders/src/util/crc.c.o

.debug_frame    0x0000000000000000      0x1c0
 *(.debug_frame)
 .debug_frame   0x0000000000000000       0xa4 px4flow_init.c.o
 .debug_frame   0x00000000000000a4       0x38 px4flow_led.c.o
 .debug_frame   0x00000000000000dc       0x84 ../../../drivers/bootloaders/src/common/boot_app_shared.c.o
 .debug_frame   0x0000000000000160       0x60 ../../../drivers/bootloaders/src/util/crc.c.o

.debug_str      0x0000000000000000    0xf2c26
 *(.debug_str)
 .debug_str     0x0000000000000000    0x5bb43 px4flow_init.c.o
 .debug_str     0x000000000005bb43    0x576d5 px4flow_led.c.o
 .debug_str     0x00000000000b3218    0x389d7 ../../../drivers/bootloaders/src/common/boot_app_shared.c.o
 .debug_str     0x00000000000ebbef     0x7037 ../../../drivers/bootloaders/src/util/crc.c.o

.debug_loc      0x0000000000000000      0x45f
 *(.debug_loc)
 .debug_loc     0x0000000000000000       0x3f px4flow_init.c.o
 .debug_loc     0x000000000000003f       0x97 px4flow_led.c.o
 .debug_loc     0x00000000000000d6      0x191 ../../../drivers/bootloaders/src/common/boot_app_shared.c.o
 .debug_loc     0x0000000000000267      0x1f8 ../../../drivers/bootloaders/src/util/crc.c.o

.debug_macinfo
 *(.debug_macinfo)

.debug_weaknames
 *(.debug_weaknames)

.debug_funcnames
 *(.debug_funcnames)

.debug_typenames
 *(.debug_typenames)

.debug_varnames
 *(.debug_varnames)

.debug_pubtypes
 *(.debug_pubtypes)

.debug_ranges   0x0000000000000000       0xb8
 *(.debug_ranges)
 .debug_ranges  0x0000000000000000       0x40 px4flow_init.c.o
 .debug_ranges  0x0000000000000040       0x10 px4flow_led.c.o
 .debug_ranges  0x0000000000000050       0x48 ../../../drivers/bootloaders/src/common/boot_app_shared.c.o
 .debug_ranges  0x0000000000000098       0x20 ../../../drivers/bootloaders/src/util/crc.c.o

.debug_macro    0x0000000000000000      0x90c
 *(.debug_macro)
 .debug_macro   0x0000000000000000      0x3b1 px4flow_init.c.o
 .debug_macro   0x00000000000003b1      0x230 px4flow_led.c.o
 .debug_macro   0x00000000000005e1      0x1f2 ../../../drivers/bootloaders/src/common/boot_app_shared.c.o
 .debug_macro   0x00000000000007d3      0x139 ../../../drivers/bootloaders/src/util/crc.c.o

.debug_addr
 *(.debug_addr)

.ARM.attributes
                0x0000000000000000       0x35
 *(.ARM.attributes)
 .ARM.attributes
                0x0000000000000000       0x35 px4flow_init.c.o
 .ARM.attributes
                0x0000000000000035       0x35 px4flow_led.c.o
 .ARM.attributes
                0x000000000000006a       0x35 ../../../drivers/bootloaders/src/common/boot_app_shared.c.o
 .ARM.attributes
                0x000000000000009f       0x35 ../../../drivers/bootloaders/src/util/crc.c.o
 *(.gnu.attributes)

.note.gnu.arm.ident
 *(.note.gnu.arm.ident)
OUTPUT(/home/ahyy/Drone/Flow/Build/px4flow-v2_default.build//home/ahyy/Drone/Flow/src/drivers/boards/px4flow-v2/module.pre.o elf32-littlearm)

.debug_macro    0x0000000000000000      0xa72
 .debug_macro   0x0000000000000000      0xa72 px4flow_init.c.o

.debug_macro    0x0000000000000000       0x22
 .debug_macro   0x0000000000000000       0x22 px4flow_init.c.o

.debug_macro    0x0000000000000000       0x1c
 .debug_macro   0x0000000000000000       0x1c px4flow_init.c.o

.debug_macro    0x0000000000000000       0x22
 .debug_macro   0x0000000000000000       0x22 px4flow_init.c.o

.debug_macro    0x0000000000000000       0x22
 .debug_macro   0x0000000000000000       0x22 px4flow_init.c.o

.debug_macro    0x0000000000000000       0x87
 .debug_macro   0x0000000000000000       0x87 px4flow_init.c.o

.debug_macro    0x0000000000000000       0x51
 .debug_macro   0x0000000000000000       0x51 px4flow_init.c.o

.debug_macro    0x0000000000000000       0xef
 .debug_macro   0x0000000000000000       0xef px4flow_init.c.o

.debug_macro    0x0000000000000000       0x6a
 .debug_macro   0x0000000000000000       0x6a px4flow_init.c.o

.debug_macro    0x0000000000000000      0x1df
 .debug_macro   0x0000000000000000      0x1df px4flow_init.c.o

.debug_macro    0x0000000000000000       0x58
 .debug_macro   0x0000000000000000       0x58 px4flow_init.c.o

.debug_macro    0x0000000000000000       0x17
 .debug_macro   0x0000000000000000       0x17 px4flow_init.c.o

.debug_macro    0x0000000000000000       0x2e
 .debug_macro   0x0000000000000000       0x2e px4flow_init.c.o

.debug_macro    0x0000000000000000       0x9c
 .debug_macro   0x0000000000000000       0x9c px4flow_init.c.o

.debug_macro    0x0000000000000000       0x16
 .debug_macro   0x0000000000000000       0x16 px4flow_init.c.o

.debug_macro    0x0000000000000000       0x97
 .debug_macro   0x0000000000000000       0x97 px4flow_init.c.o

.debug_macro    0x0000000000000000      0x353
 .debug_macro   0x0000000000000000      0x353 px4flow_init.c.o

.debug_macro    0x0000000000000000       0xf6
 .debug_macro   0x0000000000000000       0xf6 px4flow_init.c.o

.debug_macro    0x0000000000000000       0x10
 .debug_macro   0x0000000000000000       0x10 px4flow_init.c.o

.debug_macro    0x0000000000000000       0x58
 .debug_macro   0x0000000000000000       0x58 px4flow_init.c.o

.debug_macro    0x0000000000000000       0x1f
 .debug_macro   0x0000000000000000       0x1f px4flow_init.c.o

.debug_macro    0x0000000000000000       0x43
 .debug_macro   0x0000000000000000       0x43 px4flow_init.c.o

.debug_macro    0x0000000000000000       0x20
 .debug_macro   0x0000000000000000       0x20 px4flow_init.c.o

.debug_macro    0x0000000000000000      0x18e
 .debug_macro   0x0000000000000000      0x18e px4flow_init.c.o

.debug_macro    0x0000000000000000       0x10
 .debug_macro   0x0000000000000000       0x10 px4flow_init.c.o

.debug_macro    0x0000000000000000       0x1c
 .debug_macro   0x0000000000000000       0x1c px4flow_init.c.o

.debug_macro    0x0000000000000000       0x52
 .debug_macro   0x0000000000000000       0x52 px4flow_init.c.o

.debug_macro    0x0000000000000000       0x40
 .debug_macro   0x0000000000000000       0x40 px4flow_init.c.o

.debug_macro    0x0000000000000000       0x10
 .debug_macro   0x0000000000000000       0x10 px4flow_init.c.o

.debug_macro    0x0000000000000000       0x40
 .debug_macro   0x0000000000000000       0x40 px4flow_init.c.o

.debug_macro    0x0000000000000000       0xd7
 .debug_macro   0x0000000000000000       0xd7 px4flow_init.c.o

.debug_macro    0x0000000000000000       0x1c
 .debug_macro   0x0000000000000000       0x1c px4flow_init.c.o

.debug_macro    0x0000000000000000       0x3d
 .debug_macro   0x0000000000000000       0x3d px4flow_init.c.o

.debug_macro    0x0000000000000000       0x16
 .debug_macro   0x0000000000000000       0x16 px4flow_init.c.o

.debug_macro    0x0000000000000000      0x16f
 .debug_macro   0x0000000000000000      0x16f px4flow_init.c.o

.debug_macro    0x0000000000000000       0x16
 .debug_macro   0x0000000000000000       0x16 px4flow_init.c.o

.debug_macro    0x0000000000000000       0x35
 .debug_macro   0x0000000000000000       0x35 px4flow_init.c.o

.debug_macro    0x0000000000000000       0x16
 .debug_macro   0x0000000000000000       0x16 px4flow_init.c.o

.debug_macro    0x0000000000000000       0x10
 .debug_macro   0x0000000000000000       0x10 px4flow_init.c.o

.debug_macro    0x0000000000000000      0x331
 .debug_macro   0x0000000000000000      0x331 px4flow_init.c.o

.debug_macro    0x0000000000000000       0x2e
 .debug_macro   0x0000000000000000       0x2e px4flow_init.c.o

.debug_macro    0x0000000000000000       0xcf
 .debug_macro   0x0000000000000000       0xcf px4flow_init.c.o

.debug_macro    0x0000000000000000       0x16
 .debug_macro   0x0000000000000000       0x16 px4flow_init.c.o

.debug_macro    0x0000000000000000       0x46
 .debug_macro   0x0000000000000000       0x46 px4flow_init.c.o

.debug_macro    0x0000000000000000       0x63
 .debug_macro   0x0000000000000000       0x63 px4flow_init.c.o

.debug_macro    0x0000000000000000       0x35
 .debug_macro   0x0000000000000000       0x35 px4flow_init.c.o

.debug_macro    0x0000000000000000       0x18
 .debug_macro   0x0000000000000000       0x18 px4flow_init.c.o

.debug_macro    0x0000000000000000       0x42
 .debug_macro   0x0000000000000000       0x42 px4flow_init.c.o

.debug_macro    0x0000000000000000      0x8cb
 .debug_macro   0x0000000000000000      0x8cb px4flow_init.c.o

.debug_macro    0x0000000000000000     0x8096
 .debug_macro   0x0000000000000000     0x8096 px4flow_init.c.o

.debug_macro    0x0000000000000000      0x44f
 .debug_macro   0x0000000000000000      0x44f px4flow_init.c.o

.debug_macro    0x0000000000000000      0x3cf
 .debug_macro   0x0000000000000000      0x3cf px4flow_init.c.o

.debug_macro    0x0000000000000000      0x111
 .debug_macro   0x0000000000000000      0x111 px4flow_init.c.o

.debug_macro    0x0000000000000000      0x188
 .debug_macro   0x0000000000000000      0x188 px4flow_init.c.o

.debug_macro    0x0000000000000000       0xb2
 .debug_macro   0x0000000000000000       0xb2 px4flow_init.c.o

.debug_macro    0x0000000000000000      0x149
 .debug_macro   0x0000000000000000      0x149 px4flow_init.c.o

.debug_macro    0x0000000000000000      0x477
 .debug_macro   0x0000000000000000      0x477 px4flow_init.c.o

.debug_macro    0x0000000000000000       0xae
 .debug_macro   0x0000000000000000       0xae px4flow_init.c.o

.debug_macro    0x0000000000000000      0x242
 .debug_macro   0x0000000000000000      0x242 px4flow_init.c.o

.debug_macro    0x0000000000000000      0x279
 .debug_macro   0x0000000000000000      0x279 px4flow_init.c.o

.debug_macro    0x0000000000000000       0xb5
 .debug_macro   0x0000000000000000       0xb5 px4flow_init.c.o

.debug_macro    0x0000000000000000      0x265
 .debug_macro   0x0000000000000000      0x265 px4flow_init.c.o

.debug_macro    0x0000000000000000      0x2b3
 .debug_macro   0x0000000000000000      0x2b3 px4flow_init.c.o

.debug_macro    0x0000000000000000       0x64
 .debug_macro   0x0000000000000000       0x64 px4flow_init.c.o

.debug_macro    0x0000000000000000       0xa7
 .debug_macro   0x0000000000000000       0xa7 px4flow_init.c.o

.debug_macro    0x0000000000000000      0x53d
 .debug_macro   0x0000000000000000      0x53d px4flow_init.c.o

.debug_macro    0x0000000000000000       0x40
 .debug_macro   0x0000000000000000       0x40 px4flow_init.c.o

.debug_macro    0x0000000000000000      0x57b
 .debug_macro   0x0000000000000000      0x57b px4flow_init.c.o

.debug_macro    0x0000000000000000      0x342
 .debug_macro   0x0000000000000000      0x342 px4flow_init.c.o

.debug_macro    0x0000000000000000      0x36c
 .debug_macro   0x0000000000000000      0x36c px4flow_init.c.o

.debug_macro    0x0000000000000000       0xe1
 .debug_macro   0x0000000000000000       0xe1 px4flow_init.c.o

.debug_macro    0x0000000000000000      0x73b
 .debug_macro   0x0000000000000000      0x73b px4flow_init.c.o

.debug_macro    0x0000000000000000      0x221
 .debug_macro   0x0000000000000000      0x221 px4flow_init.c.o

.debug_macro    0x0000000000000000       0x34
 .debug_macro   0x0000000000000000       0x34 px4flow_init.c.o

.debug_macro    0x0000000000000000       0x82
 .debug_macro   0x0000000000000000       0x82 px4flow_init.c.o

.debug_macro    0x0000000000000000       0x16
 .debug_macro   0x0000000000000000       0x16 px4flow_init.c.o

.debug_macro    0x0000000000000000       0x10
 .debug_macro   0x0000000000000000       0x10 px4flow_init.c.o

.debug_macro    0x0000000000000000      0x16d
 .debug_macro   0x0000000000000000      0x16d ../../../drivers/bootloaders/src/common/boot_app_shared.c.o

.debug_macro    0x0000000000000000       0x10
 .debug_macro   0x0000000000000000       0x10 ../../../drivers/bootloaders/src/common/boot_app_shared.c.o

.debug_macro    0x0000000000000000       0x1c
 .debug_macro   0x0000000000000000       0x1c ../../../drivers/bootloaders/src/common/boot_app_shared.c.o

.debug_macro    0x0000000000000000       0x1c
 .debug_macro   0x0000000000000000       0x1c ../../../drivers/bootloaders/src/common/boot_app_shared.c.o

.debug_macro    0x0000000000000000       0x16
 .debug_macro   0x0000000000000000       0x16 ../../../drivers/bootloaders/src/util/crc.c.o

.debug_macro    0x0000000000000000      0x10e
 .debug_macro   0x0000000000000000      0x10e ../../../drivers/bootloaders/src/util/crc.c.o

.debug_macro    0x0000000000000000       0x86
 .debug_macro   0x0000000000000000       0x86 ../../../drivers/bootloaders/src/util/crc.c.o

.debug_macro    0x0000000000000000       0x16
 .debug_macro   0x0000000000000000       0x16 ../../../drivers/bootloaders/src/util/crc.c.o

.debug_macro    0x0000000000000000       0x29
 .debug_macro   0x0000000000000000       0x29 ../../../drivers/bootloaders/src/util/crc.c.o
